10-12 11:36:29.693 W/ActivityManager(626): 	at com.android.server.am.ActivityManagerService.startService(ActivityManagerService.java:20548)
10-12 11:36:29.693 W/ActivityManager(626): 	at android.app.IActivityManager$Stub.onTransact$startService$(IActivityManager.java:10242)
10-12 11:36:29.693 W/ActivityManager(626): 	at android.app.IActivityManager$Stub.onTransact(IActivityManager.java:430)
10-12 11:36:29.693 W/ActivityManager(626): 	at com.android.server.am.ActivityManagerService.onTransact(ActivityManagerService.java:3377)
10-12 11:36:29.693 W/ActivityManager(626): 	at android.os.Binder.execTransact(Binder.java:731)
10-12 11:36:29.741 W/ActivityManager(626): Failed delivering service starts
10-12 11:36:29.741 W/ActivityManager(626): android.os.DeadObjectException: Transaction failed on small parcel; remote process probably died
10-12 11:36:29.741 W/ActivityManager(626): 	at android.os.BinderProxy.transactNative(Native Method)
10-12 11:36:29.741 W/ActivityManager(626): 	at android.os.BinderProxy.transact(Binder.java:1129)
10-12 11:36:29.741 W/ActivityManager(626): 	at android.app.IApplicationThread$Stub$Proxy.scheduleServiceArgs(IApplicationThread.java:1038)
10-12 11:36:29.741 W/ActivityManager(626): 	at com.android.server.am.ActiveServices.sendServiceArgsLocked(ActiveServices.java:2662)
10-12 11:36:29.741 W/ActivityManager(626): 	at com.android.server.am.ActiveServices.bringUpServiceLocked(ActiveServices.java:2360)
10-12 11:36:29.741 W/ActivityManager(626): 	at com.android.server.am.ActiveServices.startServiceInnerLocked(ActiveServices.java:674)
10-12 11:36:29.741 W/ActivityManager(626): 	at com.android.server.am.ActiveServices.startServiceLocked(ActiveServices.java:616)
10-12 11:36:29.741 W/ActivityManager(626): 	at com.android.server.am.ActivityManagerService.startService(ActivityManagerService.java:20548)
10-12 11:36:29.741 W/ActivityManager(626): 	at android.app.IActivityManager$Stub.onTransact$startService$(IActivityManager.java:10242)
10-12 11:36:29.741 W/ActivityManager(626): 	at android.app.IActivityManager$Stub.onTransact(IActivityManager.java:430)
10-12 11:36:29.741 W/ActivityManager(626): 	at com.android.server.am.ActivityManagerService.onTransact(ActivityManagerService.java:3377)
10-12 11:36:29.741 W/ActivityManager(626): 	at android.os.Binder.execTransact(Binder.java:731)
10-12 11:36:29.771 W/ActivityManager(626): Failed delivering service starts
10-12 11:36:29.771 W/ActivityManager(626): android.os.DeadObjectException: Transaction failed on small parcel; remote process probably died
10-12 11:36:29.771 W/ActivityManager(626): 	at android.os.BinderProxy.transactNative(Native Method)
10-12 11:36:29.771 W/ActivityManager(626): 	at android.os.BinderProxy.transact(Binder.java:1129)
10-12 11:36:29.771 W/ActivityManager(626): 	at android.app.IApplicationThread$Stub$Proxy.scheduleServiceArgs(IApplicationThread.java:1038)
10-12 11:36:29.771 W/ActivityManager(626): 	at com.android.server.am.ActiveServices.sendServiceArgsLocked(ActiveServices.java:2662)
10-12 11:36:29.771 W/ActivityManager(626): 	at com.android.server.am.ActiveServices.bringUpServiceLocked(ActiveServices.java:2360)
10-12 11:36:29.771 W/ActivityManager(626): 	at com.android.server.am.ActiveServices.startServiceInnerLocked(ActiveServices.java:674)
10-12 11:36:29.771 W/ActivityManager(626): 	at com.android.server.am.ActiveServices.startServiceLocked(ActiveServices.java:616)
10-12 11:36:29.771 W/ActivityManager(626): 	at com.android.server.am.ActivityManagerService.startService(ActivityManagerService.java:20548)
10-12 11:36:29.771 W/ActivityManager(626): 	at android.app.IActivityManager$Stub.onTransact$startService$(IActivityManager.java:10242)
10-12 11:36:29.771 W/ActivityManager(626): 	at android.app.IActivityManager$Stub.onTransact(IActivityManager.java:430)
10-12 11:36:29.771 W/ActivityManager(626): 	at com.android.server.am.ActivityManagerService.onTransact(ActivityManagerService.java:3377)
10-12 11:36:29.771 W/ActivityManager(626): 	at android.os.Binder.execTransact(Binder.java:731)
10-12 11:36:29.821 W/ActivityManager(626): Failed delivering service starts
10-12 11:36:29.821 W/ActivityManager(626): android.os.DeadObjectException: Transaction failed on small parcel; remote process probably died
10-12 11:36:29.821 W/ActivityManager(626): 	at android.os.BinderProxy.transactNative(Native Method)
10-12 11:36:29.821 W/ActivityManager(626): 	at android.os.BinderProxy.transact(Binder.java:1129)
10-12 11:36:29.821 W/ActivityManager(626): 	at android.app.IApplicationThread$Stub$Proxy.scheduleServiceArgs(IApplicationThread.java:1038)
10-12 11:36:29.821 W/ActivityManager(626): 	at com.android.server.am.ActiveServices.sendServiceArgsLocked(ActiveServices.java:2662)
10-12 11:36:29.821 W/ActivityManager(626): 	at com.android.server.am.ActiveServices.bringUpServiceLocked(ActiveServices.java:2360)
10-12 11:36:29.821 W/ActivityManager(626): 	at com.android.server.am.ActiveServices.startServiceInnerLocked(ActiveServices.java:674)
10-12 11:36:29.821 W/ActivityManager(626): 	at com.android.server.am.ActiveServices.startServiceLocked(ActiveServices.java:616)
10-12 11:36:29.821 W/ActivityManager(626): 	at com.android.server.am.ActivityManagerService.startService(ActivityManagerService.java:20548)
10-12 11:36:29.821 W/ActivityManager(626): 	at android.app.IActivityManager$Stub.onTransact$startService$(IActivityManager.java:10242)
10-12 11:36:29.821 W/ActivityManager(626): 	at android.app.IActivityManager$Stub.onTransact(IActivityManager.java:430)
10-12 11:36:29.821 W/ActivityManager(626): 	at com.android.server.am.ActivityManagerService.onTransact(ActivityManagerService.java:3377)
10-12 11:36:29.821 W/ActivityManager(626): 	at android.os.Binder.execTransact(Binder.java:731)
10-12 11:36:29.876 W/ActivityManager(626): Failed delivering service starts
10-12 11:36:29.876 W/ActivityManager(626): android.os.DeadObjectException: Transaction failed on small parcel; remote process probably died
10-12 11:36:29.876 W/ActivityManager(626): 	at android.os.BinderProxy.transactNative(Native Method)
10-12 11:36:29.876 W/ActivityManager(626): 	at android.os.BinderProxy.transact(Binder.java:1129)
10-12 11:36:29.876 W/ActivityManager(626): 	at android.app.IApplicationThread$Stub$Proxy.scheduleServiceArgs(IApplicationThread.java:1038)
10-12 11:36:29.876 W/ActivityManager(626): 	at com.android.server.am.ActiveServices.sendServiceArgsLocked(ActiveServices.java:2662)
10-12 11:36:29.876 W/ActivityManager(626): 	at com.android.server.am.ActiveServices.bringUpServiceLocked(ActiveServices.java:2360)
10-12 11:36:29.876 W/ActivityManager(626): 	at com.android.server.am.ActiveServices.startServiceInnerLocked(ActiveServices.java:674)
10-12 11:36:29.876 W/ActivityManager(626): 	at com.android.server.am.ActiveServices.startServiceLocked(ActiveServices.java:616)
10-12 11:36:29.876 W/ActivityManager(626): 	at com.android.server.am.ActivityManagerService.startService(ActivityManagerService.java:20548)
10-12 11:36:29.876 W/ActivityManager(626): 	at android.app.IActivityManager$Stub.onTransact$startService$(IActivityManager.java:10242)
10-12 11:36:29.876 W/ActivityManager(626): 	at android.app.IActivityManager$Stub.onTransact(IActivityManager.java:430)
10-12 11:36:29.876 W/ActivityManager(626): 	at com.android.server.am.ActivityManagerService.onTransact(ActivityManagerService.java:3377)
10-12 11:36:29.876 W/ActivityManager(626): 	at android.os.Binder.execTransact(Binder.java:731)
10-12 11:36:29.930 W/ActivityManager(626): Failed delivering service starts
10-12 11:36:29.930 W/ActivityManager(626): android.os.DeadObjectException: Transaction failed on small parcel; remote process probably died
10-12 11:36:29.930 W/ActivityManager(626): 	at android.os.BinderProxy.transactNative(Native Method)
10-12 11:36:29.930 W/ActivityManager(626): 	at android.os.BinderProxy.transact(Binder.java:1129)
10-12 11:36:29.930 W/ActivityManager(626): 	at android.app.IApplicationThread$Stub$Proxy.scheduleServiceArgs(IApplicationThread.java:1038)
10-12 11:36:29.930 W/ActivityManager(626): 	at com.android.server.am.ActiveServices.sendServiceArgsLocked(ActiveServices.java:2662)
10-12 11:36:29.930 W/ActivityManager(626): 	at com.android.server.am.ActiveServices.bringUpServiceLocked(ActiveServices.java:2360)
10-12 11:36:29.930 W/ActivityManager(626): 	at com.android.server.am.ActiveServices.startServiceInnerLocked(ActiveServices.java:674)
10-12 11:36:29.930 W/ActivityManager(626): 	at com.android.server.am.ActiveServices.startServiceLocked(ActiveServices.java:616)
10-12 11:36:29.930 W/ActivityManager(626): 	at com.android.server.am.ActivityManagerService.startService(ActivityManagerService.java:20548)
10-12 11:36:29.930 W/ActivityManager(626): 	at android.app.IActivityManager$Stub.onTransact$startService$(IActivityManager.java:10242)
10-12 11:36:29.930 W/ActivityManager(626): 	at android.app.IActivityManager$Stub.onTransact(IActivityManager.java:430)
10-12 11:36:29.930 W/ActivityManager(626): 	at com.android.server.am.ActivityManagerService.onTransact(ActivityManagerService.java:3377)
10-12 11:36:29.930 W/ActivityManager(626): 	at android.os.Binder.execTransact(Binder.java:731)
10-12 11:36:29.993 W/ActivityManager(626): Failed delivering service starts
10-12 11:36:29.993 W/ActivityManager(626): android.os.DeadObjectException: Transaction failed on small parcel; remote process probably died
10-12 11:36:29.993 W/ActivityManager(626): 	at android.os.BinderProxy.transactNative(Native Method)
10-12 11:36:29.993 W/ActivityManager(626): 	at android.os.BinderProxy.transact(Binder.java:1129)
10-12 11:36:29.993 W/ActivityManager(626): 	at android.app.IApplicationThread$Stub$Proxy.scheduleServiceArgs(IApplicationThread.java:1038)
10-12 11:36:29.993 W/ActivityManager(626): 	at com.android.server.am.ActiveServices.sendServiceArgsLocked(ActiveServices.java:2662)
10-12 11:36:29.993 W/ActivityManager(626): 	at com.android.server.am.ActiveServices.bringUpServiceLocked(ActiveServices.java:2360)
10-12 11:36:29.993 W/ActivityManager(626): 	at com.android.server.am.ActiveServices.startServiceInnerLocked(ActiveServices.java:674)
10-12 11:36:29.993 W/ActivityManager(626): 	at com.android.server.am.ActiveServices.startServiceLocked(ActiveServices.java:616)
10-12 11:36:29.993 W/ActivityManager(626): 	at com.android.server.am.ActivityManagerService.startService(ActivityManagerService.java:20548)
10-12 11:36:29.993 W/ActivityManager(626): 	at android.app.IActivityManager$Stub.onTransact$startService$(IActivityManager.java:10242)
10-12 11:36:29.993 W/ActivityManager(626): 	at android.app.IActivityManager$Stub.onTransact(IActivityManager.java:430)
10-12 11:36:29.993 W/ActivityManager(626): 	at com.android.server.am.ActivityManagerService.onTransact(ActivityManagerService.java:3377)
10-12 11:36:29.993 W/ActivityManager(626): 	at android.os.Binder.execTransact(Binder.java:731)
10-12 11:36:30.025 W/ActivityManager(626): Scheduling restart of crashed service com.google.android.gms/.chimera.GmsBoundBrokerService in 10049ms
10-12 11:36:30.026 W/ActivityManager(626): Scheduling restart of crashed service com.google.android.gms/.chimera.GmsIntentOperationService in 32812ms
10-12 11:36:30.026 W/ActivityManager(626): Scheduling restart of crashed service com.google.android.gms/.backup.component.D2dTransportService in 20048ms
10-12 11:36:30.026 W/ActivityManager(626): Scheduling restart of crashed service com.google.android.gms/.measurement.service.MeasurementBrokerService in 42812ms
10-12 11:36:30.031 I/ActivityThread(1822): Removing dead content provider:android.content.ContentProviderProxy@b662958
10-12 11:36:30.037 I/ActivityThread(788): Removing dead content provider:android.content.ContentProviderProxy@975e108
10-12 11:36:30.090 I/ActivityManager(626): Start proc 2018:com.google.android.gms/u0a6 for content provider com.google.android.gms/.fonts.provider.FontsProvider
10-12 11:36:30.182 W/ActivityManager(626): Slow operation: 108ms so far, now at startProcess: returned from zygote!
10-12 11:36:30.182 W/ActivityManager(626): Slow operation: 108ms so far, now at startProcess: done updating battery stats
10-12 11:36:30.182 W/ActivityManager(626): Slow operation: 108ms so far, now at startProcess: building log message
10-12 11:36:30.182 I/ActivityManager(626): Start proc 2023:com.google.android.googlequicksearchbox:interactor/u0a25 for service com.google.android.googlequicksearchbox/com.google.android.voiceinteraction.GsaVoiceInteractionService
10-12 11:36:30.182 W/ActivityManager(626): Slow operation: 109ms so far, now at startProcess: starting to update pids map
10-12 11:36:30.182 W/ActivityManager(626): Slow operation: 109ms so far, now at startProcess: done updating pids map
10-12 11:36:30.243 I/ActivityManager(626): Process com.google.android.apps.cloudprint:sync (pid 1433) has died: cch+6CEM 
10-12 11:36:31.417 V/SettingsProvider(626): Notifying for 0: content://settings/system/screen_brightness
10-12 11:36:31.464 I/ActivityManager(626): Process com.google.android.ext.services (pid 1536) has died: cch+4CEM 
10-12 11:36:32.324 I/ActivityManager(626): START u0 {cmp=com.speedsoftware.rootexplorer/.OpStatusActivity (has extras)} from uid 10119
10-12 11:36:35.525 I/ActivityManager(626): Start proc 2087:com.google.android.apps.translate/u0a116 for broadcast com.google.android.apps.translate/.StorageReceiver
10-12 11:36:40.034 D/ConnectivityService(626): requestNetwork for uid/pid:10025/1502 NetworkRequest [ TRACK_DEFAULT id=13, [ Capabilities: INTERNET&NOT_RESTRICTED&TRUSTED Unwanted:  Uid: 10025] ]
10-12 11:36:40.223 I/ActivityManager(626): Killing 788:com.google.android.inputmethod.latin/u0a108 (adj 200): depends on provider com.google.android.gms/.fonts.provider.FontsProvider in dying proc com.google.android.gms (adj 0)
10-12 11:36:40.224 E/ActivityManager(626): Timeout waiting for provider com.google.android.gms/10006 for provider com.google.android.gms.fonts providerRunning=false
10-12 11:36:40.225 E/ActivityManager(626): Timeout waiting for provider com.google.android.gms/10006 for provider com.google.android.gms.fonts providerRunning=false
10-12 11:36:40.226 I/ActivityManager(626): Killing 1822:com.google.android.deskclock/u0a87 (adj 902): depends on provider com.google.android.gms/.fonts.provider.FontsProvider in dying proc com.google.android.gms (adj 0)
10-12 11:36:40.230 I/ActivityManager(626): Killing 2018:com.google.android.gms/u0a6 (adj 0): timeout publishing content providers
10-12 11:36:40.241 W/ActivityManager(626): Scheduling restart of crashed service com.google.android.gms/.chimera.GmsBoundBrokerService in 40196ms
10-12 11:36:40.243 W/ActivityManager(626): Scheduling restart of crashed service com.google.android.gms/.chimera.GmsIntentOperationService in 20006ms
10-12 11:36:40.244 W/ActivityManager(626): Scheduling restart of crashed service com.google.android.gms/.backup.component.D2dTransportService in 80192ms
10-12 11:36:40.244 W/ActivityManager(626): Scheduling restart of crashed service com.google.android.gms/.measurement.service.MeasurementBrokerService in 171248ms
10-12 11:36:40.301 D/ConnectivityService(626): ConnectivityService NetworkRequestInfo binderDied(NetworkRequest [ TRACK_DEFAULT id=9, [ Capabilities: INTERNET&NOT_RESTRICTED&TRUSTED Unwanted:  Uid: 10108] ], android.os.BinderProxy@a4ee7e7)
10-12 11:36:40.303 D/ConnectivityService(626): releasing NetworkRequest [ TRACK_DEFAULT id=9, [ Capabilities: INTERNET&NOT_RESTRICTED&TRUSTED Unwanted:  Uid: 10108] ] (release request)
10-12 11:36:40.305 W/ActivityManager(626): Scheduling restart of crashed service com.google.android.inputmethod.latin/com.android.inputmethod.latin.LatinIME in 1000ms
10-12 11:36:40.315 W/InputMethodManagerService(626): Session failed to close due to remote exception
10-12 11:36:40.315 W/InputMethodManagerService(626): android.os.DeadObjectException
10-12 11:36:40.315 W/InputMethodManagerService(626): 	at android.os.BinderProxy.transactNative(Native Method)
10-12 11:36:40.315 W/InputMethodManagerService(626): 	at android.os.BinderProxy.transact(Binder.java:1129)
10-12 11:36:40.315 W/InputMethodManagerService(626): 	at com.android.internal.view.IInputMethodSession$Stub$Proxy.finishSession(IInputMethodSession.java:309)
10-12 11:36:40.315 W/InputMethodManagerService(626): 	at com.android.server.InputMethodManagerService.finishSessionLocked(InputMethodManagerService.java:2162)
10-12 11:36:40.315 W/InputMethodManagerService(626): 	at com.android.server.InputMethodManagerService.clearClientSessionLocked(InputMethodManagerService.java:2153)
10-12 11:36:40.315 W/InputMethodManagerService(626): 	at com.android.server.InputMethodManagerService.clearCurMethodLocked(InputMethodManagerService.java:2179)
10-12 11:36:40.315 W/InputMethodManagerService(626): 	at com.android.server.InputMethodManagerService.onServiceDisconnected(InputMethodManagerService.java:2206)
10-12 11:36:40.315 W/InputMethodManagerService(626): 	at android.app.LoadedApk$ServiceDispatcher.doDeath(LoadedApk.java:1749)
10-12 11:36:40.315 W/InputMethodManagerService(626): 	at android.app.LoadedApk$ServiceDispatcher$RunConnection.run(LoadedApk.java:1764)
10-12 11:36:40.315 W/InputMethodManagerService(626): 	at android.os.Handler.handleCallback(Handler.java:873)
10-12 11:36:40.315 W/InputMethodManagerService(626): 	at android.os.Handler.dispatchMessage(Handler.java:99)
10-12 11:36:40.315 W/InputMethodManagerService(626): 	at android.os.Looper.loop(Looper.java:193)
10-12 11:36:40.315 W/InputMethodManagerService(626): 	at com.android.server.SystemServer.run(SystemServer.java:480)
10-12 11:36:40.315 W/InputMethodManagerService(626): 	at com.android.server.SystemServer.main(SystemServer.java:302)
10-12 11:36:40.315 W/InputMethodManagerService(626): 	at java.lang.reflect.Method.invoke(Native Method)
10-12 11:36:40.315 W/InputMethodManagerService(626): 	at com.android.internal.os.RuntimeInit$MethodAndArgsCaller.run(RuntimeInit.java:493)
10-12 11:36:40.315 W/InputMethodManagerService(626): 	at com.android.internal.os.ZygoteInit.main(ZygoteInit.java:838)
10-12 11:36:40.317 W/InputMethodManagerService(626): Session failed to close due to remote exception
10-12 11:36:40.317 W/InputMethodManagerService(626): android.os.DeadObjectException
10-12 11:36:40.317 W/InputMethodManagerService(626): 	at android.os.BinderProxy.transactNative(Native Method)
10-12 11:36:40.317 W/InputMethodManagerService(626): 	at android.os.BinderProxy.transact(Binder.java:1129)
10-12 11:36:40.317 W/InputMethodManagerService(626): 	at com.android.internal.view.IInputMethodSession$Stub$Proxy.finishSession(IInputMethodSession.java:309)
10-12 11:36:40.317 W/InputMethodManagerService(626): 	at com.android.server.InputMethodManagerService.finishSessionLocked(InputMethodManagerService.java:2162)
10-12 11:36:40.317 W/InputMethodManagerService(626): 	at com.android.server.InputMethodManagerService.clearClientSessionLocked(InputMethodManagerService.java:2153)
10-12 11:36:40.317 W/InputMethodManagerService(626): 	at com.android.server.InputMethodManagerService.clearCurMethodLocked(InputMethodManagerService.java:2179)
10-12 11:36:40.317 W/InputMethodManagerService(626): 	at com.android.server.InputMethodManagerService.onServiceDisconnected(InputMethodManagerService.java:2206)
10-12 11:36:40.317 W/InputMethodManagerService(626): 	at android.app.LoadedApk$ServiceDispatcher.doDeath(LoadedApk.java:1749)
10-12 11:36:40.317 W/InputMethodManagerService(626): 	at android.app.LoadedApk$ServiceDispatcher$RunConnection.run(LoadedApk.java:1764)
10-12 11:36:40.317 W/InputMethodManagerService(626): 	at android.os.Handler.handleCallback(Handler.java:873)
10-12 11:36:40.317 W/InputMethodManagerService(626): 	at android.os.Handler.dispatchMessage(Handler.java:99)
10-12 11:36:40.317 W/InputMethodManagerService(626): 	at android.os.Looper.loop(Looper.java:193)
10-12 11:36:40.317 W/InputMethodManagerService(626): 	at com.android.server.SystemServer.run(SystemServer.java:480)
10-12 11:36:40.317 W/InputMethodManagerService(626): 	at com.android.server.SystemServer.main(SystemServer.java:302)
10-12 11:36:40.317 W/InputMethodManagerService(626): 	at java.lang.reflect.Method.invoke(Native Method)
10-12 11:36:40.317 W/InputMethodManagerService(626): 	at com.android.internal.os.RuntimeInit$MethodAndArgsCaller.run(RuntimeInit.java:493)
10-12 11:36:40.317 W/InputMethodManagerService(626): 	at com.android.internal.os.ZygoteInit.main(ZygoteInit.java:838)
10-12 11:36:40.336 I/ActivityManager(626): Start proc 2165:com.google.android.gms/u0a6 for service com.google.android.gms/.chimera.GmsIntentOperationService
10-12 11:36:40.464 W/ActivityManager(626): Scheduling restart of crashed service com.google.android.gms/.backup.component.D2dTransportService in 10842ms
10-12 11:36:40.464 W/ActivityManager(626): Scheduling restart of crashed service com.google.android.gms/.measurement.service.MeasurementBrokerService in 20842ms
10-12 11:36:41.015 W/KernelCpuProcReader(626): File not exist: /proc/uid_cpupower/concurrent_active_time
10-12 11:36:41.016 W/KernelCpuProcReader(626): File not exist: /proc/uid_cpupower/concurrent_policy_time
10-12 11:36:41.306 W/ActivityManager(626): Scheduling restart of crashed service com.google.android.inputmethod.latin/com.android.inputmethod.latin.LatinIME in 30000ms
10-12 11:36:43.991 W/ActivityManager(626): Slow operation: 83ms so far, now at startProcess: returned from zygote!
10-12 11:36:43.991 W/ActivityManager(626): Slow operation: 83ms so far, now at startProcess: done updating battery stats
10-12 11:36:43.991 W/ActivityManager(626): Slow operation: 84ms so far, now at startProcess: building log message
10-12 11:36:43.992 I/ActivityManager(626): Start proc 2293:com.whatsapp/u0a145 for broadcast com.whatsapp/.ExternalMediaManager$ExternalMediaStateReceiver
10-12 11:36:43.992 W/ActivityManager(626): Slow operation: 84ms so far, now at startProcess: starting to update pids map
10-12 11:36:43.992 W/ActivityManager(626): Slow operation: 84ms so far, now at startProcess: done updating pids map
10-12 11:36:44.342 V/SettingsProvider(626): Notifying for 0: content://settings/system/screen_brightness
10-12 11:36:44.351 V/SettingsProvider(626): Notifying for 0: content://settings/system/screen_brightness
10-12 11:36:44.352 V/SettingsProvider(626): Notifying for 0: content://settings/system/screen_auto_brightness_adj
--------- beginning of main
10-12 11:36:45.312 I/rmt_storage(326): rmt_storage_client_thread: /boot/modem_fs1: clnt_h=0x1: req_h=0xb msg_id=3: Bytes written = 1572864
10-12 11:36:45.315 I/rmt_storage(326): rmt_storage_client_thread: /boot/modem_fs1: clnt_h=0x1: req_h=0xb msg_id=3: Send response: res=0 err=0
10-12 11:36:45.315 I/rmt_storage(326): rmt_storage_client_thread: /boot/modem_fs1: clnt_h=0x1 About to block rmt_storage client thread (th_id: -1470854800) wakelock released: 1, error no: 0
10-12 11:36:45.315 I/rmt_storage(326): 
10-12 11:36:45.317 I/rmt_storage(326): rmt_storage_disconnect_cb: clnt_h=0x0x6 conn_h=0x0xa858c050
10-12 11:36:45.378 D/ActivityThread(2293): Loading provider com.whatsapp.provider.contact: com.whatsapp.contact.ContactProvider
10-12 11:36:45.467 W/.apps.translat(2087): Verification of android.graphics.Typeface ep.a(android.content.Context, android.content.res.Resources, android.util.TypedValue, int, int, kn, boolean) took 141.700ms
10-12 11:36:45.489 E/GTR_LanguagesFactory(2087): Could not initialize Languages
10-12 11:36:45.489 E/GTR_LanguagesFactory(2087): retrofit.RetrofitError: Failed to connect to /216.58.205.78:443
10-12 11:36:45.489 E/GTR_LanguagesFactory(2087): 	at retrofit.RestAdapter$RestHandler.invokeRequest(PG:78)
10-12 11:36:45.489 E/GTR_LanguagesFactory(2087): 	at retrofit.RestAdapter$RestHandler.access$100(PG:93)
10-12 11:36:45.489 E/GTR_LanguagesFactory(2087): 	at retrofit.RestAdapter$RestHandler$1.invoke(PG:2)
10-12 11:36:45.489 E/GTR_LanguagesFactory(2087): 	at retrofit.RxSupport$2.run(PG:3)
10-12 11:36:45.489 E/GTR_LanguagesFactory(2087): 	at java.util.concurrent.Executors$RunnableAdapter.call(Executors.java:458)
10-12 11:36:45.489 E/GTR_LanguagesFactory(2087): 	at java.util.concurrent.FutureTask.run(FutureTask.java:266)
10-12 11:36:45.489 E/GTR_LanguagesFactory(2087): 	at gyp.execute(PG:3)
10-12 11:36:45.489 E/GTR_LanguagesFactory(2087): 	at retrofit.RxSupport$1.call(PG:7)
10-12 11:36:45.489 E/GTR_LanguagesFactory(2087): 	at retrofit.RxSupport$1.call(PG:8)
10-12 11:36:45.489 E/GTR_LanguagesFactory(2087): 	at kru.a(PG:89)
10-12 11:36:45.489 E/GTR_LanguagesFactory(2087): 	at kuy.call(PG:19)
10-12 11:36:45.489 E/GTR_LanguagesFactory(2087): 	at kru.a(PG:89)
10-12 11:36:45.489 E/GTR_LanguagesFactory(2087): 	at kvc.call(PG:6)
10-12 11:36:45.489 E/GTR_LanguagesFactory(2087): 	at ksd.a(PG:10)
10-12 11:36:45.489 E/GTR_LanguagesFactory(2087): 	at kxs.call(PG:7)
10-12 11:36:45.489 E/GTR_LanguagesFactory(2087): 	at ksd.a(PG:10)
10-12 11:36:45.489 E/GTR_LanguagesFactory(2087): 	at ksj.call(PG:5)
10-12 11:36:45.489 E/GTR_LanguagesFactory(2087): 	at ksd.a(PG:10)
10-12 11:36:45.489 E/GTR_LanguagesFactory(2087): 	at kxu.call(PG:8)
10-12 11:36:45.489 E/GTR_LanguagesFactory(2087): 	at ksd.a(PG:10)
10-12 11:36:45.489 E/GTR_LanguagesFactory(2087): 	at gkn.a(PG:49)
10-12 11:36:45.489 E/GTR_LanguagesFactory(2087): 	at bpi.a(Unknown Source:1)
10-12 11:36:45.489 E/GTR_LanguagesFactory(2087): 	at krr.call(PG:5)
10-12 11:36:45.489 E/GTR_LanguagesFactory(2087): 	at krb.a(PG:27)
10-12 11:36:45.489 E/GTR_LanguagesFactory(2087): 	at krp.a(PG:2)
10-12 11:36:45.489 E/GTR_LanguagesFactory(2087): 	at kyl.a(PG:3)
10-12 11:36:45.489 E/GTR_LanguagesFactory(2087): 	at kzf.run(PG:11)
10-12 11:36:45.489 E/GTR_LanguagesFactory(2087): 	at java.util.concurrent.Executors$RunnableAdapter.call(Executors.java:458)
10-12 11:36:45.489 E/GTR_LanguagesFactory(2087): 	at java.util.concurrent.FutureTask.run(FutureTask.java:266)
10-12 11:36:45.489 E/GTR_LanguagesFactory(2087): 	at java.util.concurrent.ScheduledThreadPoolExecutor$ScheduledFutureTask.run(ScheduledThreadPoolExecutor.java:301)
10-12 11:36:45.489 E/GTR_LanguagesFactory(2087): 	at java.util.concurrent.ThreadPoolExecutor.runWorker(ThreadPoolExecutor.java:1167)
10-12 11:36:45.489 E/GTR_LanguagesFactory(2087): 	at java.util.concurrent.ThreadPoolExecutor$Worker.run(ThreadPoolExecutor.java:641)
10-12 11:36:45.489 E/GTR_LanguagesFactory(2087): 	at java.lang.Thread.run(Thread.java:764)
10-12 11:36:45.489 E/GTR_LanguagesFactory(2087): Caused by: java.net.ConnectException: Failed to connect to /216.58.205.78:443
10-12 11:36:45.489 E/GTR_LanguagesFactory(2087): 	at jim.a(PG:38)
10-12 11:36:45.489 E/GTR_LanguagesFactory(2087): 	at retrofit.client.OkClient.execute(PG:376)
10-12 11:36:45.489 E/GTR_LanguagesFactory(2087): 	at gyq.execute(PG:7)
10-12 11:36:45.489 E/GTR_LanguagesFactory(2087): 	at retrofit.RestAdapter$RestHandler.invokeRequest(PG:41)
10-12 11:36:45.489 E/GTR_LanguagesFactory(2087): 	... 32 more
10-12 11:36:45.514 V/chatty  (1914): uid=10106(com.google.android.apps.photos) Primes-init-1 expire 5 lines
10-12 11:36:45.640 I/d.process.medi(1692): Background concurrent copying GC freed 24278(2MB) AllocSpace objects, 4(80KB) LOS objects, 52% free, 1414KB/2MB, paused 28.327ms total 373.422ms
10-12 11:36:45.659 W/.apps.translat(2087): Verification of void gab.run() took 1.914s
10-12 11:36:45.662 W/PrimesInit(2087): Primes instant initialization
10-12 11:36:45.669 W/.apps.translat(2087): Verification of void gto.a() took 113.696ms
10-12 11:36:45.830 W/Primes  (2087): background initialization
10-12 11:36:45.864 D/FirebaseApp(2293): com.google.firebase.auth.FirebaseAuth is not linked. Skipping initialization.
10-12 11:36:45.868 D/FirebaseApp(2293): com.google.firebase.crash.FirebaseCrash is not linked. Skipping initialization.
10-12 11:36:45.871 D/FirebaseApp(2293): com.google.android.gms.measurement.AppMeasurement is not linked. Skipping initialization.
10-12 11:36:45.871 I/FirebaseInitProvider(2293): FirebaseApp initialization successful
10-12 11:36:46.079 D/StatusBar(796): disable<e i a s b h r c s > disable2<q i n >
10-12 11:36:46.188 D/StatusBar(796): disable<e i a s b h r c s > disable2<q i n >
10-12 11:36:46.232 W/Adreno-EGL(796): <qeglDrvAPI_eglGetConfigAttrib:607>: EGL_BAD_ATTRIBUTE
10-12 11:36:46.233 D/vndksupport(796): Loading /vendor/lib/hw/gralloc.msm8226.so from current namespace instead of sphal namespace.
10-12 11:36:46.242 I/ActivityManager(626): Start proc 2406:com.google.android.inputmethod.latin/u0a108 for service com.google.android.inputmethod.latin/com.android.inputmethod.latin.LatinIME
10-12 11:36:46.247 I/Zygote  (2406): seccomp disabled by setenforce 0
10-12 11:36:46.426 D/Event   (2293): No subscribers registered for event class X.1Fk
10-12 11:36:46.426 D/Event   (2293): No subscribers registered for event class X.1Sd
10-12 11:36:46.753 V/chatty  (1914): uid=10106(com.google.android.apps.photos) HeapTaskDaemon expire 1 line
10-12 11:36:46.754 V/chatty  (1914): uid=10106(com.google.android.apps.photos) ptz-ui-2 expire 11 lines
10-12 11:36:46.841 W/.apps.translat(2087): Verification of void gfd.<clinit>() took 111.095ms
10-12 11:36:47.013 W/.apps.translat(2087): Verification of void gfd.a(kgs) took 141.279ms
10-12 11:36:47.224 W/.apps.translat(2087): Long monitor contention with owner RxIoScheduler-6 (2148) at void java.lang.Object.wait()(Object.java:-2) waiters=0 in void god.b() for 3.300s
10-12 11:36:47.224 V/chatty  (1991): uid=10006 com.google.android.gms:car expire 2 lines
10-12 11:36:47.248 V/chatty  (1914): uid=10106(com.google.android.apps.photos) ptz-ui-1 expire 9 lines
10-12 11:36:47.304 V/chatty  (1914): uid=10106(com.google.android.apps.photos) Primes-init-1 expire 12 lines
10-12 11:36:47.320 I/PrimesTesting(2087): GserviceFlagsSupplier.get()
10-12 11:36:47.516 W/.apps.translat(2087): Long monitor contention with owner main (2087) at void god.b()(PG:-1) waiters=0 in void gmr.h() for 1.112s
10-12 11:36:47.859 W/.apps.translat(2087): Long monitor contention with owner RxIoScheduler-8 (2400) at java.lang.Object java.util.HashMap.get(java.lang.Object)(HashMap.java:556) waiters=0 in java.util.List god.c() for 282ms
10-12 11:36:48.493 W/.apps.translat(2087): Verification of java.lang.Object fyl.a() took 111.521ms
10-12 11:36:48.852 W/.apps.translat(2087): Verification of fzn fzn.a(gfa, android.app.Application, gcc, gcc, android.content.SharedPreferences, hnp) took 115.811ms
10-12 11:36:48.993 W/.apps.translat(2087): Verification of void fxn.<init>(gfa, android.app.Application, gcc, gcc, android.content.SharedPreferences, gck) took 113.842ms
10-12 11:36:49.185 D/DhcpClient(626): Broadcasting DHCPDISCOVER
10-12 11:36:49.185 W/ActivityManager(626): Slow operation: 60ms so far, now at startProcess: returned from zygote!
10-12 11:36:49.185 W/ActivityManager(626): Slow operation: 60ms so far, now at startProcess: done updating battery stats
10-12 11:36:49.185 W/ActivityManager(626): Slow operation: 60ms so far, now at startProcess: building log message
10-12 11:36:49.185 I/ActivityManager(626): Start proc 2477:org.lineageos.eleven/u0a3 for broadcast org.lineageos.eleven/.appwidgets.AppWidgetLarge
10-12 11:36:49.185 W/ActivityManager(626): Slow operation: 61ms so far, now at startProcess: starting to update pids map
10-12 11:36:49.185 W/ActivityManager(626): Slow operation: 61ms so far, now at startProcess: done updating pids map
10-12 11:36:49.189 I/Zygote  (2477): seccomp disabled by setenforce 0
10-12 11:36:49.361 I/ineageos.eleve(2477): The ClassLoaderContext is a special shared library.
10-12 11:36:49.457 W/.apps.translat(2087): Verification of void fxn.a(gcz, gcz) took 462.401ms
10-12 11:36:49.497 I/com.whatsapp(2293): Waiting for a blocking GC ProfileSaver
10-12 11:36:49.517 I/Zygote  (2493): seccomp disabled by setenforce 0
10-12 11:36:49.520 I/ActivityManager(626): Start proc 2493:org.lineageos.lineageparts/1000 for broadcast org.lineageos.lineageparts/.BootReceiver
10-12 11:36:49.580 V/chatty  (1130): uid=10006(com.google.android.gms) GoogleLocationS expire 1 line
10-12 11:36:49.648 I/com.whatsapp(2293): WaitForGcToComplete blocked ProfileSaver on AddRemoveAppImageSpace for 151.435ms
10-12 11:36:49.720 I/os.lineagepart(2493): The ClassLoaderContext is a special shared library.
10-12 11:36:49.733 I/os.lineagepart(2493): The ClassLoaderContext is a special shared library.
10-12 11:36:49.773 W/.apps.translat(2087): Verification of void gbu.b(android.app.Activity) took 179.896ms
10-12 11:36:49.938 W/hwservicemanager(287): getTransport: Cannot find entry vendor.lineage.touch@1.0::ITouchscreenGesture/default in either framework or device manifest.
10-12 11:36:50.116 I/Thread-15(2514): type=1400 audit(0.0:176): avc: denied { unlink } for name="log" dev="mmcblk0p24" ino=29378 scontext=u:r:system_server:s0 tcontext=u:object_r:unlabeled:s0 tclass=file permissive=1
10-12 11:36:50.116 W/Thread-15(2514): type=1300 audit(0.0:176): arch=40000028 syscall=328 per=800008 success=yes exit=0 a0=ffffff9c a1=a05c6b60 a2=0 a3=0 items=2 ppid=307 ppcomm=main auid=4294967295 uid=1000 gid=1000 euid=1000 suid=1000 fsuid=1000 egid=1000 sgid=1000 fsgid=1000 tty=(none) ses=4294967295 exe="/system/bin/app_process32" subj=u:r:system_server:s0 key=(null)
10-12 11:36:50.116 W/auditd  (296): type=1307 audit(0.0:176): cwd="/"
10-12 11:36:50.116 W/auditd  (296): type=1302 audit(0.0:176): item=0 name="/cache/recovery/" inode=29377 dev=b3:18 mode=040770 ouid=1000 ogid=2001 rdev=00:00 obj=u:object_r:cache_recovery_file:s0
10-12 11:36:50.116 W/auditd  (296): type=1302 audit(0.0:176): item=1 name="/cache/recovery/log" inode=29378 dev=b3:18 mode=0100600 ouid=1000 ogid=1000 rdev=00:00 obj=u:object_r:unlabeled:s0
10-12 11:36:50.117 V/RecoverySystem(626): Failed to read lines in last_install
10-12 11:36:50.117 E/RecoverySystem(626): java.io.FileNotFoundException: /cache/recovery/last_install (No such file or directory)
10-12 11:36:50.117 E/RecoverySystem(626): 	at java.io.FileInputStream.open0(Native Method)
10-12 11:36:50.117 E/RecoverySystem(626): 	at java.io.FileInputStream.open(FileInputStream.java:231)
10-12 11:36:50.117 E/RecoverySystem(626): 	at java.io.FileInputStream.<init>(FileInputStream.java:165)
10-12 11:36:50.117 E/RecoverySystem(626): 	at java.io.FileReader.<init>(FileReader.java:72)
10-12 11:36:50.117 E/RecoverySystem(626): 	at android.os.RecoverySystem.parseLastInstallLog(RecoverySystem.java:942)
10-12 11:36:50.117 E/RecoverySystem(626): 	at android.os.RecoverySystem.handleAftermath(RecoverySystem.java:1066)
10-12 11:36:50.117 E/RecoverySystem(626): 	at com.android.server.BootReceiver.logBootEvents(BootReceiver.java:199)
10-12 11:36:50.117 E/RecoverySystem(626): 	at com.android.server.BootReceiver.access$000(BootReceiver.java:66)
10-12 11:36:50.117 E/RecoverySystem(626): 	at com.android.server.BootReceiver$1.run(BootReceiver.java:127)
10-12 11:36:50.122 I/RecoverySystem(626): Deleted: /cache/recovery/log
10-12 11:36:50.123 I/RecoverySystem(626): Deleted: /cache/recovery/.version
10-12 11:36:50.123 I/RecoverySystem(626): Deleted: /cache/recovery/recovery.fstab
10-12 11:36:50.124 I/RecoverySystem(626): Deleted: /cache/recovery/storage.fstab
10-12 11:36:50.126 I/RecoverySystem(626): Deleted: /cache/recovery/intent
10-12 11:36:50.205 I/BootReceiver(626): Copying /proc/last_kmsg to DropBox (SYSTEM_LAST_KMSG)
10-12 11:36:50.295 I/BootReceiver(626): Copying audit failures to DropBox
10-12 11:36:50.304 I/BootReceiver(626): Copied 0 worth of audits to DropBox
10-12 11:36:50.335 W/BootReceiver(626): boot_fs_shutdown, string not found
10-12 11:36:50.336 I/BootReceiver(626): Checking for fsck errors
10-12 11:36:50.343 I/BootReceiver(626): fs_stat, partition:system stat:0x3
10-12 11:36:50.344 I/BootReceiver(626): fs_stat, partition:userdata stat:0x3
10-12 11:36:50.344 I/BootReceiver(626): fs_stat, partition:cache stat:0x3
10-12 11:36:50.344 I/BootReceiver(626): fs_stat, partition:persist stat:0x3
10-12 11:36:50.345 I/BootReceiver(626): fs_stat, partition:efs stat:0x3
10-12 11:36:50.404 W/.apps.translat(2087): Verification of java.lang.Object kga.dynamicMethod(isn, java.lang.Object, java.lang.Object) took 110.207ms
10-12 11:36:50.752 V/chatty  (1130): uid=10006 com.google.android.gms.persistent expire 4 lines
10-12 11:36:50.890 W/.apps.translat(2087): Verification of void fyx.<init>(fza, android.app.Application, gcc) took 120.672ms
10-12 11:36:51.151 V/chatty  (2406): uid=10108(com.google.android.inputmethod.latin) expire 552 lines
10-12 11:36:51.270 D/ConnectivityService(626): requestNetwork for uid/pid:10108/2406 NetworkRequest [ TRACK_DEFAULT id=15, [ Capabilities: INTERNET&NOT_RESTRICTED&TRUSTED Unwanted:  Uid: 10108] ]
10-12 11:36:51.272 D/Ethernet(626): got request NetworkRequest [ TRACK_DEFAULT id=15, [ Capabilities: INTERNET&NOT_RESTRICTED&TRUSTED Unwanted:  Uid: 10108] ] with score 0
10-12 11:36:51.272 D/WIFI    (626): got request NetworkRequest [ TRACK_DEFAULT id=15, [ Capabilities: INTERNET&NOT_RESTRICTED&TRUSTED Unwanted:  Uid: 10108] ] with score 0
10-12 11:36:51.272 D/WIFI_UT (626): got request NetworkRequest [ TRACK_DEFAULT id=15, [ Capabilities: INTERNET&NOT_RESTRICTED&TRUSTED Unwanted:  Uid: 10108] ] with score 0
10-12 11:36:51.273 D/PhoneSwitcherNetworkRequstListener(1006): got request NetworkRequest [ TRACK_DEFAULT id=15, [ Capabilities: INTERNET&NOT_RESTRICTED&TRUSTED Unwanted:  Uid: 10108] ] with score 0
10-12 11:36:51.307 W/ActivityManager(626): Scheduling restart of crashed service com.google.android.gms/.backup.component.D2dTransportService in 1000ms
10-12 11:36:51.543 V/chatty  (1130): uid=10006(com.google.android.gms) lowpool[1] expire 11 lines
10-12 11:36:52.215 D/AlarmManagerService(626): Kernel timezone updated to -120 minutes west of GMT
10-12 11:36:52.239 D/ServiceStateProvider(1006): subId=-2
10-12 11:36:52.242 W/KeyguardUpdateMonitor(796): invalid subId in handleServiceStateChange()
10-12 11:36:52.307 W/ActivityManager(626): Scheduling restart of crashed service com.google.android.gms/.backup.component.D2dTransportService in 1000ms
10-12 11:36:52.388 V/chatty  (2406): uid=10108(com.google.android.inputmethod.latin) ExUtils-P11-1 expire 1 line
10-12 11:36:52.394 V/chatty  (2406): uid=10108(com.google.android.inputmethod.latin) ExUtils-F-P5-1 expire 4 lines
10-12 11:36:52.721 W/.apps.wellbein(1088): Verification of void gnm.a(gga, gmz) took 144.662ms
10-12 11:36:52.952 W/ActivityManager(626): Slow operation: 51ms so far, now at startProcess: returned from zygote!
10-12 11:36:52.952 W/ActivityManager(626): Slow operation: 52ms so far, now at startProcess: done updating battery stats
10-12 11:36:52.952 W/ActivityManager(626): Slow operation: 52ms so far, now at startProcess: building log message
10-12 11:36:52.952 I/ActivityManager(626): Start proc 2541:com.google.android.dialer/u0a23 for broadcast com.google.android.dialer/com.android.dialer.bootreceiver.DialerBootReceiver
10-12 11:36:52.953 W/ActivityManager(626): Slow operation: 52ms so far, now at startProcess: starting to update pids map
10-12 11:36:52.953 W/ActivityManager(626): Slow operation: 52ms so far, now at startProcess: done updating pids map
10-12 11:36:52.954 I/Zygote  (2541): seccomp disabled by setenforce 0
10-12 11:36:53.159 I/re.rootexplore(1644): Background concurrent copying GC freed 92509(2MB) AllocSpace objects, 5(244KB) LOS objects, 49% free, 3MB/6MB, paused 142us total 569.630ms
10-12 11:36:53.218 I/.android.diale(2541): The ClassLoaderContext is a special shared library.
10-12 11:36:53.307 W/ActivityManager(626): Scheduling restart of crashed service com.google.android.gms/.backup.component.D2dTransportService in 1000ms
10-12 11:36:53.355 V/chatty  (1130): uid=10006 com.google.android.gms.persistent expire 11 lines
10-12 11:36:53.486 V/chatty  (1914): uid=10106(com.google.android.apps.photos) ptz-ui-1 expire 4 lines
10-12 11:36:53.507 V/chatty  (1991): uid=10006 com.google.android.gms:car expire 4 lines
10-12 11:36:53.533 V/chatty  (1991): uid=10006 com.google.android.gms:car expire 2 lines
10-12 11:36:53.579 D/DhcpClient(626): doQuit
10-12 11:36:53.618 D/DhcpClient(626): onQuitting
10-12 11:36:53.618 D/DhcpClient(626): Receive thread stopped
10-12 11:36:53.622 I/EthernetTracker(626): interfaceLinkStateChanged, iface: wlan0, up: false
10-12 11:36:53.625 D/CommandListener(306): Clearing all IP addresses on wlan0
10-12 11:36:53.626 I/wpa_supplicant(891): wlan0: CTRL-EVENT-DISCONNECTED bssid=00:37:b7:26:22:ae reason=3 locally_generated=1
10-12 11:36:53.627 E/wpa_supplicant(891): nl80211: Failed to open /proc/sys/net/ipv4/conf/wlan0/drop_unicast_in_l2_multicast: No such file or directory
10-12 11:36:53.627 E/wpa_supplicant(891): nl80211: Failed to set IPv4 unicast in multicast filter
10-12 11:36:53.628 E/wpa_supplicant(891): nl80211: Failed to open /proc/sys/net/ipv4/conf/wlan0/drop_unicast_in_l2_multicast: No such file or directory
10-12 11:36:53.628 E/wpa_supplicant(891): nl80211: Failed to set IPv4 unicast in multicast filter
10-12 11:36:53.630 I/EthernetTracker(626): interfaceLinkStateChanged, iface: wlan0, up: false
10-12 11:36:53.633 W/LastMileLogger(626): Failed to stop event tracing: /sys/kernel/debug/tracing/instances/wifi/tracing_on (No such file or directory)
10-12 11:36:53.633 V/LastMileLogger(626): Failed to read event trace: /sys/kernel/debug/tracing/instances/wifi/trace: open failed: ENOENT (No such file or directory)
10-12 11:36:53.637 E/WifiHAL (321): Packet monitoring is not yet triggered
10-12 11:36:53.641 E/WifiVendorHal(626): getTxPktFates(l.2219) failed {.code = ERROR_NOT_AVAILABLE, .description = }
10-12 11:36:53.667 I/EthernetTracker(626): interfaceLinkStateChanged, iface: wlan0, up: false
10-12 11:36:53.670 E/WifiHAL (321): Packet monitoring is not yet triggered
10-12 11:36:53.682 E/WifiVendorHal(626): getRxPktFates(l.2261) failed {.code = ERROR_NOT_AVAILABLE, .description = }
10-12 11:36:53.685 E/WifiVendorHal(626): stopRssiMonitoring(l.2404) failed {.code = ERROR_NOT_AVAILABLE, .description = }
10-12 11:36:53.690 D/ConnectivityService(626): NetworkAgentInfo [WIFI () - 100] EVENT_NETWORK_INFO_CHANGED, going from CONNECTING to DISCONNECTED
10-12 11:36:53.691 D/ConnectivityService(626): NetworkAgentInfo [WIFI () - 100] got DISCONNECTED, was satisfying 0
10-12 11:36:53.693 W/BestClock(626): java.time.DateTimeException: Missing NTP fix
10-12 11:36:53.758 W/BestClock(626): java.time.DateTimeException: Missing NTP fix
10-12 11:36:53.768 W/BestClock(626): java.time.DateTimeException: Missing NTP fix
10-12 11:36:53.977 V/chatty  (1914): uid=10106(com.google.android.apps.photos) ptz-ui-2 expire 6 lines
10-12 11:36:54.051 I/wpa_supplicant(891): wlan0: CTRL-EVENT-REGDOM-CHANGE init=USER type=COUNTRY alpha2=IT
10-12 11:36:54.053 D/WifiCountryCode(626): Succeeded to set country code to: IT
10-12 11:36:54.053 D/WifiStateMachine(626): Start Disconnecting Watchdog 1
10-12 11:36:54.054 E/WifiVendorHal(626): stopRssiMonitoring(l.2404) failed {.code = ERROR_NOT_AVAILABLE, .description = }
10-12 11:36:54.059 I/WifiStateMachine(626): disconnectedstate enter
10-12 11:36:54.067 D/WifiNetworkAgent(626): NetworkAgent: NetworkAgent channel lost
10-12 11:36:54.067 W/wificond(385): Copy constructor is only used for unit tests
10-12 11:36:54.068 W/wificond(385): Failed to get NL80211_ATTR_EXT_FEATURES
10-12 11:36:54.069 W/wificond(385): Copy constructor is only used for unit tests
10-12 11:36:54.069 W/wificond(385): Failed to get NL80211_ATTR_EXT_FEATURES
10-12 11:36:54.070 W/wificond(385): Copy constructor is only used for unit tests
10-12 11:36:54.071 W/wificond(385): Failed to get NL80211_ATTR_EXT_FEATURES
10-12 11:36:54.080 E/WifiHAL (321): wifi_get_logger_supported_feature_set: Error -3 happened. 
10-12 11:36:54.085 E/WifiHAL (321): wifi_get_logger_supported_feature_set: Error -3 happened. 
10-12 11:36:54.130 V/BatteryExternalStatsWorker(626): no controller energy info supplied for wifi
10-12 11:36:54.184 V/SettingsProvider(626): Notifying for 0: content://settings/system/screen_brightness
10-12 11:36:54.308 W/ActivityManager(626): Scheduling restart of crashed service com.google.android.gms/.backup.component.D2dTransportService in 1000ms
10-12 11:36:54.361 D/LightsService(626): Excessive delay setting light
10-12 11:36:54.400 I/ineageos.eleve(2477): Waiting for a blocking GC ProfileSaver
10-12 11:36:54.427 D/LightsService(626): Excessive delay setting light
10-12 11:36:54.460 I/ineageos.eleve(2477): WaitForGcToComplete blocked ProfileSaver on HeapTrim for 59.466ms
10-12 11:36:54.506 I/sh      (1734): type=1400 audit(0.0:177): avc: denied { read } for name="/" dev="rootfs" ino=1 scontext=u:r:untrusted_app:s0:c119,c256,c512,c768 tcontext=u:object_r:rootfs:s0 tclass=dir permissive=1
10-12 11:36:54.506 W/sh      (1734): type=1300 audit(0.0:177): arch=40000028 syscall=334 per=800008 success=yes exit=0 a0=ffffff9c a1=b150c0cc a2=4 a3=0 items=1 ppid=1644 ppcomm=re.rootexplorer auid=4294967295 uid=10119 gid=10119 euid=10119 suid=10119 fsuid=10119 egid=10119 sgid=10119 fsgid=10119 tty=(none) ses=4294967295 exe="/system/bin/sh" subj=u:r:untrusted_app:s0:c119,c256,c512,c768 key=(null)
10-12 11:36:54.506 W/auditd  (296): type=1307 audit(0.0:177): cwd="/"
10-12 11:36:54.506 W/auditd  (296): type=1302 audit(0.0:177): item=0 name="/" inode=1 dev=00:01 mode=040755 ouid=0 ogid=0 rdev=00:00 obj=u:object_r:rootfs:s0
10-12 11:36:54.506 W/auditd  (296): type=1327 audit(0.0:177): proctitle="/system/bin/sh"
10-12 11:36:54.511 D/LightsService(626): Excessive delay setting light
10-12 11:36:54.627 D/LightsService(626): Excessive delay setting light
10-12 11:36:54.711 D/LightsService(626): Excessive delay setting light
10-12 11:36:54.805 I/os.lineagepart(2493): Waiting for a blocking GC ProfileSaver
10-12 11:36:54.814 I/re.rootexplore(1644): Method exceeds compiler instruction limit: 21392 in void com.speedsoftware.rootexplorer.RootExplorer.a(com.speedsoftware.rootexplorer.ah, java.lang.Object)
10-12 11:36:54.827 D/LightsService(626): Excessive delay setting light
10-12 11:36:54.884 I/os.lineagepart(2493): WaitForGcToComplete blocked ProfileSaver on HeapTrim for 78.354ms
10-12 11:36:54.890 W/System  (2493): A resource failed to call close. 
10-12 11:36:54.938 V/chatty  (1914): uid=10106(com.google.android.apps.photos) ptz-ui-1 expire 2 lines
10-12 11:36:55.044 D/LightsService(626): Excessive delay setting light
10-12 11:36:55.169 V/chatty  (1914): uid=10106(com.google.android.apps.photos) Primes-init-1 expire 2 lines
10-12 11:36:55.310 V/chatty  (626): uid=1000(system) ActivityManager identical 1 line
10-12 11:36:55.472 V/chatty  (1130): uid=10006(com.google.android.gms) HeapTaskDaemon expire 1 line
10-12 11:36:55.660 V/chatty  (1914): uid=10106(com.google.android.apps.photos) HeapTaskDaemon expire 1 line
10-12 11:36:55.680 V/chatty  (2165): uid=10006(com.google.android.gms) expire 12 lines
10-12 11:36:55.743 V/chatty  (2406): uid=10108(com.google.android.inputmethod.latin) ExUtils-F-P1-4 expire 1 line
10-12 11:36:56.021 V/chatty  (2406): uid=10108(com.google.android.inputmethod.latin) ExUtils-F-P2-1 expire 3 lines
10-12 11:36:56.253 V/chatty  (1914): uid=10106(com.google.android.apps.photos) Primes-init-1 expire 2 lines
10-12 11:36:56.304 V/chatty  (2406): uid=10108(com.google.android.inputmethod.latin) sp-control-1 expire 8 lines
10-12 11:36:56.316 W/ActivityManager(626): Scheduling restart of crashed service com.google.android.gms/.backup.component.D2dTransportService in 1000ms
10-12 11:36:56.395 V/chatty  (2406): uid=10108(com.google.android.inputmethod.latin) PhenotypeExpCon expire 2 lines
10-12 11:36:56.653 D/WificondControl(626): Scan result ready event
10-12 11:36:56.658 I/EthernetTracker(626): interfaceLinkStateChanged, iface: wlan0, up: false
10-12 11:36:56.698 D/WifiStateMachine(626): CMD_START_CONNECT sup state DisconnectedState my state DisconnectedState nid=0 roam=false
10-12 11:36:56.701 V/chatty  (1914): uid=10106(com.google.android.apps.photos) ptz-ui-1 expire 4 lines
10-12 11:36:56.704 I/WifiStateMachine(626): Connecting with 10:30:47:85:13:9a as the mac address
10-12 11:36:56.705 W/LastMileLogger(626): Failed to open free_buffer pseudo-file: /sys/kernel/debug/tracing/instances/wifi/free_buffer (No such file or directory)
10-12 11:36:56.705 W/LastMileLogger(626): Failed to arm fail-safe.
10-12 11:36:56.705 W/wificond(385): Scan is not started. Ignore abort request
10-12 11:36:56.706 D/SupplicantStaIfaceHal(626): connectToNetwork "TIM-29629325"WPA_PSK
10-12 11:36:56.706 D/SupplicantStaIfaceHal(626): Network is already saved, will not trigger remove and add operation.
10-12 11:36:56.754 I/wpa_supplicant(891): wlan0: Trying to associate with SSID 'TIM-29629325'
10-12 11:36:56.865 I/EthernetTracker(626): interfaceLinkStateChanged, iface: wlan0, up: false
10-12 11:36:56.871 I/EthernetTracker(626): interfaceLinkStateChanged, iface: wlan0, up: false
10-12 11:36:56.872 V/chatty  (1130): uid=10006(com.google.android.gms) lowpool[5] expire 4 lines
10-12 11:36:56.873 I/EthernetTracker(626): interfaceLinkStateChanged, iface: wlan0, up: false
10-12 11:36:56.873 I/wpa_supplicant(891): wlan0: Associated with 00:37:b7:26:22:ae
10-12 11:36:56.874 I/wpa_supplicant(891): wlan0: CTRL-EVENT-SUBNET-STATUS-UPDATE status=0
10-12 11:36:56.875 I/wpa_supplicant(891): wlan0: WPA: RX message 1 of 4-Way Handshake from 00:37:b7:26:22:ae (ver=2)
10-12 11:36:56.877 I/EthernetTracker(626): interfaceLinkStateChanged, iface: wlan0, up: true
10-12 11:36:56.880 I/wpa_supplicant(891): wlan0: WPA: Sending EAPOL-Key 2/4
10-12 11:36:56.881 I/EthernetTracker(626): interfaceLinkStateChanged, iface: wlan0, up: true
10-12 11:36:56.885 V/chatty  (1130): uid=10006(com.google.android.gms) GoogleApiHandle expire 5 lines
10-12 11:36:56.889 I/wpa_supplicant(891): wlan0: WPA: RX message 3 of 4-Way Handshake from 00:37:b7:26:22:ae (ver=2)
10-12 11:36:56.889 I/wpa_supplicant(891): wlan0: WPA: Sending EAPOL-Key 4/4
10-12 11:36:56.890 I/EthernetTracker(626): interfaceLinkStateChanged, iface: wlan0, up: true
10-12 11:36:56.892 I/wpa_supplicant(891): wlan0: WPA: Key negotiation completed with 00:37:b7:26:22:ae [PTK=CCMP GTK=CCMP]
