10-12 11:37:27.587 W/twitter.androi(2883): JIT profile information will not be recorded: profile file does not exits.
10-12 11:37:27.593 W/putmethod.lati(2406): Verification of void ir.c(int, java.lang.Object) took 323.654ms
10-12 11:37:27.632 I/PrimesTesting(2731): GserviceFlagsSupplier.get()
10-12 11:37:27.637 W/earchbox:searc(1502): Long monitor contention with owner NonUserFacing4 (2110) at boolean com.google.android.apps.gsa.staticplugins.ah.av.d()(SourceFile:-1) waiters=1 in boolean com.google.android.apps.gsa.staticplugins.ah.av.b() for 2.721s
10-12 11:37:27.687 W/gle.android.gm(2731): Verification of auzp rlw.a(android.accounts.Account, com.google.android.gms.pay.CardId) took 110.535ms
10-12 11:37:27.753 W/oid.apps.photo(1914): Verification of void atjx.<init>(char[][][][][][][][][][][][][][][][][][][][][]) took 170.636ms
10-12 11:37:27.770 W/AppOps  (626): Noting op not finished: uid 10006 pkg com.google.android.gms code 41 time=1570873031511 duration=-1
10-12 11:37:27.891 W/putmethod.lati(2406): Verification of void bqt.<clinit>() took 296.533ms
10-12 11:37:27.976 W/gle.android.gm(2731): Verification of auzp rlw.a(com.google.android.gms.smartdevice.setup.accounts.ExchangeAssertionsForUserCredentialsRequest) took 153.278ms
10-12 11:37:27.994 I/GmsTraceSample(1130): 10037ms performing WakeLock [100,0% sampled, 11 omitted, module=null, caller=null]
10-12 11:37:28.030 I/GmsTraceSample(1130): 3598ms performing WakeLock [72,0% sampled, 1 omitted, module=null, caller=null]
10-12 11:37:28.058 D/SplitCompat(2883): FileStorage: initializing (files directory = /data/user/0/com.twitter.android/files, versionCode = 18160000)
10-12 11:37:28.077 I/GmsTraceSample(1130): 58ms performing location_base-GoogleLocationChimeraService_onStartCommand [1,2% sampled, 2 omitted, module=location_base, caller=null]
10-12 11:37:28.162 W/gle.android.gm(2731): Verification of void bdug.a(java.lang.String, boolean, chvq, chtv, java.lang.String) took 109.632ms
10-12 11:37:28.164 W/oid.apps.photo(1914): Verification of void atjx.<init>(int[][][][][][][][][][][][][][][][][][][][][], byte) took 407.581ms
10-12 11:37:28.192 D/su      (3021): su invoked.
10-12 11:37:28.195 D/su      (3021): starting daemon client 10120 10120
10-12 11:37:28.214 D/su      (3028): remote pid: 3021
10-12 11:37:28.214 D/su      (3028): remote pts_slave: 
10-12 11:37:28.215 D/su      (3028): waiting for child exit
10-12 11:37:28.219 D/su      (3029): su invoked.
10-12 11:37:28.221 E/su      (3029): SU from: u0_a120
10-12 11:37:28.222 D/su      (3029): Checking whether app [uid:10120, pkgName: com.pluscubed.matlog] is allowed to be root
10-12 11:37:28.227 D/su      (3029): Privilege elevation allowed by appops
10-12 11:37:28.228 D/su      (3029): Allowing via appops.
10-12 11:37:28.228 D/su      (3029): 10120 /system/bin/app_process32 executing 0 /system/bin/sh using binary /system/bin/sh : sh
10-12 11:37:28.230 D/su      (3029): Waiting for pid 3030.
10-12 11:37:28.270 W/GCoreFlp(1130): No location to return for getLastLocation()
10-12 11:37:28.304 D/su      (3029): pid 3030 returned 256.
10-12 11:37:28.304 D/su      (3029): Finishing su operation for app [uid:10120, pkgName: com.pluscubed.matlog]
10-12 11:37:28.333 I/Places  (1130): ?: PlacesBleScanner start() with priority 2
10-12 11:37:28.335 W/IPCThreadState(3029): Calling IPCThreadState::self() during shutdown is dangerous, expect a crash.
10-12 11:37:28.337 W/IPCThreadState(3029): Calling IPCThreadState::self() during shutdown is dangerous, expect a crash.
10-12 11:37:28.338 D/su      (3028): sending code
10-12 11:37:28.338 D/su      (3028): child exited
10-12 11:37:28.338 D/su      (3021): client exited 1
10-12 11:37:28.340 W/GCoreFlp(1130): No location to return for getLastLocation()
10-12 11:37:28.348 I/PlaceInferenceEngine(1130): [anon] Changed inference mode: 1
10-12 11:37:28.349 I/PlaceInferenceEngine(1130): [account#396937966] Changed inference mode: 1
10-12 11:37:28.381 W/GCoreFlp(1130): No location to return for getLastLocation()
10-12 11:37:28.382 W/GCoreFlp(1130): No location to return for getLastLocation()
10-12 11:37:28.404 D/FirebaseApp(2883): com.google.firebase.auth.FirebaseAuth is not linked. Skipping initialization.
10-12 11:37:28.407 D/FirebaseApp(2883): com.google.firebase.crash.FirebaseCrash is not linked. Skipping initialization.
10-12 11:37:28.408 D/FirebaseApp(2883): com.google.android.gms.measurement.AppMeasurement is not linked. Skipping initialization.
10-12 11:37:28.409 I/FirebaseInitProvider(2883): FirebaseApp initialization successful
10-12 11:37:28.421 I/GmsTraceSample(1130): 262ms performing location_base-GoogleLocationChimeraService_onStartCommand -> 40-LogOperation -> AsyncOpTask -> AsyncOpImpl [5,2% sampled, 22 omitted, module=clearcut, caller=null]
10-12 11:37:28.431 W/d.process.medi(1692): Suspending all threads took: 41.845ms
10-12 11:37:28.434 W/oid.apps.photo(1914): Verification of void atjx.<init>(boolean[][][][][][][][][][][][][][][][][][][][][], byte) took 184.123ms
10-12 11:37:28.458 I/BeaconBle(1130): Client requested scan, settings=BleSettings [scanMode=ZERO_POWER, callbackType=ALL_MATCHES, reportDelayMillis=0, 1 filters, 0 clients, callingClientName=Places]
10-12 11:37:28.489 I/BeaconBle(1130): ZERO_POWER is disabled.
10-12 11:37:28.489 I/BeaconBle(1130): 'L' hardware scan: scan stopped, no powered clients
10-12 11:37:28.490 I/gle.android.gm(2731): Waiting for a blocking GC ProfileSaver
10-12 11:37:28.511 W/earchbox:searc(1502): Long monitor contention with owner NonUserFacing4 (2110) at boolean com.google.android.apps.gsa.staticplugins.ah.av.d()(SourceFile:-1) waiters=2 in void com.google.android.apps.gsa.staticplugins.ah.av.a(com.google.android.libraries.gcoreclient.f.j) for 3.534s
10-12 11:37:28.514 I/CrashlyticsInitProvider(2883): CrashlyticsInitProvider skipping initialization
10-12 11:37:28.703 D/ConnectivityService(626): Returning BLOCKED NetworkInfo to uid=10121
10-12 11:37:28.807 I/GmsTraceSample(1130): 918ms performing 47-UpdateInterestsOperation -> AsyncOpTask -> AsyncOpImpl -> WakeLock [18,4% sampled, 12 omitted, module=contextmanager, caller=com.google.android.googlequicksearchbox]
10-12 11:37:28.852 I/gle.android.gm(2731): Background concurrent copying GC freed 8734(829KB) AllocSpace objects, 5(100KB) LOS objects, 49% free, 2MB/4MB, paused 843us total 416.658ms
10-12 11:37:28.853 I/gle.android.gm(2731): WaitForGcToComplete blocked ProfileSaver on HeapTrim for 362.906ms
10-12 11:37:29.000 W/oid.apps.photo(1914): Verification of void atjx.<init>(float[][][][][][][][][][][][][][][][][][][][][][], byte) took 348.651ms
10-12 11:37:29.039 D/libcrashlytics(2883): Initializing libcrashlytics version 2.0.5
10-12 11:37:29.042 D/libcrashlytics(2883): Initializing native crash handling successful.
10-12 11:37:29.186 I/CrashlyticsCore(2883): Initializing Crashlytics 2.6.8.32
10-12 11:37:29.187 W/twitter.androi(2883): Verification of qzb qzb.a(io.fabric.sdk.android.h, byb, io.fabric.sdk.android.services.network.d, java.lang.String, java.lang.String, java.lang.String, uxb) took 115.387ms
10-12 11:37:29.204 D/su      (3033): su invoked.
10-12 11:37:29.206 D/su      (3033): starting daemon client 10120 10120
10-12 11:37:29.227 D/su      (3051): remote pid: 3033
10-12 11:37:29.227 D/su      (3051): remote pts_slave: 
10-12 11:37:29.228 D/su      (3051): waiting for child exit
10-12 11:37:29.229 D/su      (3052): su invoked.
10-12 11:37:29.232 E/su      (3052): SU from: u0_a120
10-12 11:37:29.233 D/su      (3052): Checking whether app [uid:10120, pkgName: com.pluscubed.matlog] is allowed to be root
10-12 11:37:29.236 D/su      (3052): Privilege elevation allowed by appops
10-12 11:37:29.236 D/su      (3052): Allowing via appops.
10-12 11:37:29.236 D/su      (3052): 10120 /system/bin/app_process32 executing 0 /system/bin/sh using binary /system/bin/sh : sh
10-12 11:37:29.237 D/su      (3052): Waiting for pid 3053.
10-12 11:37:29.237 W/oid.apps.photo(1914): Verification of void atjx.<init>(int[][][][][][][][][][][][][][][][][][][][][][], byte) took 125.303ms
10-12 11:37:29.241 W/earchbox:searc(1502): Long monitor contention with owner NonUserFacing4 (2110) at boolean com.google.android.apps.gsa.staticplugins.ah.av.d()(SourceFile:-1) waiters=3 in void com.google.android.apps.gsa.staticplugins.ah.av.a(com.google.android.libraries.gcoreclient.f.j) for 3.897s
10-12 11:37:29.241 E/GmsContextObserver(1502): Received context data while not listening
10-12 11:37:29.242 W/earchbox:searc(1502): Long monitor contention with owner NonUserFacing4 (2110) at boolean com.google.android.apps.gsa.staticplugins.ah.av.d()(SourceFile:-1) waiters=4 in void com.google.android.apps.gsa.staticplugins.ah.av.a(com.google.android.libraries.gcoreclient.f.j) for 2.773s
10-12 11:37:29.242 E/GmsContextObserver(1502): Received context data while not listening
10-12 11:37:29.242 W/earchbox:searc(1502): Long monitor contention with owner NonUserFacing4 (2110) at boolean com.google.android.apps.gsa.staticplugins.ah.av.d()(SourceFile:-1) waiters=5 in void com.google.android.apps.gsa.staticplugins.ah.av.a(com.google.android.libraries.gcoreclient.f.j) for 2.633s
10-12 11:37:29.243 E/GmsContextObserver(1502): Received context data while not listening
10-12 11:37:29.243 W/earchbox:searc(1502): Long monitor contention with owner NonUserFacing4 (2110) at boolean com.google.android.apps.gsa.staticplugins.ah.av.d()(SourceFile:-1) waiters=6 in void com.google.android.apps.gsa.staticplugins.ah.av.a(com.google.android.libraries.gcoreclient.f.j) for 2.543s
10-12 11:37:29.243 E/GmsContextObserver(1502): Received context data while not listening
10-12 11:37:29.244 W/earchbox:searc(1502): Long monitor contention with owner NonUserFacing4 (2110) at boolean com.google.android.apps.gsa.staticplugins.ah.av.d()(SourceFile:-1) waiters=7 in void com.google.android.apps.gsa.staticplugins.ah.av.a(com.google.android.libraries.gcoreclient.f.j) for 2.452s
10-12 11:37:29.245 E/GmsContextObserver(1502): Received context data while not listening
10-12 11:37:29.250 W/earchbox:searc(1502): Long monitor contention with owner NonUserFacing4 (2110) at boolean com.google.android.apps.gsa.staticplugins.ah.av.d()(SourceFile:-1) waiters=8 in void com.google.android.apps.gsa.staticplugins.ah.av.a(com.google.android.libraries.gcoreclient.f.j) for 2.353s
10-12 11:37:29.250 E/GmsContextObserver(1502): Received context data while not listening
10-12 11:37:29.251 W/earchbox:searc(1502): Long monitor contention with owner NonUserFacing4 (2110) at boolean com.google.android.apps.gsa.staticplugins.ah.av.d()(SourceFile:-1) waiters=9 in void com.google.android.apps.gsa.staticplugins.ah.av.a(com.google.android.libraries.gcoreclient.f.j) for 2.278s
10-12 11:37:29.251 E/GmsContextObserver(1502): Received context data while not listening
10-12 11:37:29.252 W/earchbox:searc(1502): Long monitor contention with owner NonUserFacing4 (2110) at boolean com.google.android.apps.gsa.staticplugins.ah.av.d()(SourceFile:-1) waiters=10 in void com.google.android.apps.gsa.staticplugins.ah.av.a(com.google.android.libraries.gcoreclient.f.j) for 2.201s
10-12 11:37:29.252 E/GmsContextObserver(1502): Received context data while not listening
10-12 11:37:29.253 W/earchbox:searc(1502): Long monitor contention with owner NonUserFacing5 (2829) at boolean com.google.android.apps.gsa.staticplugins.ah.av.e()(SourceFile:-1) waiters=8 in void com.google.android.apps.gsa.staticplugins.ah.av.a(com.google.android.libraries.gcoreclient.f.j) for 741ms
10-12 11:37:29.253 E/GmsContextObserver(1502): Received context data while not listening
10-12 11:37:29.314 W/gle.android.gm(2731): Verification of boolean rpi.handleMessage(android.os.Message) took 129.479ms
10-12 11:37:29.526 W/gle.android.gm(2731): Verification of void rhm.a(android.app.Activity, android.app.Dialog, java.lang.String, android.content.DialogInterface$OnCancelListener) took 132.574ms
10-12 11:37:29.532 W/oid.apps.photo(1914): Verification of void atjx.<init>(char[][][][][][][][][][][][][][][][][][][][][][][]) took 204.579ms
10-12 11:37:29.690 W/oid.apps.photo(1914): Verification of void atjx.<init>(char[][][][][][][][][][][][][][][][][][][][][][][], byte) took 157.535ms
10-12 11:37:29.719 W/putmethod.lati(2406): Verification of pkl oep.b() took 174.132ms
10-12 11:37:29.890 V/MediaProvider(1692): pruneThumbnails 
10-12 11:37:29.938 V/MediaProvider(1692): /pruneDeadThumbnailFiles... 
10-12 11:37:30.041 W/putmethod.lati(2406): Verification of void oan.<clinit>() took 164.883ms
10-12 11:37:30.051 W/oid.apps.photo(1914): Verification of void atjx.<init>(int[][][][][][][][][][][][][][][][][][][][][][][]) took 359.470ms
10-12 11:37:30.061 W/gle.android.gm(2731): Verification of void qyp.<init>(qyp) took 108.127ms
10-12 11:37:30.225 W/twitter.androi(2883): Verification of void com.twitter.android.app.di.DaggerTwitterApplicationObjectGraph$SC.a(android.app.Application, java.lang.Long) took 137.270ms
10-12 11:37:30.277 E/ActivityThread(2787): Failed to find provider info for com.facebook.katana.provider.AttributionIdProvider
10-12 11:37:30.354 W/GCoreFlp(1130): No location to return for getLastLocation()
10-12 11:37:30.367 I/Places  (1130): ?: PlacesBleScanner stop()
10-12 11:37:30.377 W/oid.apps.photo(1914): Verification of void atjx.<init>(int[][][][][][][][][][][][][][][][][][][][][][][], byte) took 325.797ms
10-12 11:37:30.393 D/NetworkSecurityConfig(2883): No Network Security Config specified, using platform default
10-12 11:37:30.398 I/BeaconBle(1130): ZERO_POWER is disabled.
10-12 11:37:30.398 I/BeaconBle(1130): 'L' hardware scan: scan stopped, no powered clients
10-12 11:37:30.399 I/BeaconBle(1130): Places requested to stop scan
10-12 11:37:30.402 I/BeaconBle(1130): Scan canceled successfully.
10-12 11:37:30.405 W/twitter.androi(2883): Verification of void com.twitter.android.app.di.DaggerTwitterApplicationObjectGraph$SC.b(android.app.Application, java.lang.Long) took 179.393ms
10-12 11:37:30.410 I/ActivityManager(626): Start proc 3077:com.android.cellbroadcastreceiver/u0a12 for broadcast com.android.cellbroadcastreceiver/.CellBroadcastReceiver
10-12 11:37:30.422 I/Zygote  (3077): seccomp disabled by setenforce 0
10-12 11:37:30.468 I/PlaceInferenceEngine(1130): [anon] Changed inference mode: 0
10-12 11:37:30.469 I/PlaceInferenceEngine(1130): [account#396937966] Changed inference mode: 0
10-12 11:37:30.476 W/gle.android.gm(2731): Verification of void bmwk.<clinit>() took 108.094ms
10-12 11:37:30.502 W/GCoreFlp(1130): No location to return for getLastLocation()
10-12 11:37:30.527 W/GCoreFlp(1130): No location to return for getLastLocation()
10-12 11:37:30.595 W/twitter.androi(2883): Verification of void com.twitter.android.app.di.DaggerTwitterApplicationObjectGraph$SC.c(android.app.Application, java.lang.Long) took 183.688ms
10-12 11:37:30.628 W/GCoreFlp(1130): No location to return for getLastLocation()
10-12 11:37:30.671 I/oadcastreceive(3077): The ClassLoaderContext is a special shared library.
10-12 11:37:30.774 I/ActivityManager(626): Killing 1457:com.android.printspooler/u0a67 (adj 906): empty #17
10-12 11:37:30.777 W/libprocessgroup(626): kill(-1457, 9) failed: No such process
10-12 11:37:30.784 D/CellBroadcastReceiver(3077): onReceive Intent { act=android.intent.action.BOOT_COMPLETED flg=0x9000010 cmp=com.android.cellbroadcastreceiver/.CellBroadcastReceiver (has extras) }
10-12 11:37:30.785 D/CellBroadcastReceiver(3077): Start Cell Broadcast configuration.
10-12 11:37:30.807 D/CellBroadcastReceiver(3077): Default interval 0 did not change.
10-12 11:37:30.820 W/libprocessgroup(626): kill(-1457, 9) failed: No such process
10-12 11:37:30.820 I/libprocessgroup(626): Successfully killed process cgroup uid 10067 pid 1457 in 44ms
10-12 11:37:30.822 I/Zygote  (307): Process 1457 exited due to signal (9)
10-12 11:37:30.867 I/ActivityManager(626): Start proc 3099:com.android.managedprovisioning/u0a18 for broadcast com.android.managedprovisioning/.preprovisioning.BootReminder
10-12 11:37:30.885 D/IccSmsInterfaceManager(1006): [IccSmsInterfaceManager] Calling setGsmBroadcastConfig with 1 configurations
10-12 11:37:30.887 I/Zygote  (3099): seccomp disabled by setenforce 0
10-12 11:37:30.938 W/oid.apps.photo(1914): Verification of void atjx.<init>(boolean[][][][][][][][][][][][][][][][][][][][][][][]) took 490.488ms
10-12 11:37:30.955 D/IccSmsInterfaceManager(1006): [IccSmsInterfaceManager] Added GSM cell broadcast subscription for MID range 4370 to 4370 from client com.android.cellbroadcastreceiver
10-12 11:37:30.956 D/IccSmsInterfaceManager(1006): [IccSmsInterfaceManager] Calling setCellBroadcastActivation(true)
10-12 11:37:30.974 W/twitter.androi(2883): Verification of void com.twitter.android.app.di.DaggerTwitterApplicationObjectGraph$SC.d(android.app.Application, java.lang.Long) took 377.782ms
10-12 11:37:31.024 D/IccSmsInterfaceManager(1006): [IccSmsInterfaceManager] Calling setCdmaBroadcastConfig with 1 configurations
10-12 11:37:31.034 D/IccSmsInterfaceManager(1006): [IccSmsInterfaceManager] Failed to add cdma broadcast subscription for MID range 4096 to 4096 from client com.android.cellbroadcastreceiver
10-12 11:37:31.041 D/IccSmsInterfaceManager(1006): [IccSmsInterfaceManager] Calling setGsmBroadcastConfig with 2 configurations
10-12 11:37:31.060 D/IccSmsInterfaceManager(1006): [IccSmsInterfaceManager] Added GSM cell broadcast subscription for MID range 4383 to 4383 from client com.android.cellbroadcastreceiver
10-12 11:37:31.060 D/IccSmsInterfaceManager(1006): [IccSmsInterfaceManager] Calling setCellBroadcastActivation(true)
10-12 11:37:31.088 W/twitter.androi(2883): Verification of void com.twitter.android.app.di.DaggerTwitterApplicationObjectGraph$SC.e(android.app.Application, java.lang.Long) took 113.946ms
10-12 11:37:31.091 I/gedprovisionin(3099): The ClassLoaderContext is a special shared library.
10-12 11:37:31.098 D/IccSmsInterfaceManager(1006): [IccSmsInterfaceManager] Calling setGsmBroadcastConfig with 3 configurations
10-12 11:37:31.111 D/IccSmsInterfaceManager(1006): [IccSmsInterfaceManager] Added GSM cell broadcast subscription for MID range 4371 to 4372 from client com.android.cellbroadcastreceiver
10-12 11:37:31.111 D/IccSmsInterfaceManager(1006): [IccSmsInterfaceManager] Calling setCellBroadcastActivation(true)
10-12 11:37:31.141 D/IccSmsInterfaceManager(1006): [IccSmsInterfaceManager] Calling setCdmaBroadcastConfig with 1 configurations
10-12 11:37:31.148 D/IccSmsInterfaceManager(1006): [IccSmsInterfaceManager] Failed to add cdma broadcast subscription for MID range 4097 to 4097 from client com.android.cellbroadcastreceiver
10-12 11:37:31.160 D/IccSmsInterfaceManager(1006): [IccSmsInterfaceManager] Calling setGsmBroadcastConfig with 3 configurations
10-12 11:37:31.177 D/IccSmsInterfaceManager(1006): [IccSmsInterfaceManager] Added GSM cell broadcast subscription for MID range 4384 to 4385 from client com.android.cellbroadcastreceiver
10-12 11:37:31.177 D/IccSmsInterfaceManager(1006): [IccSmsInterfaceManager] Calling setCellBroadcastActivation(true)
10-12 11:37:31.204 D/IccSmsInterfaceManager(1006): [IccSmsInterfaceManager] Calling setGsmBroadcastConfig with 3 configurations
10-12 11:37:31.211 I/ActivityManager(626): Killing 1484:com.android.keychain/1000 (adj 906): empty #17
10-12 11:37:31.212 I/VvmSimStateTracker(1006): android.intent.action.BOOT_COMPLETED
10-12 11:37:31.218 W/libprocessgroup(626): kill(-1484, 9) failed: No such process
10-12 11:37:31.219 D/IccSmsInterfaceManager(1006): [IccSmsInterfaceManager] Added GSM cell broadcast subscription for MID range 4373 to 4378 from client com.android.cellbroadcastreceiver
10-12 11:37:31.219 D/IccSmsInterfaceManager(1006): [IccSmsInterfaceManager] Calling setCellBroadcastActivation(true)
10-12 11:37:31.241 D/IccSmsInterfaceManager(1006): [IccSmsInterfaceManager] Calling setCdmaBroadcastConfig with 1 configurations
10-12 11:37:31.249 D/IccSmsInterfaceManager(1006): [IccSmsInterfaceManager] Failed to add cdma broadcast subscription for MID range 4098 to 4098 from client com.android.cellbroadcastreceiver
10-12 11:37:31.257 I/ActivityManager(626): Start proc 3114:com.android.providers.calendar/u0a37 for broadcast com.android.providers.calendar/.CalendarReceiver
10-12 11:37:31.258 I/Zygote  (3114): seccomp disabled by setenforce 0
10-12 11:37:31.262 D/IccSmsInterfaceManager(1006): [IccSmsInterfaceManager] Calling setGsmBroadcastConfig with 3 configurations
10-12 11:37:31.265 W/libprocessgroup(626): kill(-1484, 9) failed: No such process
10-12 11:37:31.284 D/IccSmsInterfaceManager(1006): [IccSmsInterfaceManager] Added GSM cell broadcast subscription for MID range 4386 to 4391 from client com.android.cellbroadcastreceiver
10-12 11:37:31.285 D/IccSmsInterfaceManager(1006): [IccSmsInterfaceManager] Calling setCellBroadcastActivation(true)
10-12 11:37:31.305 I/Zygote  (307): Process 1484 exited due to signal (9)
10-12 11:37:31.307 D/IccSmsInterfaceManager(1006): [IccSmsInterfaceManager] Calling setGsmBroadcastConfig with 3 configurations
10-12 11:37:31.310 W/libprocessgroup(626): kill(-1484, 9) failed: No such process
10-12 11:37:31.310 I/libprocessgroup(626): Successfully killed process cgroup uid 1000 pid 1484 in 91ms
10-12 11:37:31.322 D/IccSmsInterfaceManager(1006): [IccSmsInterfaceManager] Added GSM cell broadcast subscription for MID range 4379 to 4379 from client com.android.cellbroadcastreceiver
10-12 11:37:31.322 D/IccSmsInterfaceManager(1006): [IccSmsInterfaceManager] Calling setCellBroadcastActivation(true)
10-12 11:37:31.342 D/IccSmsInterfaceManager(1006): [IccSmsInterfaceManager] Calling setCdmaBroadcastConfig with 1 configurations
10-12 11:37:31.351 D/IccSmsInterfaceManager(1006): [IccSmsInterfaceManager] Failed to add cdma broadcast subscription for MID range 4099 to 4099 from client com.android.cellbroadcastreceiver
10-12 11:37:31.354 W/oid.apps.photo(1914): Verification of void atjx.<init>(float[][][][][][][][][][][][][][][][][][][][][][][][]) took 245.620ms
10-12 11:37:31.359 D/IccSmsInterfaceManager(1006): [IccSmsInterfaceManager] Calling setGsmBroadcastConfig with 3 configurations
10-12 11:37:31.376 D/IccSmsInterfaceManager(1006): [IccSmsInterfaceManager] Added GSM cell broadcast subscription for MID range 4392 to 4392 from client com.android.cellbroadcastreceiver
10-12 11:37:31.376 D/IccSmsInterfaceManager(1006): [IccSmsInterfaceManager] Calling setCellBroadcastActivation(true)
10-12 11:37:31.403 D/IccSmsInterfaceManager(1006): [IccSmsInterfaceManager] Failed to remove GSM cell broadcast subscription for MID range 4380 to 4380 from client com.android.cellbroadcastreceiver
10-12 11:37:31.420 D/IccSmsInterfaceManager(1006): [IccSmsInterfaceManager] Failed to remove cdma broadcast subscription for MID range 4100 to 4100 from client com.android.cellbroadcastreceiver
10-12 11:37:31.428 D/IccSmsInterfaceManager(1006): [IccSmsInterfaceManager] Failed to remove GSM cell broadcast subscription for MID range 4393 to 4393 from client com.android.cellbroadcastreceiver
10-12 11:37:31.438 D/IccSmsInterfaceManager(1006): [IccSmsInterfaceManager] Failed to remove GSM cell broadcast subscription for MID range 4381 to 4381 from client com.android.cellbroadcastreceiver
10-12 11:37:31.443 D/IccSmsInterfaceManager(1006): [IccSmsInterfaceManager] Failed to remove GSM cell broadcast subscription for MID range 4394 to 4394 from client com.android.cellbroadcastreceiver
10-12 11:37:31.454 D/IccSmsInterfaceManager(1006): [IccSmsInterfaceManager] Failed to remove GSM cell broadcast subscription for MID range 4382 to 4382 from client com.android.cellbroadcastreceiver
10-12 11:37:31.458 I/viders.calenda(3114): The ClassLoaderContext is a special shared library.
10-12 11:37:31.465 D/IccSmsInterfaceManager(1006): [IccSmsInterfaceManager] Failed to remove GSM cell broadcast subscription for MID range 4395 to 4395 from client com.android.cellbroadcastreceiver
10-12 11:37:31.468 W/oid.apps.photo(1914): Verification of void atjx.<init>(int[][][][][][][][][][][][][][][][][][][][][][][][]) took 114.514ms
10-12 11:37:31.472 D/IccSmsInterfaceManager(1006): [IccSmsInterfaceManager] Calling setGsmBroadcastConfig with 3 configurations
10-12 11:37:31.483 D/IccSmsInterfaceManager(1006): [IccSmsInterfaceManager] Added GSM cell broadcast subscription for MID range 4352 to 4354 from client com.android.cellbroadcastreceiver
10-12 11:37:31.483 D/IccSmsInterfaceManager(1006): [IccSmsInterfaceManager] Calling setCellBroadcastActivation(true)
10-12 11:37:31.506 D/IccSmsInterfaceManager(1006): [IccSmsInterfaceManager] Calling setGsmBroadcastConfig with 4 configurations
10-12 11:37:31.523 D/IccSmsInterfaceManager(1006): [IccSmsInterfaceManager] Added GSM cell broadcast subscription for MID range 4356 to 4356 from client com.android.cellbroadcastreceiver
10-12 11:37:31.524 D/IccSmsInterfaceManager(1006): [IccSmsInterfaceManager] Calling setCellBroadcastActivation(true)
10-12 11:37:31.552 W/gle.android.gm(2731): Verification of void bmxy.a(bmzb) took 127.896ms
10-12 11:37:31.553 W/gle.android.gm(2731): Verification of void bxuw.<init>(short[][][][][][][][][][][][][][][][][][][][][][][][][][][][][][][][][][][][][][][][][][][][][][][][][][][][][][][][][][][][][][][][][][][][][][][][][][][][][][][][][][][][][][][][][][][][][][][][][][][][][][][][][][][][][][][][][][]) took 117.575ms
10-12 11:37:31.557 D/IccSmsInterfaceManager(1006): [IccSmsInterfaceManager] Failed to remove GSM cell broadcast subscription for MID range 4355 to 4355 from client com.android.cellbroadcastreceiver
10-12 11:37:31.565 I/ActivityManager(626): Killing 1965:com.google.android.partnersetup/u0a9 (adj 906): empty #17
10-12 11:37:31.565 I/ActivityManager(626): Killing 1299:com.google.android.apps.nbu.files/u0a127 (adj 906): empty #18
10-12 11:37:31.569 W/libprocessgroup(626): kill(-1965, 9) failed: No such process
10-12 11:37:31.611 I/Zygote  (307): Process 1965 exited due to signal (9)
10-12 11:37:31.614 W/libprocessgroup(626): kill(-1965, 9) failed: No such process
10-12 11:37:31.614 I/libprocessgroup(626): Successfully killed process cgroup uid 10009 pid 1965 in 45ms
10-12 11:37:31.617 I/CalendarProvider2(3114): Created com.android.providers.calendar.CalendarAlarmManager@1792c4b(com.android.providers.calendar.CalendarProvider2@918e628)
10-12 11:37:31.637 W/oid.apps.photo(1914): Verification of void atjx.<init>(short[][][][][][][][][][][][][][][][][][][][][][][][]) took 131.008ms
10-12 11:37:31.637 I/Zygote  (307): Process 1299 exited due to signal (9)
10-12 11:37:31.643 W/libprocessgroup(626): kill(-1299, 9) failed: No such process
10-12 11:37:31.644 I/libprocessgroup(626): Successfully killed process cgroup uid 10127 pid 1299 in 0ms
10-12 11:37:31.845 W/gle.android.gm(2731): Verification of void aaen.a(android.content.Context, java.lang.Runnable) took 105.824ms
10-12 11:37:31.871 W/oid.apps.photo(1914): Verification of void atjx.<init>(byte[][][][][][][][][][][][][][][][][][][][][][][][][], byte) took 183.269ms
10-12 11:37:32.050 W/oid.apps.photo(1914): Verification of void atjx.<init>(float[][][][][][][][][][][][][][][][][][][][][][][][][], byte) took 177.272ms
10-12 11:37:32.050 W/putmethod.lati(2406): Verification of java.lang.Object nzq.a(int, java.lang.Object) took 160.459ms
10-12 11:37:32.257 W/putmethod.lati(2406): Verification of chu chu.a(android.content.Context) took 204.424ms
10-12 11:37:32.297 W/oid.apps.photo(1914): Verification of void atjx.<init>(short[][][][][][][][][][][][][][][][][][][][][][][][][]) took 244.515ms
10-12 11:37:32.515 W/oid.apps.photo(1914): Verification of void atjx.<init>(char[][][][][][][][][][][][][][][][][][][][][][][][][][]) took 142.775ms
10-12 11:37:32.556 I/ActivityManager(626): Start proc 3137:com.android.settings/1000 for broadcast com.android.settings/.fuelgauge.batterytip.AnomalyConfigReceiver
10-12 11:37:32.559 I/Zygote  (3137): seccomp disabled by setenforce 0
10-12 11:37:32.583 I/GmsTraceSample(1130): 99ms performing 40-LogOperation -> AsyncOpTask -> AsyncOpImpl [2,0% sampled, 91 omitted, module=clearcut, caller=com.google.android.inputmethod.latin]
10-12 11:37:32.710 I/ndroid.setting(3137): The ClassLoaderContext is a special shared library.
10-12 11:37:32.727 I/ndroid.setting(3137): The ClassLoaderContext is a special shared library.
10-12 11:37:32.965 W/oid.apps.photo(1914): Verification of void atjx.<init>(char[][][][][][][][][][][][][][][][][][][][][][][][][][][][][], byte) took 276.297ms
10-12 11:37:33.060 I/ActivityManager(626): Killing 1890:com.google.android.projection.gearhead:shared/u0a113 (adj 906): empty #17
10-12 11:37:33.067 W/libprocessgroup(626): kill(-1890, 9) failed: No such process
10-12 11:37:33.092 I/m.android.phon(1006): The ClassLoaderContext is a special shared library.
10-12 11:37:33.113 W/libprocessgroup(626): kill(-1890, 9) failed: No such process
10-12 11:37:33.142 I/gle.android.gm(2731): Background concurrent copying GC freed 10028(1101KB) AllocSpace objects, 2(40KB) LOS objects, 49% free, 2MB/5MB, paused 244us total 289.173ms
10-12 11:37:33.158 W/libprocessgroup(626): kill(-1890, 9) failed: No such process
10-12 11:37:33.174 I/Zygote  (3152): seccomp disabled by setenforce 0
10-12 11:37:33.182 I/ActivityManager(626): Start proc 3152:com.android.traceur/u0a93 for broadcast com.android.traceur/.Receiver
10-12 11:37:33.204 W/libprocessgroup(626): kill(-1890, 9) failed: No such process
10-12 11:37:33.247 V/chatty  (626): uid=1000(system) ActivityManager identical 1 line
10-12 11:37:33.290 W/libprocessgroup(626): kill(-1890, 9) failed: No such process
10-12 11:37:33.304 I/android.traceu(3152): The ClassLoaderContext is a special shared library.
10-12 11:37:33.309 I/android.traceu(3152): The ClassLoaderContext is a special shared library.
10-12 11:37:33.322 W/twitter.androi(2883): Verification of void com.twitter.android.app.di.DaggerTwitterApplicationObjectGraph$SC$d.a(com.twitter.util.user.e) took 437.354ms
10-12 11:37:33.296 W/oid.apps.photo(1914): Verification of void atjx.<init>(int[][][][][][][][][][][][][][][][][][][][][][][][][][][][][], byte) took 183.702ms
10-12 11:37:33.333 W/libprocessgroup(626): kill(-1890, 9) failed: No such process
10-12 11:37:33.350 W/CAR.SERVICE(1991): Binder died: com.google.android.projection.gearhead [CONTEXT service_id=13 ]
10-12 11:37:33.377 W/libprocessgroup(626): kill(-1890, 9) failed: No such process
10-12 11:37:33.393 I/CAR.SERVICE(1991): Skip, no clients bound. [CONTEXT service_id=13 ]
10-12 11:37:33.420 W/libprocessgroup(626): kill(-1890, 9) failed: No such process
10-12 11:37:33.444 I/ActivityManager(626): Killing 2087:com.google.android.apps.translate/u0a116 (adj 906): empty #17
10-12 11:37:33.465 W/libprocessgroup(626): kill(-1890, 9) failed: No such process
10-12 11:37:33.467 I/libprocessgroup(626): Successfully killed process cgroup uid 10113 pid 1890 in 400ms
10-12 11:37:33.472 I/Zygote  (307): Process 1890 exited due to signal (9)
10-12 11:37:33.481 W/libprocessgroup(626): kill(-2087, 9) failed: No such process
10-12 11:37:33.483 I/Zygote  (3169): seccomp disabled by setenforce 0
10-12 11:37:33.490 I/ActivityManager(626): Start proc 3169:com.android.vending/u0a24 for broadcast com.android.vending/com.google.android.finsky.boothandler.BootCompletedReceiver
10-12 11:37:33.436 W/oid.apps.photo(1914): Verification of void atjx.<init>(short[][][][][][][][][][][][][][][][][][][][][][][][][][][][][], byte) took 109.560ms
10-12 11:37:33.527 W/libprocessgroup(626): kill(-2087, 9) failed: No such process
10-12 11:37:33.527 I/libprocessgroup(626): Successfully killed process cgroup uid 10116 pid 2087 in 46ms
10-12 11:37:33.531 I/Zygote  (307): Process 2087 exited due to signal (9)
10-12 11:37:33.558 W/twitter.androi(2883): Verification of void com.twitter.android.app.di.DaggerTwitterApplicationObjectGraph$SC$d.b(com.twitter.util.user.e) took 234.999ms
10-12 11:37:33.608 I/android.vendin(3169): The ClassLoaderContext is a special shared library.
10-12 11:37:33.707 W/oid.apps.photo(1914): Verification of void atjx.<init>(boolean[][][][][][][][][][][][][][][][][][][][][][][][][][][][][], byte) took 201.938ms
10-12 11:37:33.842 W/gle.android.gm(2731): Verification of void bxuw.<init>(char[][][][][][][][][][][][][][][][][][][][][][][][][][][][][][][][][][][][][][][][][][][][][][][][][][][][][][][][][][][][][][][][][][][][][][][][][][][][][][][][][][][][][][][][][][][][][][][][][][][][][][][][][][][][][][][][][][][][][][][][][][][][][][][][][][][][][][][][][][][][][][][][][][][][][][][][][][][][][][][][][][][][][][][][][][][][][][][][][][][][][][][][][][][][][][][][][][][][][][][][][][]) took 461.699ms
10-12 11:37:33.843 W/gle.android.gm(2731): Verification of java.lang.String aadp.a(java.lang.String, java.lang.Object[]) took 360.613ms
10-12 11:37:34.071 W/wificond(385): Copy constructor is only used for unit tests
10-12 11:37:34.072 W/wificond(385): Failed to get NL80211_ATTR_EXT_FEATURES
10-12 11:37:34.073 W/wificond(385): Copy constructor is only used for unit tests
10-12 11:37:34.074 W/wificond(385): Failed to get NL80211_ATTR_EXT_FEATURES
10-12 11:37:34.074 W/wificond(385): Copy constructor is only used for unit tests
10-12 11:37:34.075 W/wificond(385): Failed to get NL80211_ATTR_EXT_FEATURES
10-12 11:37:34.101 W/oid.apps.photo(1914): Verification of void atjx.<init>(float[][][][][][][][][][][][][][][][][][][][][][][][][][][][][][]) took 391.971ms
10-12 11:37:34.125 W/putmethod.lati(2406): Long monitor contention with owner MetricsManager (2540) at void android.os.MessageQueue.nativeWake(long)(MessageQueue.java:-2) waiters=0 in android.os.Message android.os.MessageQueue.next() for 137ms
10-12 11:37:34.222 I/PhenotypeIme(2406): FetchConfigurationTask.fetchConfiguration() : ConfigurationsResult = Persisted
10-12 11:37:34.257 W/oid.apps.photo(1914): Verification of void atjx.<init>(int[][][][][][][][][][][][][][][][][][][][][][][][][][][][][][]) took 155.782ms
10-12 11:37:34.577 W/gle.android.gm(2731): Verification of void bxuw.<init>(boolean[][][][][][][][][][][][][][][][][][][][][][][][][][][][][][][][][][][][][][][][][][][][][][][][][][][][][][][][][][][][][][][][][][][][][][][][][][][][][][][][][][][][][][][][][][][][][][][][][][][][][][][][][][][][][][][][][][][][][][][][][][][][][][][][][][][][][][][][][][][][][][][][][][][][][][][][][][][][][][][][][][][][][][][][][][][][][][][][][][][][][][][][][][][][][][][][][][][][][][][][][][][][][][][][][][][][][][][][], byte) took 435.218ms
10-12 11:37:34.578 W/gle.android.gm(2731): Verification of void aadu.<init>(aacz, aadc, aadm, java.util.concurrent.Executor, aadv, aaee, aacv) took 361.780ms
10-12 11:37:34.708 W/JobServiceContext(626): Time-out while trying to bind 1726201 #u0a144/37 com.twitter.android/com.evernote.android.job.v21.PlatformJobService, dropping.
10-12 11:37:34.757 W/oid.apps.photo(1914): Verification of void atjx.<init>(byte[][][][][][][][][][][][][][][][][][][][][][][][][][][][][][][]) took 424.109ms
10-12 11:37:35.041 I/PhenotypeIme(2406): FetchConfigurationTask.fetchConfiguration() : Success after 32631 ms
10-12 11:37:35.110 W/oid.apps.photo(1914): Verification of void atjx.<init>(int[][][][][][][][][][][][][][][][][][][][][][][][][][][][][][][]) took 350.884ms
10-12 11:37:35.343 W/oid.apps.photo(1914): Verification of void atjx.<init>(int[][][][][][][][][][][][][][][][][][][][][][][][][][][][][][][], byte) took 232.927ms
10-12 11:37:35.477 W/oid.apps.photo(1914): Verification of void atjx.<init>(short[][][][][][][][][][][][][][][][][][][][][][][][][][][][][][][]) took 132.898ms
10-12 11:37:35.639 I/luscubed.matlo(2832): Background concurrent copying GC freed 25647(1375KB) AllocSpace objects, 10(332KB) LOS objects, 50% free, 2MB/4MB, paused 147us total 251.840ms
10-12 11:37:36.103 W/oid.apps.photo(1914): Verification of void atjx.<init>(char[][][][][][][][][][][][][][][][][][][][][][][][][][][][][][][][]) took 566.620ms
10-12 11:37:36.137 I/gedprovisionin(3099): Waiting for a blocking GC ProfileSaver
10-12 11:37:36.334 D/WificondControl(626): Scan result ready event
10-12 11:37:36.338 I/EthernetTracker(626): interfaceLinkStateChanged, iface: wlan0, up: true
10-12 11:37:36.383 W/oid.apps.photo(1914): Verification of void atjx.<init>(char[][][][][][][][][][][][][][][][][][][][][][][][][][][][][][][][], byte) took 279.995ms
10-12 11:37:36.628 W/oid.apps.photo(1914): Verification of void atjx.<init>(float[][][][][][][][][][][][][][][][][][][][][][][][][][][][][][][][]) took 131.716ms
10-12 11:37:36.826 W/oid.apps.photo(1914): Verification of void atjx.<init>(float[][][][][][][][][][][][][][][][][][][][][][][][][][][][][][][][], byte) took 154.639ms
10-12 11:37:36.893 I/GAv4-SVC(2731): Google Analytics 19.4.20 is starting up.
10-12 11:37:36.922 W/gle.android.gm(2731): Verification of ebw ebf.a(int, java.util.List, java.util.List, eem, java.lang.String, java.util.List, java.util.List, java.util.List, java.lang.String, java.util.List) took 146.435ms
10-12 11:37:36.999 I/DynamiteModule(2731): Considering local module com.google.android.gms.googlecertificates:4 and remote module com.google.android.gms.googlecertificates:4
10-12 11:37:36.999 I/DynamiteModule(2731): Selected local version of com.google.android.gms.googlecertificates
10-12 11:37:37.131 W/gle.android.gm(2731): Long monitor contention with owner Binder:2731_4 (3095) at void java.nio.charset.CharsetDecoder.<init>(java.nio.charset.Charset, float, float)(CharsetDecoder.java:235) waiters=0 in ria rhp.b(java.lang.String, rhr, boolean, boolean) for 383ms
10-12 11:37:37.143 W/gle.android.gm(2731): Long monitor contention with owner Binder:2731_4 (3095) at void java.nio.charset.CharsetDecoder.<init>(java.nio.charset.Charset, float, float)(CharsetDecoder.java:235) waiters=1 in ria rhp.b(java.lang.String, rhr, boolean, boolean) for 403ms
10-12 11:37:37.260 W/oid.apps.photo(1914): Verification of void atjx.<init>(short[][][][][][][][][][][][][][][][][][][][][][][][][][][][][][][][]) took 431.558ms
10-12 11:37:37.307 W/twitter.androi(2883): Verification of void com.twitter.database.hydrator.g.a(com.twitter.database.hydrator.HydrationRegistry$a) took 201.837ms
10-12 11:37:37.467 I/PeopleChimeraService(2731): onService. callbacks = aaga@63ec0f5, request = com.google.android.gms.common.internal.GetServiceRequest@a00fe8a
10-12 11:37:37.495 W/gle.android.gm(2731): Verification of void sji.<clinit>() took 228.886ms
10-12 11:37:37.519 W/earchbox:searc(1502): Verification of void com.google.android.apps.gsa.sidekick.shared.util.v.<init>(long) took 109.288ms
10-12 11:37:37.523 W/.gms.persisten(1130): Verification of bquv yvv.a(cafj, long, long) took 185.637ms
10-12 11:37:37.586 W/JobConfig(2883): setApiEnabled - GCM, false
10-12 11:37:37.621 I/system_server(626): Background concurrent copying GC freed 174425(8MB) AllocSpace objects, 77(4MB) LOS objects, 42% free, 17MB/30MB, paused 216us total 1.809s
10-12 11:37:37.661 W/.gms.persisten(1130): Verification of bquv yvv.a(cafj, java.lang.String) took 113.011ms
10-12 11:37:37.703 W/gle.android.gm(2731): Verification of void agwb.b(com.google.android.gms.measurement.internal.EventParcel, com.google.android.gms.measurement.internal.AppMetadata) took 107.860ms
10-12 11:37:37.729 W/gle.android.gm(2731): Verification of void acnv.<init>(byte) took 198.800ms
10-12 11:37:37.772 W/twitter.androi(2883): Verification of void xp9.d() took 132.352ms
10-12 11:37:37.794 W/oid.apps.photo(1914): Verification of void atjx.<init>(boolean[][][][][][][][][][][][][][][][][][][][][][][][][][][][][][][][], byte) took 469.741ms
10-12 11:37:37.810 D/JobProxy26(2883): Schedule one-off jobInfo success, request{id=68, tag=ScribeFlushJob, transient=false}, start 00:01:00, end 00:06:00 (from now), reschedule count 0
10-12 11:37:37.812 W/twitter.androi(2883): Long monitor contention with owner io-Thread-0 (3219) at boolean android.os.BinderProxy.transactNative(int, android.os.Parcel, android.os.Parcel, int)(Binder.java:-2) waiters=0 in void com.evernote.android.job.h.a(com.evernote.android.job.j) for 158ms
10-12 11:37:37.831 I/JobManager(2883): Found pending job request{id=68, tag=ScribeFlushJob, transient=false}, canceling
10-12 11:37:37.841 W/gle.android.gm(2731): Verification of void aagd.onServiceDestroy() took 109.202ms
10-12 11:37:37.894 W/.gms.persisten(1130): Verification of bquv yvv.a(java.util.List, java.lang.String) took 131.719ms
10-12 11:37:37.943 I/earchbox:searc(1502): JIT allocated 55KB for compiled code of com.google.protobuf.br com.google.protobuf.gb.a(com.google.protobuf.dn, int)
10-12 11:37:38.005 D/JobProxy26(2883): Schedule one-off jobInfo success, request{id=69, tag=ScribeFlushJob, transient=false}, start 00:01:00, end 00:06:00 (from now), reschedule count 0
10-12 11:37:38.020 W/gle.android.gm(2731): Verification of boolean agwb.b(java.lang.String, long) took 240.719ms
10-12 11:37:38.022 W/oid.apps.photo(1914): Verification of void atjx.<init>(char[][][][][][][][][][][][][][][][][][][][][][][][][][][][][][][][][]) took 226.748ms
10-12 11:37:38.031 D/SoLoader(2883): init start
10-12 11:37:38.031 D/SoLoader(2883): adding system library source: /vendor/lib
10-12 11:37:38.036 I/GmsTraceSample(2731): 513ms performing container-GmsBoundBrokerService$ChimeraService_onBind [10,3% sampled, 99 omitted, module=container, caller=null]
10-12 11:37:38.037 D/SoLoader(2883): adding system library source: /system/lib
10-12 11:37:38.039 D/SoLoader(2883): adding application source: com.facebook.soloader.c[root = /data/app/com.twitter.android-Z5OYOX8EHY6SrCkc636sPQ==/lib/arm flags = 0]
10-12 11:37:38.053 W/twitter.androi(2883): Verification of int bj6.a(int, android.database.sqlite.SQLiteDatabase, android.content.ContentValues, int, m79$i) took 221.579ms
10-12 11:37:38.067 I/gle.android.gm(2731): Background concurrent copying GC freed 16866(1619KB) AllocSpace objects, 19(440KB) LOS objects, 50% free, 4MB/9MB, paused 24.320ms total 1.033s
10-12 11:37:38.080 I/GmsTraceSample(2731): 1690ms performing checkinbase-CheckinApiChimeraService-IGmsServiceBroker_45 [33,8% sampled, 3 omitted, module=checkinbase, caller=null]
10-12 11:37:38.101 I/GmsTraceSample(2731): 1366ms performing people-PeopleChimeraService-IGmsServiceBroker_45 [27,3% sampled, 4 omitted, module=people, caller=null]
10-12 11:37:38.112 W/gle.android.gm(2731): Long monitor contention with owner Binder:2731_5 (3205) at agwb agwb.a(android.content.Context)(:com.google.android.gms@19420035@19.4.20 (100306-271418971):1) waiters=0 in agwb agwb.a(android.content.Context) for 561ms
10-12 11:37:38.113 W/gle.android.gm(2731): Long monitor contention with owner Binder:2731_5 (3205) at agwb agwb.a(android.content.Context)(:com.google.android.gms@19420035@19.4.20 (100306-271418971):1) waiters=1 in agwb agwb.a(android.content.Context) for 562ms
10-12 11:37:38.150 D/SoLoader(2883): adding backup source from : com.facebook.soloader.a[root = /data/data/com.twitter.android/lib-main flags = 1]
10-12 11:37:38.150 D/SoLoader(2883): adding backup sources from split apks
10-12 11:37:38.151 D/SoLoader(2883): adding backup source: com.facebook.soloader.a[root = /data/data/com.twitter.android/lib-0 flags = 1]
10-12 11:37:38.152 D/SoLoader(2883): adding backup source: com.facebook.soloader.a[root = /data/data/com.twitter.android/lib-1 flags = 1]
10-12 11:37:38.152 D/SoLoader(2883): adding backup source: com.facebook.soloader.a[root = /data/data/com.twitter.android/lib-2 flags = 1]
10-12 11:37:38.153 D/SoLoader(2883): Preparing SO source: com.facebook.soloader.c[root = /system/lib flags = 2]
10-12 11:37:38.154 D/SoLoader(2883): Preparing SO source: com.facebook.soloader.c[root = /system/vendor/lib flags = 2]
10-12 11:37:38.154 D/SoLoader(2883): Preparing SO source: com.facebook.soloader.c[root = /data/app/com.twitter.android-Z5OYOX8EHY6SrCkc636sPQ==/lib/arm flags = 0]
10-12 11:37:38.154 D/SoLoader(2883): Preparing SO source: com.facebook.soloader.a[root = /data/data/com.twitter.android/lib-2 flags = 1]
10-12 11:37:38.162 V/fb-UnpackingSoSource(2883): locked dso store /data/user/0/com.twitter.android/lib-2
10-12 11:37:38.175 W/oid.apps.photo(1914): Verification of void atjx.<init>(char[][][][][][][][][][][][][][][][][][][][][][][][][][][][][][][][][], byte) took 136.826ms
10-12 11:37:38.191 W/twitter.androi(2883): Verification of int bj6.a(long, int, com.twitter.model.core.e) took 115.361ms
10-12 11:37:38.211 I/fb-UnpackingSoSource(2883): dso store is up-to-date: /data/user/0/com.twitter.android/lib-2
10-12 11:37:38.211 V/fb-UnpackingSoSource(2883): releasing dso store lock for /data/user/0/com.twitter.android/lib-2
10-12 11:37:38.226 W/twitter.androi(2883): Long monitor contention with owner mainNetwork-core-Thread-1 (3235) at boolean android.os.BinderProxy.transactNative(int, android.os.Parcel, android.os.Parcel, int)(Binder.java:-2) waiters=0 in com.twitter.model.core.v0 com.twitter.app.common.account.x.getUser() for 137ms
10-12 11:37:38.227 D/SoLoader(2883): Preparing SO source: com.facebook.soloader.a[root = /data/data/com.twitter.android/lib-1 flags = 1]
10-12 11:37:38.231 V/fb-UnpackingSoSource(2883): locked dso store /data/user/0/com.twitter.android/lib-1
10-12 11:37:38.242 I/fb-UnpackingSoSource(2883): dso store is up-to-date: /data/user/0/com.twitter.android/lib-1
10-12 11:37:38.242 V/fb-UnpackingSoSource(2883): releasing dso store lock for /data/user/0/com.twitter.android/lib-1
10-12 11:37:38.243 D/SoLoader(2883): Preparing SO source: com.facebook.soloader.a[root = /data/data/com.twitter.android/lib-0 flags = 1]
10-12 11:37:38.248 V/fb-UnpackingSoSource(2883): locked dso store /data/user/0/com.twitter.android/lib-0
10-12 11:37:38.252 I/fb-UnpackingSoSource(2883): dso store is up-to-date: /data/user/0/com.twitter.android/lib-0
10-12 11:37:38.252 V/fb-UnpackingSoSource(2883): releasing dso store lock for /data/user/0/com.twitter.android/lib-0
10-12 11:37:38.253 D/SoLoader(2883): Preparing SO source: com.facebook.soloader.a[root = /data/data/com.twitter.android/lib-main flags = 1]
10-12 11:37:38.254 V/fb-UnpackingSoSource(2883): locked dso store /data/user/0/com.twitter.android/lib-main
10-12 11:37:38.265 I/fb-UnpackingSoSource(2883): dso store is up-to-date: /data/user/0/com.twitter.android/lib-main
10-12 11:37:38.265 V/fb-UnpackingSoSource(2883): releasing dso store lock for /data/user/0/com.twitter.android/lib-main
10-12 11:37:38.265 D/SoLoader(2883): init finish: 7 SO sources prepared
10-12 11:37:38.265 D/SoLoader(2883): init exiting
10-12 11:37:38.278 W/oid.apps.photo(1914): Verification of void atjx.<init>(float[][][][][][][][][][][][][][][][][][][][][][][][][][][][][][][][][]) took 103.596ms
10-12 11:37:38.338 I/GmsTraceSample(2731): 2484ms performing WakeLock [49,7% sampled, 21 omitted, module=null, caller=null]
10-12 11:37:38.350 I/android.traceu(3152): Waiting for a blocking GC ProfileSaver
10-12 11:37:38.373 I/android.traceu(3152): WaitForGcToComplete blocked ProfileSaver on HeapTrim for 22.896ms
10-12 11:37:38.396 W/twitter.androi(2883): Verification of int bj6.a(android.database.sqlite.SQLiteDatabase, long, int, java.lang.String, boolean, l79, int, android.content.ContentValues) took 130.887ms
10-12 11:37:38.420 I/GmsTraceSample(2731): 2492ms performing WakeLock [49,8% sampled, 10 omitted, module=null, caller=null]
10-12 11:37:38.472 I/GmsTraceSample(2731): 2518ms performing WakeLock [50,4% sampled, 7 omitted, module=null, caller=null]
10-12 11:37:38.492 W/oid.apps.photo(1914): Verification of void atjx.<init>(int[][][][][][][][][][][][][][][][][][][][][][][][][][][][][][][][][]) took 171.075ms
10-12 11:37:38.538 W/gle.android.gm(2731): Long monitor contention with owner Binder:2731_7 (3209) at agwb agwb.a(android.content.Context)(:com.google.android.gms@19420035@19.4.20 (100306-271418971):1) waiters=2 in agwb agwb.a(android.content.Context) for 415ms
10-12 11:37:38.596 W/twitter.androi(2883): Long monitor contention with owner RxCachedThreadScheduler-3 (3226) at com.twitter.util.forecaster.h com.twitter.util.forecaster.i.get()(Twttr:2) waiters=0 in java.lang.Object wwb.get() for 622ms
10-12 11:37:38.651 I/Choreographer(2832): Skipped 69 frames!  The application may be doing too much work on its main thread.
10-12 11:37:38.669 I/OpenGLRenderer(2832): Davey! duration=1173ms; Flags=0, IntendedVsync=186138968357, Vsync=187288968380, OldestInputEvent=9223372036854775807, NewestInputEvent=0, HandleInputStart=187294449658, AnimationStart=187294482367, PerformTraversalsStart=187294700440, DrawStart=187294777263, SyncQueued=187294855908, SyncStart=187294903408, IssueDrawCommandsStart=187295012888, SwapBuffers=187295843825, FrameCompleted=187312202107, DequeueBufferDuration=3088000, QueueBufferDuration=1560000, 
10-12 11:37:38.767 W/oid.apps.photo(1914): Verification of void atjx.<init>(short[][][][][][][][][][][][][][][][][][][][][][][][][][][][][][][][][]) took 274.468ms
10-12 11:37:38.788 W/twitter.androi(2883): Verification of void com.twitter.android.client.e0.b(zs5, rs5) took 168.023ms
10-12 11:37:38.792 W/gle.android.gm(2731): Verification of void bxuy.a(bvfe) took 103.148ms
10-12 11:37:39.022 I/GmsTraceSample(2731): 2913ms performing WakeLock [58,3% sampled, 51 omitted, module=null, caller=null]
10-12 11:37:39.034 D/PackageManager(626): [41e0475b-5b1e-45d7-ac40-cadb1ff6c0dc] Phase1; resolving
10-12 11:37:39.044 V/PackageManager(626): [41e0475b-5b1e-45d7-ac40-cadb1ff6c0dc] Binding to instant app resolver
10-12 11:37:39.086 W/.gms.persisten(1130): Verification of com.google.android.gms.lockbox.internal.LockboxOptInFlags afov.a(java.lang.String) took 193.720ms
10-12 11:37:39.112 W/twitter.androi(2883): Verification of da9 da9$b.a(rqb, int) took 138.892ms
10-12 11:37:39.187 W/twitter.androi(2883): Verification of void com.twitter.twittertext.d.<clinit>() took 212.426ms
10-12 11:37:39.220 W/twitter.androi(2883): Verification of vs5 com.twitter.android.card.h0.a(android.app.Activity, u5b, il8, th0) took 260.317ms
10-12 11:37:39.265 W/gle.android.gm(2731): Verification of void rcl.a(rlg) took 142.829ms
10-12 11:37:39.270 W/twitter.androi(2883): Verification of void hjb.<init>(android.content.Context, ojb, kjb, mnb) took 136.920ms
