10-12 11:37:15.339 I/GsaNativeCrashHandler(1502): Loaded shared library: nativecrashreporter
10-12 11:37:15.362 I/tflite  (1502): Initialized TensorFlow Lite runtime.
10-12 11:37:15.370 I/MicroDataManager(1502): Created a new hotword model for:
10-12 11:37:15.370 I/MicroDataManager(1502):  LOC: https://www.gstatic.com/android-search/hotword/x_google/4c9749b78975a045265ba28ac0dfd83f/hotword.data SR: 16000 CC: 1
10-12 11:37:15.396 I/luscubed.matlo(2832): Background concurrent copying GC freed 10332(3MB) AllocSpace objects, 4(80KB) LOS objects, 52% free, 1417KB/2MB, paused 561us total 256.094ms
10-12 11:37:15.439 W/oid.apps.photo(1914): Verification of void atjx.<init>(int[][][][][][][][][][]) took 510.051ms
10-12 11:37:15.453 W/putmethod.lati(2406): Long monitor contention with owner PhenotypeExpConf-1 (2585) at int android.content.res.AssetManager.getResourceIdentifier(java.lang.String, java.lang.String, java.lang.String)(AssetManager.java:700) waiters=0 in java.lang.String android.content.res.AssetManager.getResourceEntryName(int) for 175ms
10-12 11:37:15.514 W/earchbox:searc(1502): Verification of void com.google.android.apps.gsa.staticplugins.microdetection.c.l.<init>(com.google.android.apps.gsa.staticplugins.microdetection.c.k, com.google.android.libraries.gsa.n.g, com.google.android.apps.gsa.speech.microdetection.a.c.e, com.google.android.apps.gsa.shared.k.b, c.a, com.google.android.apps.gsa.shared.k.b.a, com.google.android.apps.gsa.speech.microdetection.a.d.a, com.google.android.apps.gsa.staticplugins.microdetection.c.o, android.content.Context, com.google.android.apps.gsa.staticplugins.microdetection.c.h, boolean) took 139.525ms
10-12 11:37:15.548 I/WifiService(626): acquireWifiLock uid=10006 lockMode=2
10-12 11:37:15.732 I/InputDispatcher(626): Window 'Window{6d0548 u0 com.android.launcher3/com.android.launcher3.lineage.LineageLauncher}' spent 2135.4ms processing the last input event: MotionEvent(deviceId=2, source=0x00001002, action=DOWN, actionButton=0x00000000, flags=0x00000000, metaState=0x00000000, buttonState=0x00000000, edgeFlags=0x00000000, xPrecision=1.0, yPrecision=1.0, displayId=0, pointers=[0: (108.8, 591.5)]), policyFlags=0x62000000
10-12 11:37:15.753 V/chatty  (1130): uid=10006 com.google.android.gms.persistent expire 1 line
10-12 11:37:15.757 V/chatty  (1130): uid=10006(com.google.android.gms) lowpool[5] expire 1 line
10-12 11:37:15.847 W/putmethod.lati(2406): Verification of void com.google.android.apps.inputmethod.libs.maestro.MaestroExtensionImpl.<init>() took 557.690ms
10-12 11:37:15.942 V/chatty  (1130): uid=10006 com.google.android.gms.persistent expire 3 lines
10-12 11:37:15.964 W/earchbox:searc(1502): Verification of android.os.IBinder com.google.android.apps.gsa.publicsearch.PublicSearchService.onBind(android.content.Intent) took 196.158ms
10-12 11:37:15.976 I/PublicSearchService(1502): Creating pss binder().
10-12 11:37:15.985 W/earchbox:searc(1502): Verification of com.google.android.apps.gsa.shared.speech.l com.google.android.apps.gsa.staticplugins.microdetection.c.l.a() took 407.976ms
10-12 11:37:16.046 I/MicroDataManager(1502): isInitializing-false locale not changed-true model not changed-true
10-12 11:37:16.065 W/oid.apps.photo(1914): Verification of void atjx.<init>(byte[][][][][][][][][][][], byte) took 522.098ms
10-12 11:37:16.068 I/HotwordHelper(1502): hasHotwordEverywhere-true
10-12 11:37:16.087 I/MicroDetectionState(1502): Should stop hotword detection immediately - false
10-12 11:37:16.090 I/MicroDetector(1502): Keeping mic open: false
10-12 11:37:16.090 I/DeviceStateChecker(1502): DeviceStateChecker cancelled
10-12 11:37:16.094 I/AudioController(1502): internalShutdown
10-12 11:37:16.158 W/ActivityManager(626): Scheduling restart of crashed service com.google.android.gms/.analytics.service.AnalyticsService in 1000ms
10-12 11:37:16.172 I/MultipleReaderAudioSrc(1502): Using micInputStream
10-12 11:37:16.173 E/AudioSource(1502): Stop listening is called on already closed AudioSource
10-12 11:37:16.199 W/earchbox:searc(1502): Verification of java.lang.String com.google.android.apps.gsa.staticplugins.microdetection.c.b.toString() took 126.020ms
10-12 11:37:16.203 W/oid.apps.photo(1914): Long monitor contention with owner ptz-ui-4-BACKGROUND_EAGER_INITIALIZER (2849) at int fet.a(int[], int, int)(PG:-1) waiters=0 in kdi emr.a() for 300ms
10-12 11:37:16.227 W/Looper  (626): Slow dispatch took 110ms main h=android.app.ActivityThread$H c=android.app.LoadedApk$ServiceDispatcher$RunConnection@4c5b670 m=0
10-12 11:37:16.237 W/oid.apps.photo(1914): Verification of void atjx.<init>(char[][][][][][][][][][][], byte) took 155.956ms
10-12 11:37:16.245 E/HwDetectorWithState(2023): a: 3
10-12 11:37:16.245 I/GsaVoiceInteractionSrv(2023): #checkDspStatus
10-12 11:37:16.252 V/chatty  (1130): uid=10006(com.google.android.gms) highpool[4] expire 1 line
10-12 11:37:16.262 I/PublicSearchService(1502): Calling beginBinderSession().
10-12 11:37:16.387 V/chatty  (1130): uid=10006 com.google.android.gms.persistent expire 1 line
10-12 11:37:16.393 W/luscubed.matlo(2832): Verification of void com.google.android.gms.measurement.internal.zzak.zzgz() took 137.729ms
10-12 11:37:16.468 W/putmethod.lati(2406): Verification of int bqx.a(jws) took 145.516ms
10-12 11:37:16.469 D/NetworkSecurityConfig(2832): No Network Security Config specified, using platform default
10-12 11:37:16.499 W/putmethod.lati(2406): Verification of void com.google.android.apps.inputmethod.libs.maestro.MaestroExtensionImpl.a(kcc) took 633.256ms
10-12 11:37:16.524 D/WificondControl(626): Scan result ready event
10-12 11:37:16.526 I/EthernetTracker(626): interfaceLinkStateChanged, iface: wlan0, up: true
10-12 11:37:16.567 W/d.process.medi(1692): Suspending all threads took: 17.960ms
10-12 11:37:16.580 W/luscubed.matlo(2832): Verification of boolean com.google.android.gms.measurement.internal.zzam.zza(int, byte[]) took 114.052ms
10-12 11:37:16.587 D/OpenGLRenderer(2832): Skia GL Pipeline
10-12 11:37:16.627 W/oid.apps.photo(1914): Verification of void ouw.run() took 150.306ms
10-12 11:37:16.678 D/NetworkMonitor/NetworkAgentInfo [WIFI () - 101](  626): PROBE_HTTPS https://www.google.com/generate_204 time=3162ms ret=204 request={User-Agent=[Mozilla/5.0 (X11; Linux x86_64) AppleWebKit/537.36 (KHTML, like Gecko) Chrome/60.0.3112.32 Safari/537.36]} headers={null=[HTTP/1.1 204 No Content], Alt-Svc=[quic=":443"; ma=2592000; v="46,43",h3-Q048=":443"; ma=2592000,h3-Q046=":443"; ma=2592000,h3-Q043=":443"; ma=2592000], Content-Length=[0], Date=[Sat, 12 Oct 2019 09:37:16 GMT], X-Android-Received-Millis=[1570873036677], X-Android-Response-Source=[NETWORK 204], X-Android-Selected-Protocol=[http/1.1], X-Android-Sent-Millis=[1570873033974]}
10-12 11:37:16.686 D/ConnectivityService(626): NetworkAgentInfo [WIFI () - 101] validation passed
10-12 11:37:16.691 I/GnssLocationProvider(626): WakeLock acquired by sendMessage(DOWNLOAD_XTRA_DATA, 0, null)
10-12 11:37:16.691 I/GnssLocationProvider(626): WakeLock acquired by sendMessage(UPDATE_NETWORK_STATE, 0, 101)
10-12 11:37:16.733 W/SyncManager(626): Clock is valid now.
10-12 11:37:16.743 I/Zygote  (2883): seccomp disabled by setenforce 0
10-12 11:37:16.746 D/ConnectivityService(626): Setting DNS servers for network 101 to [/fdb8:bb58:7c92::1, /192.168.1.1]
10-12 11:37:16.747 D/DnsManager(626): setDnsConfigurationForNetwork(101, [fdb8:bb58:7c92::1, 192.168.1.1], [lan], [1800, 25, 8, 64], , [fdb8:bb58:7c92::1, 192.168.1.1])
10-12 11:37:16.749 W/ActivityManager(626): Slow operation: 51ms so far, now at startProcess: done updating battery stats
10-12 11:37:16.749 W/ActivityManager(626): Slow operation: 51ms so far, now at startProcess: building log message
10-12 11:37:16.749 I/ActivityManager(626): Start proc 2883:com.twitter.android/u0a144 for service com.twitter.android/com.evernote.android.job.v21.PlatformJobService
10-12 11:37:16.749 W/ActivityManager(626): Slow operation: 51ms so far, now at startProcess: starting to update pids map
10-12 11:37:16.749 W/ActivityManager(626): Slow operation: 51ms so far, now at startProcess: done updating pids map
10-12 11:37:16.754 W/luscubed.matlo(2832): Verification of java.util.List com.google.android.gms.measurement.internal.zzam.zzr(int) took 118.934ms
10-12 11:37:16.763 V/chatty  (1130): uid=10006(com.google.android.gms) lowpool[5] expire 1 line
10-12 11:37:16.773 I/luscubed.matlo(2832): Background concurrent copying GC freed 5798(950KB) AllocSpace objects, 6(120KB) LOS objects, 49% free, 2MB/4MB, paused 33.091ms total 577.176ms
10-12 11:37:16.844 V/chatty  (1130): uid=10006(com.google.android.gms) Binder:1130_7 expire 2 lines
10-12 11:37:16.860 W/earchbox:searc(1502): Verification of void com.google.android.gms.m.ai.a(java.util.concurrent.Executor, com.google.android.gms.m.r) took 137.320ms
10-12 11:37:16.878 W/FontsContract(1502): Remote font fetch timed out: com.google.android.gms.fonts/Google Sans:500
10-12 11:37:16.899 W/earchbox:searc(1502): Long monitor contention with owner NonUserFacing7 (2848) at com.google.android.apps.gsa.staticplugins.microdetection.c.k com.google.android.apps.gsa.staticplugins.microdetection.c.a.a()(SourceFile:16) waiters=0 in void com.google.android.apps.gsa.staticplugins.microdetection.a.d.a(boolean) for 701ms
10-12 11:37:16.900 I/MicroRecognitionRunner(1502): Stopping hotword detection.
10-12 11:37:16.918 I/SuperDelight(2406): SuperDelightDownloadMetadataParser#parse(delight): Manifest parsed with 885 packs
10-12 11:37:16.920 I/SuperDelight(2406): SuperDelightManager#registerAndUpgradeSuperpacks(delight): current 2019100800, required 2019100800
10-12 11:37:16.926 I/Adreno-EGL(2832): <qeglDrvAPI_eglInitialize:379>: EGL 1.4 QUALCOMM build: Nondeterministic_AU_msm8974_LA.BF.1.1.3_RB1__release_AU (I741a3d36ca)
10-12 11:37:16.926 I/Adreno-EGL(2832): OpenGL ES Shader Compiler Version: E031.29.00.00
10-12 11:37:16.926 I/Adreno-EGL(2832): Build Date: 04/04/16 Mon
10-12 11:37:16.926 I/Adreno-EGL(2832): Local Branch: mybranch19053788
10-12 11:37:16.926 I/Adreno-EGL(2832): Remote Branch: quic/LA.BF.1.1.3_rb1.12
10-12 11:37:16.926 I/Adreno-EGL(2832): Local Patches: NONE
10-12 11:37:16.926 I/Adreno-EGL(2832): Reconstruct Branch: NOTHING
10-12 11:37:16.940 I/ConfigStore(2832): android::hardware::configstore::V1_0::ISurfaceFlingerConfigs::hasWideColorDisplay retrieved: 0
10-12 11:37:16.941 I/ConfigStore(2832): android::hardware::configstore::V1_0::ISurfaceFlingerConfigs::hasHDRDisplay retrieved: 0
10-12 11:37:16.941 I/OpenGLRenderer(2832): Initialized EGL, version 1.4
10-12 11:37:16.941 D/OpenGLRenderer(2832): Swap behavior 1
10-12 11:37:16.952 W/Adreno-EGL(2832): <qeglDrvAPI_eglGetConfigAttrib:607>: EGL_BAD_ATTRIBUTE
10-12 11:37:16.960 W/DnsTlsSocket(306): SSL_connect error 5, errno=111
10-12 11:37:16.960 E/DnsTlsSocket(306): Failed to increment eventfd by -9223372036854775808
10-12 11:37:16.963 W/DnsTlsSocket(306): SSL_connect error 5, errno=111
10-12 11:37:16.963 E/DnsTlsSocket(306): Failed to increment eventfd by -9223372036854775808
10-12 11:37:16.972 W/Adreno-EGL(2832): <qeglDrvAPI_eglGetConfigAttrib:607>: EGL_BAD_ATTRIBUTE
10-12 11:37:17.006 W/ActivityManager(626): Slow operation: 65ms so far, now at startProcess: returned from zygote!
10-12 11:37:17.013 I/Zygote  (2905): seccomp disabled by setenforce 0
10-12 11:37:17.031 D/vndksupport(2832): Loading /vendor/lib/hw/gralloc.msm8226.so from current namespace instead of sphal namespace.
10-12 11:37:17.033 W/earchbox:searc(1502): Verification of java.lang.Object com.google.android.gms.m.ai.d() took 123.738ms
10-12 11:37:17.055 W/LastMileLogger(626): Failed to stop event tracing: /sys/kernel/debug/tracing/instances/wifi/tracing_on (No such file or directory)
10-12 11:37:17.055 V/LastMileLogger(626): Failed to read event trace: /sys/kernel/debug/tracing/instances/wifi/trace: open failed: ENOENT (No such file or directory)
10-12 11:37:17.056 W/luscubed.matlo(2832): Verification of void com.google.android.gms.measurement.internal.zzdz.zzd(com.google.android.gms.measurement.internal.zzm) took 202.935ms
10-12 11:37:17.056 E/WifiHAL (321): Packet monitoring is not yet triggered
10-12 11:37:17.058 E/WifiVendorHal(626): getTxPktFates(l.2219) failed {.code = ERROR_NOT_AVAILABLE, .description = }
10-12 11:37:17.058 E/WifiHAL (321): Packet monitoring is not yet triggered
10-12 11:37:17.059 E/WifiVendorHal(626): getRxPktFates(l.2261) failed {.code = ERROR_NOT_AVAILABLE, .description = }
10-12 11:37:17.060 W/ActivityManager(626): Slow operation: 106ms so far, now at attachApplicationLocked: after mServices.attachApplicationLocked
10-12 11:37:17.073 W/system_server(626): Long monitor contention with owner Binder:626_6 (1107) at void com.android.server.am.ActivityManagerService.attachApplication(android.app.IApplicationThread, long)(ActivityManagerService.java:8055) waiters=1 in android.app.ContentProviderHolder com.android.server.am.ActivityManagerService.getContentProviderImpl(android.app.IApplicationThread, java.lang.String, android.os.IBinder, boolean, int) for 110ms
10-12 11:37:17.076 W/ActivityManager(626): Slow operation: 135ms so far, now at startProcess: done updating battery stats
10-12 11:37:17.077 W/ActivityManager(626): Slow operation: 136ms so far, now at startProcess: building log message
10-12 11:37:17.077 I/ActivityManager(626): Start proc 2905:com.google.android.ears/u0a139 for service com.google.android.ears/.heard.EarsSyncAdapterService
10-12 11:37:17.077 W/ActivityManager(626): Slow operation: 136ms so far, now at startProcess: starting to update pids map
10-12 11:37:17.077 W/ActivityManager(626): Slow operation: 136ms so far, now at startProcess: done updating pids map
10-12 11:37:17.109 I/twitter.androi(2883): The ClassLoaderContext is a special shared library.
10-12 11:37:17.125 E/BrdcstRcvrServiceConn(2023): binder null, could not send broadcast of action
10-12 11:37:17.177 W/oid.apps.photo(1914): Verification of void atjx.<init>(int[][][][][][][][][][][]) took 937.186ms
10-12 11:37:17.236 W/ActivityManager(626): Scheduling restart of crashed service com.google.android.gms/.analytics.service.AnalyticsService in 1000ms
10-12 11:37:17.244 W/putmethod.lati(2406): Verification of boolean com.google.android.apps.inputmethod.libs.maestro.MaestroExtensionImpl.b(android.view.inputmethod.EditorInfo) took 604.680ms
10-12 11:37:17.260 W/KeyphraseEnrollmentInfo(2023): No enrollment application supports the given keyphrase/locale: 'X Google'/it_IT
10-12 11:37:17.260 I/GsaVoiceInteractionSrv(2023): Creating AOHD: Keyphrase - X Google, Locale - it-IT/it-IT
10-12 11:37:17.288 I/GsaVoiceInteractionSrv(2023): onAvailabilityChanged -2
10-12 11:37:17.327 W/oid.apps.photo(1914): Verification of void atjx.<init>(int[][][][][][][][][][][], byte) took 150.162ms
10-12 11:37:17.370 I/Choreographer(2832): Skipped 33 frames!  The application may be doing too much work on its main thread.
10-12 11:37:17.384 V/chatty  (1130): uid=10006 com.google.android.gms.persistent expire 20 lines
10-12 11:37:17.385 I/.gms.persisten(1130):   at void java.util.concurrent.ThreadPoolExecutor.runWorker(java.util.concurrent.ThreadPoolExecutor$Worker) (ThreadPoolExecutor.java:1167)
10-12 11:37:17.385 I/.gms.persisten(1130):   at void java.util.concurrent.ThreadPoolExecutor$Worker.run() (ThreadPoolExecutor.java:641)
10-12 11:37:17.385 I/.gms.persisten(1130):   at void java.lang.Thread.run() (Thread.java:764)
10-12 11:37:17.385 I/.gms.persisten(1130): 
10-12 11:37:17.385 I/.gms.persisten(1130): Rejecting re-init on previously-failed class java.lang.Class<abvy>: java.lang.NoClassDefFoundError: Failed resolution of: Landroid/telephony/TelephonyManager$CellInfoCallback;
10-12 11:37:17.386 I/.gms.persisten(1130):   at java.lang.String abvv.d(java.lang.String) (:com.google.android.gms@19420035@19.4.20 (100306-271418971):203)
10-12 11:37:17.386 I/.gms.persisten(1130):   at void com.google.android.gms.herrevad.services.PersistentCaptivePortalUpdateIntentOperation.onHandleIntent(android.content.Intent) (:com.google.android.gms@19420035@19.4.20 (100306-271418971):7)
10-12 11:37:17.386 I/.gms.persisten(1130):   at void com.google.android.chimera.IntentOperation.onHandleIntent(android.content.Intent, boolean) (:com.google.android.gms@19420035@19.4.20 (100306-271418971):2)
10-12 11:37:17.386 I/.gms.persisten(1130):   at void qmy.onHandleIntent(android.content.Intent, boolean) (:com.google.android.gms@19420035@19.4.20 (100306-271418971):4)
10-12 11:37:17.386 I/.gms.persisten(1130):   at void dzk.run() (:com.google.android.gms@19420035@19.4.20 (100306-271418971):11)
10-12 11:37:17.386 I/.gms.persisten(1130):   at void dzf.run() (:com.google.android.gms@19420035@19.4.20 (100306-271418971):9)
10-12 11:37:17.386 I/.gms.persisten(1130):   at void java.util.concurrent.ThreadPoolExecutor.runWorker(java.util.concurrent.ThreadPoolExecutor$Worker) (ThreadPoolExecutor.java:1167)
10-12 11:37:17.386 I/.gms.persisten(1130):   at void java.util.concurrent.ThreadPoolExecutor$Worker.run() (ThreadPoolExecutor.java:641)
10-12 11:37:17.386 I/.gms.persisten(1130):   at void java.lang.Thread.run() (Thread.java:764)
10-12 11:37:17.386 I/.gms.persisten(1130): Caused by: java.lang.ClassNotFoundException: Didn't find class "android.telephony.TelephonyManager$CellInfoCallback" on path: DexPathList[[zip file "/system/framework/org.apache.http.legacy.boot.jar", zip file "/system/framework/com.android.media.remotedisplay.jar", zip file "/system/framework/com.android.location.provider.jar", zip file "/data/app/com.google.android.gms-vLUFRrT7i659fgI2MXR3cA==/base.apk"],nativeLibraryDirectories=[/data/app/com.google.android.gms-vLUFRrT7i659fgI2MXR3cA==/lib/arm, /data/app/com.google.android.gms-vLUFRrT7i659fgI2MXR3cA==/base.apk!/lib/armeabi-v7a, /system/lib, /system/vendor/lib]]
10-12 11:37:17.386 I/.gms.persisten(1130):   at java.lang.Class dalvik.system.BaseDexClassLoader.findClass(java.lang.String) (BaseDexClassLoader.java:134)
10-12 11:37:17.386 I/.gms.persisten(1130):   at java.lang.Class java.lang.ClassLoader.loadClass(java.lang.String, boolean) (ClassLoader.java:379)
10-12 11:37:17.386 I/.gms.persisten(1130):   at java.lang.Class java.lang.ClassLoader.loadClass(java.lang.String) (ClassLoader.java:312)
10-12 11:37:17.386 I/.gms.persisten(1130):   at java.lang.String abvv.d(java.lang.String) (:com.google.android.gms@19420035@19.4.20 (100306-271418971):203)
10-12 11:37:17.386 I/.gms.persisten(1130):   at void com.google.android.gms.herrevad.services.PersistentCaptivePortalUpdateIntentOperation.onHandleIntent(android.content.Intent) (:com.google.android.gms@19420035@19.4.20 (100306-271418971):7)
10-12 11:37:17.386 I/.gms.persisten(1130):   at void com.google.android.chimera.IntentOperation.onHandleIntent(android.content.Intent, boolean) (:com.google.android.gms@19420035@19.4.20 (100306-271418971):2)
10-12 11:37:17.386 I/.gms.persisten(1130):   at void qmy.onHandleIntent(android.content.Intent, boolean) (:com.google.android.gms@19420035@19.4.20 (100306-271418971):4)
10-12 11:37:17.386 I/.gms.persisten(1130):   at void dzk.run() (:com.google.android.gms@19420035@19.4.20 (100306-271418971):11)
10-12 11:37:17.386 I/.gms.persisten(1130):   at void dzf.run() (:com.google.android.gms@19420035@19.4.20 (100306-271418971):9)
10-12 11:37:17.386 I/.gms.persisten(1130):   at void java.util.concurrent.ThreadPoolExecutor.runWorker(java.util.concurrent.ThreadPoolExecutor$Worker) (ThreadPoolExecutor.java:1167)
10-12 11:37:17.386 I/.gms.persisten(1130):   at void java.util.concurrent.ThreadPoolExecutor$Worker.run() (ThreadPoolExecutor.java:641)
10-12 11:37:17.386 I/.gms.persisten(1130):   at void java.lang.Thread.run() (Thread.java:764)
10-12 11:37:17.386 I/.gms.persisten(1130): 
10-12 11:37:17.387 I/le.android.ear(2905): The ClassLoaderContext is a special shared library.
10-12 11:37:17.475 D/vndksupport(2832): Loading /vendor/lib/hw/android.hardware.graphics.mapper@2.0-impl.so from current namespace instead of sphal namespace.
10-12 11:37:17.477 D/vndksupport(2832): Loading /vendor/lib/hw/gralloc.msm8226.so from current namespace instead of sphal namespace.
10-12 11:37:17.585 W/putmethod.lati(2406): Verification of void com.google.android.apps.inputmethod.libs.maestro.MaestroExtensionImpl.c() took 341.642ms
10-12 11:37:17.792 W/oid.apps.photo(1914): Long monitor contention with owner ptz-ui-2 (2401) at long android.database.sqlite.SQLiteConnection.nativeExecuteForCursorWindow(long, long, long, int, int, boolean)(SQLiteConnection.java:-2) waiters=0 in ny aakt.b() for 445ms
10-12 11:37:17.840 E/EarsResultStorage(2905): Could not load history from file! /data/user/0/com.google.android.ears/files/HeardResults (No such file or directory)
10-12 11:37:17.840 I/EarsContentProvider(2905): Imported 0 previous matches from file
10-12 11:37:17.845 W/luscubed.matlo(2832): Verification of java.util.List com.crashlytics.android.core.ReportUploader.findReports() took 105.765ms
10-12 11:37:17.848 W/earchbox:searc(1502): Verification of java.lang.Object com.google.aa.c.cb.dynamicMethod$ar$edu$3137d17c_0$ar$ds(int, java.lang.Object) took 338.294ms
10-12 11:37:17.907 I/FA      (2832): App measurement is starting up, version: 14700
10-12 11:37:17.924 I/FA      (2832): To enable debug logging run: adb shell setprop log.tag.FA VERBOSE
10-12 11:37:17.924 I/FA      (2832): To enable faster debug mode event logging run:
10-12 11:37:17.924 I/FA      (2832):   adb shell setprop debug.firebase.analytics.app com.pluscubed.matlog
10-12 11:37:17.999 V/EarsSyncAdapter(2905): Start sync for bosconovic@gmail.com - com.google
10-12 11:37:18.024 I/WifiService(626): releaseWifiLock uid=10006
10-12 11:37:18.062 D/su      (2892): su invoked.
10-12 11:37:18.066 I/GmsTraceSample(1130): 2544ms performing location_base-GoogleLocationChimeraService_onCreate -> WakeLock [50,9% sampled, 42 omitted, module=location_base, caller=null]
10-12 11:37:18.070 W/oid.apps.photo(1914): Verification of j$.time.ZoneId j$.time.ZoneId.from(j$.time.temporal.TemporalAccessor) took 105.055ms
10-12 11:37:18.116 W/le.android.ear(2905): Verification of java.lang.String com.google.common.base.Preconditions.format(java.lang.String, java.lang.Object[]) took 106.460ms
10-12 11:37:18.123 W/.gms.persisten(1130): Verification of java.lang.Object zcw.a(java.lang.String) took 363.522ms
10-12 11:37:18.127 W/oid.apps.photo(1914): Verification of void atjx.<init>(boolean[][][][][][][][][][][], byte) took 797.741ms
10-12 11:37:18.128 W/AlarmManager(626): Unrecognized alarm listener com.android.server.wifi.WifiConfigStore$1@28b981f
10-12 11:37:18.128 D/su      (2892): starting daemon client 10120 10120
10-12 11:37:18.157 D/su      (2934): remote pid: 2892
10-12 11:37:18.157 D/su      (2934): remote pts_slave: 
10-12 11:37:18.158 D/su      (2934): waiting for child exit
10-12 11:37:18.162 D/su      (2935): su invoked.
10-12 11:37:18.163 E/su      (2935): SU from: u0_a120
10-12 11:37:18.164 D/su      (2935): Checking whether app [uid:10120, pkgName: com.pluscubed.matlog] is allowed to be root
10-12 11:37:18.187 I/Choreographer(1502): Skipped 123 frames!  The application may be doing too much work on its main thread.
10-12 11:37:18.192 I/BgTaskExecutorImpl(1502): Starting EXCLUSIVE background task WEAR_STATUS_SYNCER_UPDATE_OPT_IN_STATUS_IF_CHANGED.
10-12 11:37:18.202 D/su      (2935): Privilege elevation allowed by appops
10-12 11:37:18.203 D/su      (2935): Allowing via appops.
10-12 11:37:18.203 D/su      (2935): 10120 /system/bin/app_process32 executing 0 /system/bin/sh using binary /system/bin/sh : sh
10-12 11:37:18.204 D/su      (2935): Waiting for pid 2936.
10-12 11:37:18.213 I/keystore(376): 1 0
10-12 11:37:18.267 I/BgTaskExecutorImpl(1502): Starting EXCLUSIVE background task SEARCH_WIDGET_REFRESH_TASK.
10-12 11:37:18.276 I/keystore(376): 1 0
10-12 11:37:18.287 I/BgTaskExecutorImpl(1502): Starting EXCLUSIVE background task NOW_UPDATE_GCM_REGISTRATION.
10-12 11:37:18.304 D/WifiConfigStore(626): Writing to stores completed in 173 ms.
10-12 11:37:18.377 W/SessionLifecycleManager(1502): Client : AttachedClient[6607436732659321, ClientConfig[mFlags=[40000088001] mSuggestFlags=[0] mClientId=HOTWORD_SERVICE mSessionType=search publicSearchServiceCallerUid=-1]] has no associated SessionController
10-12 11:37:17.293 V/chatty  (2023): uid=10025 com.google.android.googlequicksearchbox:interactor identical 2 lines
10-12 11:37:17.293 W/KeyphraseEnrollmentInfo(2023): No enrollment application supports the given keyphrase/locale: 'X Google'/it_IT
10-12 11:37:18.401 W/putmethod.lati(2406): Verification of void com.google.android.apps.inputmethod.libs.maestro.MaestroExtensionImpl.dump(android.util.Printer, boolean) took 815.698ms
10-12 11:37:18.469 I/GmsTraceSample(1130): 1211ms performing fitness-FitnessSyncAdapterChimeraService_onCreate [24,2% sampled, 2 omitted, module=fitness, caller=null]
10-12 11:37:18.478 W/luscubed.matlo(2832): Verification of java.lang.Object com.google.android.gms.measurement.internal.zzj.createFromParcel(android.os.Parcel) took 131.564ms
10-12 11:37:18.551 I/PBSessionCacheImpl(1502): Deleted sessionId[6607436732659320] from persistence.
10-12 11:37:18.568 V/ChimeraUtils(1130): Non Chimera context
10-12 11:37:18.569 V/ChimeraUtils(1130): Non Chimera context
10-12 11:37:18.570 D/ConditionProviders(626): Disabling component com.google.android.apps.wellbeing/.dnd.impl.DndConditionProviderService
10-12 11:37:18.614 W/ThreadPoolDumper(1502): Queue length for executor EventBus is now 11. Perhaps some tasks are too long, or the pool is too small.
10-12 11:37:18.702 W/oid.apps.photo(1914): Verification of void atjx.<init>(byte[][][][][][][][][][][][], byte) took 485.832ms
10-12 11:37:18.759 W/.gms.persisten(1130): Verification of void bewm.a(com.google.android.gms.location.ActivityRecognitionResult, bezv, com.google.android.gms.location.ActivityRecognitionResult) took 141.067ms
10-12 11:37:18.802 I/GmsTraceSample(1130): 1041ms performing 47-RegisterContextListenerOperation -> AsyncOpTask -> AsyncOpImpl -> 67-HasPersonalizedDataAccess -> AsyncOpTask -> AsyncOpImpl [20,8% sampled, 9 omitted, module=places, caller=null]
10-12 11:37:18.835 W/SearchServiceCore(1502): Abort, client detached.
10-12 11:37:18.836 W/SearchServiceCore(1502): Abort, client detached.
10-12 11:37:18.840 W/.gms.persisten(1130): Verification of int yzp.a(android.content.Context, caiv) took 114.427ms
10-12 11:37:18.842 W/SystemServiceRegistry(1130): No service published for: persistent_data_block
10-12 11:37:18.861 V/ChimeraUtils(1130): Non Chimera context
10-12 11:37:18.862 V/ChimeraUtils(1130): Non Chimera context
10-12 11:37:18.864 W/SearchServiceCore(1502): Abort, client detached.
10-12 11:37:18.883 W/putmethod.lati(2406): Verification of void cml.<init>(java.util.concurrent.Executor) took 481.026ms
10-12 11:37:19.035 I/MicroDetectionState(1502): Should stop hotword detection immediately - false
10-12 11:37:19.089 W/earchbox:searc(1502): Verification of boolean com.google.android.gms.phenotype.a.a.dispatchTransaction(int, android.os.Parcel, android.os.Parcel, int) took 161.867ms
10-12 11:37:19.118 W/oid.apps.photo(1914): Verification of void atjx.<init>(char[][][][][][][][][][][][]) took 416.631ms
10-12 11:37:19.133 W/SearchServiceCore(1502): Abort, client detached.
10-12 11:37:19.134 V/chatty  (1502): uid=10025(com.google.android.googlequicksearchbox) EventBus0 identical 1 line
10-12 11:37:19.134 W/SearchServiceCore(1502): Abort, client detached.
10-12 11:37:19.179 W/InstanceID(1502): Instance ID SDK is deprecated, com.google.android.googlequicksearchbox should update to use Firebase Instance ID
10-12 11:37:19.221 W/.gms.persisten(1130): Verification of bevg bevj.b(long, long, bfni) took 115.255ms
10-12 11:37:19.321 W/hbox:interacto(2023): Verification of com.google.protobuf.br com.google.protobuf.gb.b(com.google.protobuf.dn, int) took 445.894ms
10-12 11:37:19.369 W/earchbox:searc(1502): Verification of java.lang.Object com.google.aa.c.dt.dynamicMethod$ar$edu$3137d17c_0$ar$ds(int, java.lang.Object) took 131.278ms
10-12 11:37:19.375 W/oid.apps.photo(1914): Verification of void atjx.<init>(char[][][][][][][][][][][][], byte) took 256.734ms
10-12 11:37:19.455 W/earchbox:searc(1502): Verification of java.lang.Object com.google.android.apps.gsa.staticplugins.aa.b.call() took 396.298ms
10-12 11:37:19.500 I/GmsTraceSample(1130): 284ms performing 47-RegisterContextListenerOperation -> AsyncOpTask -> AsyncOpImpl -> WakeLock [5,7% sampled, 23 omitted, module=contextmanager, caller=com.google.android.googlequicksearchbox]
10-12 11:37:19.596 W/MetricsManager(2406): Processor bsu@e0cb6fc already exists.
10-12 11:37:19.655 W/oid.apps.photo(1914): Verification of void atjx.<init>(float[][][][][][][][][][][][]) took 259.412ms
10-12 11:37:19.701 W/.gms.persisten(1130): Verification of void zyp.a(android.database.sqlite.SQLiteDatabase) took 236.946ms
10-12 11:37:19.836 W/earchbox:searc(1502): Verification of void com.google.android.gms.wearable.internal.as.a(android.os.IBinder) took 206.274ms
10-12 11:37:19.844 W/oid.apps.photo(1914): Verification of void atjx.<init>(float[][][][][][][][][][][][], byte) took 188.175ms
10-12 11:37:19.901 W/hbox:interacto(2023): Verification of com.google.protobuf.br com.google.protobuf.gb.a(com.google.protobuf.dn, int) took 577.679ms
10-12 11:37:19.906 I/OptInChecker(1502): getSettingsStatusMap(): udcCacheApi is available.
10-12 11:37:19.907 W/OptInChecker(1502): Missing cached UDC setting for NOW_CARDS
10-12 11:37:19.907 I/OptInChecker(1502): Falling back to non-UDC sources
10-12 11:37:19.907 I/OptInChecker(1502): Setting = NOW_CARDS, optedInt = true
10-12 11:37:19.947 W/SearchServiceCore(1502): Abort, client detached.
10-12 11:37:19.947 W/SearchServiceCore(1502): Abort, client detached.
10-12 11:37:20.021 W/oid.apps.photo(1914): Verification of void j$.time.temporal.ChronoField.<clinit>() took 121.277ms
10-12 11:37:20.057 I/FA      (2832): Tag Manager is not found and thus will not be used
10-12 11:37:20.093 W/oid.apps.photo(1914): Verification of void atjx.<init>(int[][][][][][][][][][][][]) took 249.303ms
10-12 11:37:20.143 W/.gms.persisten(1130): Verification of boolean bfiv.a(android.content.Context, bfgv, bfmz, bgpn, java.lang.Integer, bsio, bfhk) took 175.043ms
10-12 11:37:20.173 I/Wear_Controller(1130): Wear requires a companion app to be installed.
10-12 11:37:20.173 V/WearableService(1130): onCreate: Wearable Services not starting. Wear is not available on this device.
10-12 11:37:20.193 V/WearableService(1130): onGetService: Wear is not available on this device.
10-12 11:37:20.204 W/WearStatusSyncerImpl(1502): Error while sending opt-in status or deleting now cards.
10-12 11:37:20.204 W/WearStatusSyncerImpl(1502): com.google.android.apps.gsa.shared.r.b: Failed to connect: 16
10-12 11:37:20.204 W/WearStatusSyncerImpl(1502): 	at com.google.android.apps.gsa.shared.r.c.a(SourceFile:64)
10-12 11:37:20.204 W/WearStatusSyncerImpl(1502): 	at com.google.android.apps.gsa.staticplugins.aa.d.a(SourceFile:10)
10-12 11:37:20.204 W/WearStatusSyncerImpl(1502): 	at com.google.android.apps.gsa.clockwork.b.a(SourceFile:1)
10-12 11:37:20.204 W/WearStatusSyncerImpl(1502): 	at com.google.android.apps.gsa.staticplugins.s.a.a.a(SourceFile:2)
10-12 11:37:20.204 W/WearStatusSyncerImpl(1502): 	at com.google.android.apps.gsa.staticplugins.s.a.b.a(SourceFile:1)
10-12 11:37:20.204 W/WearStatusSyncerImpl(1502): 	at com.google.android.libraries.gsa.n.a.n.a(SourceFile:2)
10-12 11:37:20.204 W/WearStatusSyncerImpl(1502): 	at com.google.common.t.a.df.b(SourceFile:7)
10-12 11:37:20.204 W/WearStatusSyncerImpl(1502): 	at com.google.common.t.a.cb.run(SourceFile:17)
10-12 11:37:20.204 W/WearStatusSyncerImpl(1502): 	at com.google.common.t.a.dh.run(SourceFile:11)
10-12 11:37:20.204 W/WearStatusSyncerImpl(1502): 	at com.google.android.apps.gsa.shared.util.c.a.g.run(SourceFile:2)
10-12 11:37:20.204 W/WearStatusSyncerImpl(1502): 	at com.google.android.apps.gsa.shared.util.c.a.bj.run(SourceFile:3)
10-12 11:37:20.204 W/WearStatusSyncerImpl(1502): 	at com.google.android.apps.gsa.shared.util.c.a.bj.run(SourceFile:3)
10-12 11:37:20.204 W/WearStatusSyncerImpl(1502): 	at java.util.concurrent.ThreadPoolExecutor.runWorker(ThreadPoolExecutor.java:1167)
10-12 11:37:20.204 W/WearStatusSyncerImpl(1502): 	at java.util.concurrent.ThreadPoolExecutor$Worker.run(ThreadPoolExecutor.java:641)
10-12 11:37:20.204 W/WearStatusSyncerImpl(1502): 	at java.lang.Thread.run(Thread.java:764)
10-12 11:37:20.204 W/WearStatusSyncerImpl(1502): 	at com.google.android.apps.gsa.shared.util.c.a.l.run(SourceFile:5)
10-12 11:37:20.239 W/.gms.persisten(1130): Verification of void zyp.onUpgrade(android.database.sqlite.SQLiteDatabase, int, int) took 440.684ms
10-12 11:37:20.248 W/SearchServiceCore(1502): Abort, client detached.
10-12 11:37:20.289 I/MaestroExtensionImpl(2406): onCreate() : Disabled by system locale.
10-12 11:37:20.342 W/.gms.persisten(1130): Verification of void bfhm.<init>(android.content.Context, java.util.Set, java.util.Map, bfjy, com.google.android.location.collectionlib.SensorScannerConfig, bfmz, bgpn, long, long, boolean, bfgx, boolean, bfhk, bhhf, bgnt, int, int) took 100.226ms
10-12 11:37:20.353 W/ctxmgr  (1130): [WorkManager] Long workInfo: pkg=com.google.android.gms, lbl=ControllerOperation_finalizeTask, start=2019-10-12 11:37:18.775+0200, stop=2019-10-12 11:37:20.351+0200, durtn=1576ms [CONTEXT service_id=47 ]
10-12 11:37:20.357 I/GmsTraceSample(1130): 1614ms performing 47-RegisterContextListenerOperation -> AsyncOpTask -> AsyncOpImpl -> WakeLock [32,3% sampled, 17 omitted, module=contextmanager, caller=com.google.android.googlequicksearchbox]
10-12 11:37:20.404 W/oid.apps.photo(1914): Verification of void atjx.<init>(short[][][][][][][][][][][][], byte) took 214.518ms
10-12 11:37:20.510 I/OptInChecker(1502): getSettingsStatusMap(): udcCacheApi is available.
10-12 11:37:20.544 W/earchbox:searc(1502): Verification of java.lang.Object com.google.bj.c.d.a.di.dynamicMethod$ar$edu$3137d17c_0$ar$ds(int, java.lang.Object) took 118.245ms
10-12 11:37:20.675 I/ocess.gservice(1327): Background concurrent copying GC freed 10847(427KB) AllocSpace objects, 0(0B) LOS objects, 50% free, 1686KB/3MB, paused 122us total 128.616ms
10-12 11:37:20.720 W/putmethod.lati(2406): Suspending all threads took: 400.401ms
10-12 11:37:20.727 W/putmethod.lati(2406): Verification of void com.google.android.apps.inputmethod.libs.clipboard.ClipboardDataExtension.<init>() took 436.872ms
10-12 11:37:20.767 V/ChimeraUtils(1130): Non Chimera context
10-12 11:37:20.768 V/ChimeraUtils(1130): Non Chimera context
10-12 11:37:20.859 W/earchbox:searc(1502): Verification of java.lang.Object com.google.bj.c.d.a.an.dynamicMethod$ar$edu$3137d17c_0$ar$ds(int, java.lang.Object) took 199.356ms
10-12 11:37:20.921 W/oid.apps.photo(1914): Verification of void atjx.<init>(byte[][][][][][][][][][][][][]) took 515.654ms
10-12 11:37:21.082 W/putmethod.lati(2406): Verification of void com.google.android.apps.inputmethod.libs.clipboard.ClipboardDataExtension.onPrimaryClipChanged() took 353.546ms
10-12 11:37:21.202 W/earchbox:searc(1502): Verification of java.lang.Object com.google.bj.c.d.a.ak.dynamicMethod$ar$edu$3137d17c_0$ar$ds(int, java.lang.Object) took 119.537ms
10-12 11:37:21.236 I/GmsTraceSample(1130): 391ms performing 47-RegisterContextListenerOperation -> AsyncOpTask -> AsyncOpImpl -> 40-LogOperation -> AsyncOpTask -> AsyncOpImpl [7,8% sampled, 17 omitted, module=clearcut, caller=null]
10-12 11:37:21.267 W/oid.apps.photo(1914): Verification of void atjx.<init>(char[][][][][][][][][][][][][]) took 344.969ms
10-12 11:37:21.356 W/.gms.persisten(1130): Verification of bndg zyv.a(yji, boolean) took 231.044ms
10-12 11:37:21.375 W/oid.apps.photo(1914): Verification of void atjx.<init>(char[][][][][][][][][][][][][], byte) took 108.223ms
10-12 11:37:21.598 W/oid.apps.photo(1914): Verification of void atjx.<init>(float[][][][][][][][][][][][][]) took 221.809ms
10-12 11:37:21.661 D/SharedPreferencesImpl(2832): Time required to fsync /data/user/0/com.pluscubed.matlog/shared_prefs/com.google.android.gms.measurement.prefs.xml: [<1: 0, <2: 0, <4: 0, <8: 0, <16: 0, <32: 0, <64: 0, <128: 0, <256: 0, <512: 0, <1024: 1, <2048: 0, <4096: 0, <8192: 0, <16384: 0, >=16384: 0]
10-12 11:37:21.750 W/.gms.persisten(1130): Verification of java.util.List zyv.a(java.lang.String, java.lang.String, java.lang.String, long, long) took 110.249ms
10-12 11:37:21.775 W/oid.apps.photo(1914): Verification of appr aonm.b() took 133.495ms
10-12 11:37:21.926 W/oid.apps.photo(1914): Verification of void atjx.<init>(byte[][][][][][][][][][][][][][][]) took 201.992ms
10-12 11:37:21.977 I/GmsTraceSample(1130): 142ms performing 47-RegisterContextListenerOperation -> AsyncOpTask -> AsyncOpImpl -> WakeLock [2,8% sampled, 3 omitted, module=contextmanager, caller=com.google.android.googlequicksearchbox]
10-12 11:37:22.123 W/oid.apps.photo(1914): Verification of void atjx.<init>(char[][][][][][][][][][][][][][][]) took 177.381ms
10-12 11:37:22.431 W/ctxmgr  (1130): [WorkManager] Long workInfo: pkg=com.google.android.gms, lbl=ListenerInvokerRunner, start=2019-10-12 11:37:20.405+0200, stop=2019-10-12 11:37:22.360+0200, durtn=1955ms [CONTEXT service_id=47 ]
10-12 11:37:22.475 D/NetworkSecurityConfig(2905): No Network Security Config specified, using platform default
10-12 11:37:22.548 W/oid.apps.photo(1914): Verification of void atjx.<init>(int[][][][][][][][][][][][][][][]) took 420.218ms
10-12 11:37:22.949 W/oid.apps.photo(1914): Verification of void atjx.<init>(boolean[][][][][][][][][][][][][][][], byte) took 356.290ms
10-12 11:37:22.955 W/.gms.persisten(1130): Verification of java.lang.Object zze.call() took 115.504ms
10-12 11:37:22.981 W/d.process.medi(1692): Suspending all threads took: 8.821ms
10-12 11:37:23.227 W/oid.apps.photo(1914): Verification of void atjx.<init>(byte[][][][][][][][][][][][][][][][][], byte) took 215.662ms
10-12 11:37:23.294 I/GmsTraceSample(1130): 316ms performing 47-RegisterContextListenerOperation -> AsyncOpTask -> AsyncOpImpl -> 67-RequestPlaceUpdates -> AsyncOpTask -> AsyncOpImpl [6,3% sampled, 14 omitted, module=places, caller=null]
10-12 11:37:23.491 W/oid.apps.photo(1914): Verification of void atjx.<init>(float[][][][][][][][][][][][][][][][][]) took 262.643ms
10-12 11:37:23.559 W/.gms.persisten(1130): Verification of bhqw com.google.android.userlocation.LegacySemanticLocationEventSubscription.a(android.content.Context, bhry, bhqo) took 107.489ms
10-12 11:37:23.661 W/m.spotify.musi(2787): Verification of vlb vlb.a(vib, io.fabric.sdk.android.services.common.IdManager, vkd, java.lang.String, java.lang.String, java.lang.String) took 128.115ms
10-12 11:37:23.681 W/GCoreFlp(1130): No location to return for getLastLocation()
10-12 11:37:23.686 W/gle.android.gm(2731): Verification of void rrw.onCreate() took 112.045ms
10-12 11:37:23.718 W/GCoreFlp(1130): No location to return for getLastLocation()
10-12 11:37:23.749 W/putmethod.lati(2406): Verification of boolean fzx.a(jyf, java.lang.Object[]) took 149.012ms
10-12 11:37:23.759 E/EarsSyncAdapter(2905): Failed to get ears history
10-12 11:37:23.786 W/oid.apps.photo(1914): Verification of void atjx.<init>(int[][][][][][][][][][][][][][][][][]) took 294.583ms
10-12 11:37:23.985 W/putmethod.lati(2406): Verification of jyf[] fzx.a() took 173.246ms
10-12 11:37:23.986 W/FA      (1299): Tasks have been queued for a long time
10-12 11:37:24.039 W/SyncManager(626): failed sync operation JobId=103627 ***/com.google u0 [com.google.android.ears.heard.EarsContentProvider] OTHER ExpectedIn=-15s Reason=AutoSync Retries=65, SyncResult: stats [ numIoExceptions: 1]
10-12 11:37:24.086 I/PlaceInferenceEngine(1130): [anon] Changed inference mode: 0
10-12 11:37:24.258 W/m.spotify.musi(2787): Verification of eeu com.google.android.gms.ads.identifier.AdvertisingIdClient.zza(android.content.Context, brr) took 153.112ms
10-12 11:37:24.287 D/NetworkSecurityConfig(2787): No Network Security Config specified, using platform default
10-12 11:37:24.425 I/GmsTraceSample(1130): 4484ms performing WakeLock [89,7% sampled, 26 omitted, module=null, caller=null]
10-12 11:37:24.454 I/PlaceInferenceEngine(1130): [account#396937966] Changed inference mode: 0
10-12 11:37:24.499 W/earchbox:searc(1502): Verification of int com.google.android.apps.gsa.search.core.z.h.hashCode() took 112.535ms
10-12 11:37:24.510 W/oid.apps.photo(1914): Verification of void atjx.<init>(byte[][][][][][][][][][][][][][][][][][]) took 667.335ms
10-12 11:37:24.646 W/oid.apps.photo(1914): Verification of void atjx.<init>(char[][][][][][][][][][][][][][][][][][]) took 134.789ms
10-12 11:37:24.661 W/putmethod.lati(2406): Verification of boolean epv.a(jyf, java.lang.Object[]) took 299.365ms
10-12 11:37:24.746 W/AppOps  (626): Noting op not finished: uid 10025 pkg com.google.android.googlequicksearchbox code 41 time=1570873035086 duration=-1
10-12 11:37:24.861 W/oid.apps.photo(1914): Verification of void atjx.<init>(char[][][][][][][][][][][][][][][][][][], byte) took 202.598ms
10-12 11:37:24.888 W/m.spotify.musi(2787): Verification of void agu.a(com.crashlytics.android.answers.SessionEvent$a) took 169.698ms
10-12 11:37:24.912 W/earchbox:searc(1502): Long monitor contention with owner NonUserFacing4 (2110) at boolean com.google.android.apps.gsa.staticplugins.ah.av.a()(SourceFile:-1) waiters=0 in boolean com.google.android.apps.gsa.staticplugins.ah.av.b() for 1.172s
10-12 11:37:24.972 E/Fabric  (2787): Settings request failed.
10-12 11:37:25.001 W/m.spotify.musi(2787): Verification of void agu.a(vkm, java.lang.String) took 112.217ms
10-12 11:37:25.024 W/m.spotify.musi(2787): Verification of java.util.List eqp.v() took 128.791ms
10-12 11:37:25.043 E/Answers (2787): Failed to retrieve settings
10-12 11:37:25.044 W/m.spotify.musi(2787): Verification of void kuj.<init>(android.app.Application) took 732.592ms
10-12 11:37:25.099 W/DynamiteModule(2731): Local module descriptor class for providerinstaller not found.
10-12 11:37:25.234 I/GmsTraceSample(1130): 878ms performing 47-RegisterContextListenerOperation -> AsyncOpTask -> AsyncOpImpl -> 67-RegisterSemanticLocationEventsByPendingIntentOperation -> AsyncOpTask -> AsyncOpImpl -> 40-LogOperation -> AsyncOpTask -> AsyncOpImpl [17,6% sampled, 15 omitted, module=clearcut, caller=null]
10-12 11:37:25.312 W/oid.apps.photo(1914): Verification of void atjx.<init>(short[][][][][][][][][][][][][][][][][][]) took 388.706ms
10-12 11:37:25.366 I/GmsTraceSample(1130): 2186ms performing 47-RegisterContextListenerOperation -> AsyncOpTask -> AsyncOpImpl -> WakeLock [43,7% sampled, 3 omitted, module=contextmanager, caller=com.google.android.googlequicksearchbox]
10-12 11:37:25.435 W/m.spotify.musi(2787): Verification of dagger.android.DispatchingAndroidInjector kuj.c() took 381.932ms
10-12 11:37:25.590 W/oid.apps.photo(1914): Verification of void atjx.<init>(boolean[][][][][][][][][][][][][][][][][][]) took 150.509ms
10-12 11:37:25.901 I/luscubed.matlo(2832): Background concurrent copying GC freed 13149(1454KB) AllocSpace objects, 12(300KB) LOS objects, 49% free, 2MB/4MB, paused 192us total 191.039ms
10-12 11:37:25.912 W/oid.apps.photo(1914): Verification of void atjx.<init>(byte[][][][][][][][][][][][][][][][][][][]) took 200.996ms
10-12 11:37:25.944 D/su      (2935): pid 2936 returned 0.
10-12 11:37:25.944 D/su      (2935): Finishing su operation for app [uid:10120, pkgName: com.pluscubed.matlog]
10-12 11:37:25.946 I/FA      (2787): App measurement is starting up, version: 14700
10-12 11:37:25.947 W/gle.android.gm(2731): Long monitor contention with owner Binder:2731_2 (2744) at boolean android.os.BinderProxy.transactNative(int, android.os.Parcel, android.os.Parcel, int)(Binder.java:-2) waiters=0 in ebw dya.a(dyb) for 809ms
10-12 11:37:25.949 W/IPCThreadState(2935): Calling IPCThreadState::self() during shutdown is dangerous, expect a crash.
10-12 11:37:25.949 W/IPCThreadState(2935): Calling IPCThreadState::self() during shutdown is dangerous, expect a crash.
10-12 11:37:25.950 D/su      (2934): sending code
10-12 11:37:25.950 D/su      (2934): child exited
10-12 11:37:25.951 I/FA      (2787): To enable debug logging run: adb shell setprop log.tag.FA VERBOSE
10-12 11:37:25.951 I/FA      (2787): To enable faster debug mode event logging run:
10-12 11:37:25.951 I/FA      (2787):   adb shell setprop debug.firebase.analytics.app com.spotify.music
10-12 11:37:25.952 D/su      (2892): client exited 0
10-12 11:37:25.997 W/ProviderHelper(2731): Unknown dynamite feature providerinstaller
10-12 11:37:25.997 I/DynamiteModule(2731): Considering local module providerinstaller:0 and remote module providerinstaller:0
10-12 11:37:25.998 W/ProviderInstaller(2731): Failed to load providerinstaller module: No acceptable module found. Local version is 0 and remote version is 0.
10-12 11:37:26.063 V/NativeCrypto(2731): Registering com/google/android/gms/org/conscrypt/NativeCrypto's 284 native methods...
10-12 11:37:26.070 W/oid.apps.photo(1914): Verification of void atjx.<init>(byte[][][][][][][][][][][][][][][][][][][], byte) took 157.782ms
10-12 11:37:26.106 E/FA      (2787): AppMeasurementReceiver not registered/enabled
10-12 11:37:26.152 E/FA      (2787): AppMeasurementService not registered/enabled
10-12 11:37:26.167 E/FA      (2787): Uploading is not possible. App measurement disabled
10-12 11:37:26.277 W/oid.apps.photo(1914): Verification of void atjx.<init>(float[][][][][][][][][][][][][][][][][][][], byte) took 203.998ms
10-12 11:37:26.278 D/NetworkSecurityConfig(2731): Using Network Security Config from resource network_security_config debugBuild: false
10-12 11:37:26.320 I/ProviderInstaller(2731): Installed default security provider GmsCore_OpenSSL
10-12 11:37:26.321 I/Safeboot(2731): Checking safeboot...
10-12 11:37:26.332 I/Safeboot(2731): Not entering safeboot; wrong process.
10-12 11:37:26.376 W/earchbox:searc(1502): Verification of java.lang.Object com.google.bj.c.d.a.dk.dynamicMethod$ar$edu$3137d17c_0$ar$ds(int, java.lang.Object) took 167.575ms
10-12 11:37:26.517 W/Fabric  (2832): Could not call getAdvertisingIdInfo on com.google.android.gms.ads.identifier.AdvertisingIdClient
10-12 11:37:26.518 W/Fabric  (2832): Could not call getId on com.google.android.gms.ads.identifier.AdvertisingIdClient$Info
10-12 11:37:26.521 I/gle.android.gm(2731): Background concurrent copying GC freed 12002(2MB) AllocSpace objects, 4(80KB) LOS objects, 50% free, 1578KB/3MB, paused 1.460ms total 333.715ms
10-12 11:37:26.607 W/earchbox:searc(1502): Verification of java.lang.Object com.google.bj.c.d.a.ep.dynamicMethod$ar$edu$3137d17c_0$ar$ds(int, java.lang.Object) took 182.967ms
10-12 11:37:26.656 D/su      (2999): su invoked.
10-12 11:37:26.667 D/su      (2999): starting daemon client 10120 10120
10-12 11:37:26.680 D/su      (3004): remote pid: 2999
10-12 11:37:26.680 D/su      (3004): remote pts_slave: 
10-12 11:37:26.681 D/su      (3004): waiting for child exit
10-12 11:37:26.688 D/su      (3005): su invoked.
10-12 11:37:26.702 E/su      (3005): SU from: u0_a120
10-12 11:37:26.706 D/su      (3005): Checking whether app [uid:10120, pkgName: com.pluscubed.matlog] is allowed to be root
10-12 11:37:26.711 D/su      (3005): Privilege elevation allowed by appops
10-12 11:37:26.715 D/su      (3005): Allowing via appops.
10-12 11:37:26.715 D/su      (3005): 10120 /system/bin/app_process32 executing 0 /system/bin/sh using binary /system/bin/sh : sh
10-12 11:37:26.718 D/su      (3005): Waiting for pid 3007.
10-12 11:37:26.747 W/earchbox:searc(1502): Suspending all threads took: 11.654ms
10-12 11:37:26.910 W/oid.apps.photo(1914): Suspending all threads took: 235.283ms
10-12 11:37:27.036 W/oid.apps.photo(1914): Verification of void atjx.<init>(float[][][][][][][][][][][][][][][][][][][][]) took 623.341ms
10-12 11:37:27.082 W/GCoreFlp(1130): No location to return for getLastLocation()
10-12 11:37:27.085 W/gle.android.gm(2731): Verification of void rlw.<init>(android.app.Activity, rle, rli, rly) took 103.209ms
10-12 11:37:27.101 W/Java7Support(2787): Unable to load JDK7 types (annotations, java.nio.file.Path): no Java7 support added
10-12 11:37:27.136 D/su      (3005): pid 3007 returned 0.
10-12 11:37:27.136 D/su      (3005): Finishing su operation for app [uid:10120, pkgName: com.pluscubed.matlog]
10-12 11:37:27.141 W/IPCThreadState(3005): Calling IPCThreadState::self() during shutdown is dangerous, expect a crash.
10-12 11:37:27.141 W/IPCThreadState(3005): Calling IPCThreadState::self() during shutdown is dangerous, expect a crash.
10-12 11:37:27.142 D/su      (3004): sending code
10-12 11:37:27.142 D/su      (3004): child exited
10-12 11:37:27.144 D/su      (2999): client exited 0
10-12 11:37:27.198 I/GmsTraceSample(1130): 972ms performing 47-RegisterContextListenerOperation -> AsyncOpTask -> AsyncOpImpl -> 47-RegisterContextListenerOperation -> AsyncOpTask -> AsyncOpImpl -> WakeLock [19,4% sampled, 29 omitted, module=contextmanager, caller=null]
10-12 11:37:27.267 W/putmethod.lati(2406): Verification of boolean hax.a(long, long, java.lang.Integer) took 172.326ms
10-12 11:37:27.473 W/PrimesInit(2731): Primes instant initialization
10-12 11:37:27.500 W/Primes  (2731): background initialization
10-12 11:37:27.520 W/oid.apps.photo(1914): Verification of void atjx.<init>(boolean[][][][][][][][][][][][][][][][][][][][], byte) took 476.074ms
10-12 11:37:27.541 W/earchbox:searc(1502): Verification of java.lang.Object com.google.bj.c.d.a.au.dynamicMethod$ar$edu$3137d17c_0$ar$ds(int, java.lang.Object) took 207.544ms
10-12 11:37:27.577 W/earchbox:searc(1502): Long monitor contention with owner NonUserFacing4 (2110) at boolean com.google.android.apps.gsa.staticplugins.ah.av.a()(SourceFile:-1) waiters=1 in void com.google.android.apps.gsa.staticplugins.ah.av.a(com.google.android.libraries.gcoreclient.f.j) for 2.765s
10-12 11:37:27.587 W/twitter.androi(2883): JIT profile information will not be recorded: profile file does not exits.
10-12 11:37:27.587 V/chatty  (2883): uid=10144(com.twitter.android) identical 1 line
