10-12 11:37:02.356 E/PhenotypeIme(2406): java.util.concurrent.TimeoutException: Timed out waiting for Task
10-12 11:37:02.356 E/PhenotypeIme(2406): 	at nck.a(PG:33)
10-12 11:37:02.356 E/PhenotypeIme(2406): 	at clp.run(PG:15)
10-12 11:37:02.356 E/PhenotypeIme(2406): 	at java.util.concurrent.Executors$RunnableAdapter.call(Executors.java:458)
10-12 11:37:02.356 E/PhenotypeIme(2406): 	at java.util.concurrent.FutureTask.run(FutureTask.java:266)
10-12 11:37:02.356 E/PhenotypeIme(2406): 	at jpw.run(PG:16)
10-12 11:37:02.356 E/PhenotypeIme(2406): 	at java.util.concurrent.ThreadPoolExecutor.runWorker(ThreadPoolExecutor.java:1167)
10-12 11:37:02.356 E/PhenotypeIme(2406): 	at java.util.concurrent.ThreadPoolExecutor$Worker.run(ThreadPoolExecutor.java:641)
10-12 11:37:02.356 E/PhenotypeIme(2406): 	at java.lang.Thread.run(Thread.java:764)
10-12 11:37:02.356 E/PhenotypeIme(2406): 	at jpj.run(PG:6)
10-12 11:37:02.374 W/putmethod.lati(2406): Verification of void bre.a(android.view.inputmethod.EditorInfo, int, boolean, jvf) took 163.371ms
10-12 11:37:02.420 I/PhenotypeIme(2406): FetchConfigurationTask.fetchConfiguration() : com.google.android.inputmethod.latin
10-12 11:37:02.456 W/oid.apps.photo(1914): Verification of void atjx.<init>(char[][][]) took 498.175ms
10-12 11:37:02.503 W/oid.apps.photo(1914): Verification of void fab.a(aksu, atjx, android.os.Bundle) took 105.078ms
10-12 11:37:02.592 I/ModuleManager(2406): initializeModules() : WaitTime = 36 ms : RunTime = 10563 ms
10-12 11:37:02.701 W/putmethod.lati(2406): Verification of void bre.a(java.lang.String) took 101.983ms
10-12 11:37:02.782 I/GoogleInputMethodService(2406): Apply keyboard theme: theme_stylesheet_googleblue_materiallight_assets:theme_package_metadata_google_blue_light.binarypb_port
10-12 11:37:02.889 W/oid.apps.photo(1914): Verification of void atjx.<init>(int[][][], byte) took 386.491ms
10-12 11:37:02.895 W/oid.apps.photo(1914): Verification of void fap.a(aksu, atjx, android.os.Bundle) took 115.409ms
10-12 11:37:02.940 W/putmethod.lati(2406): Verification of void bre.a(java.util.List) took 167.298ms
10-12 11:37:02.969 I/DynamicLanguageModelOperation(2406): perform() : 20 : cgq : Completed
10-12 11:37:03.097 W/oid.apps.photo(1914): Verification of void atjx.<init>(short[][][]) took 207.192ms
10-12 11:37:03.136 I/LatinImeEntryActivation(2406): Entry activation content observer disabled.
10-12 11:37:03.161 I/NetworkInfoNotification(2406): onNetworkAvailable: networkState = NON_METERED
10-12 11:37:03.233 W/KeyboardModeManager(2406): setInputView() : inputView = null
10-12 11:37:03.279 W/.android.diale(2541): Verification of void hkd.<clinit>() took 177.104ms
10-12 11:37:03.280 W/.android.diale(2541): Verification of void hnr.e() took 212.137ms
10-12 11:37:03.301 I/GoogleInputMethodService(2406): Apply keyboard theme: theme_stylesheet_googleblue_materiallight_assets:theme_package_metadata_google_blue_light.binarypb_port
10-12 11:37:03.350 I/LatinImeEntryActivation(2406): Entry activation content observer disabled.
10-12 11:37:03.381 I/MultiDex(2023): VM with version 2.1.0 has multidex support
10-12 11:37:03.381 I/MultiDex(2023): install
10-12 11:37:03.381 I/MultiDex(2023): VM has multidex support, MultiDex support library is disabled.
10-12 11:37:03.387 I/NetworkInfoNotification(2406): onNetworkAvailable: networkState = NON_METERED
10-12 11:37:03.402 I/InteractorInitializer(2023): Initialized process com.google.android.googlequicksearchbox:interactor
10-12 11:37:03.409 W/.android.diale(2541): Suspending all threads took: 11.449ms
10-12 11:37:03.454 W/oid.apps.photo(1914): Verification of void atjx.<init>(byte[][][][]) took 354.435ms
10-12 11:37:03.504 I/JapaneseMozcExtension(2406): onCreateServiceInternal()
10-12 11:37:03.612 I/HandwritingImeExtension(2406): onCreate
10-12 11:37:03.621 I/HandwritingConfig(2406): Caching enable_handwriting_lstm value to true
10-12 11:37:03.621 I/HandwritingMappingParserProvider(2406): getHandwritingMappingParser(): Using LSTM parser
10-12 11:37:03.687 W/putmethod.lati(2406): Verification of void dxx.a() took 230.313ms
10-12 11:37:03.708 I/DialerDialerBaseApplication(2541): com.android.dialer.DialerBaseApplication.onCreate:53 enter
10-12 11:37:03.709 I/DialerClearcutMetricsInitializer(2541): com.android.dialer.metrics.primes.ClearcutMetricsInitializer.initialize:45 enter
10-12 11:37:03.717 I/DialerClearcutMetricsInitializer(2541): com.android.dialer.metrics.primes.ClearcutMetricsInitializer.initialize:109 primes metrics monitoring started!
10-12 11:37:03.724 W/AlarmManager(626): Unrecognized alarm listener com.android.server.wifi.WifiConfigStore$1@28b981f
10-12 11:37:03.741 I/keystore(376): 1 0
10-12 11:37:03.746 W/oid.apps.photo(1914): Verification of void atjx.<init>(char[][][][], byte) took 290.827ms
10-12 11:37:03.747 I/lfw     (2541): SslGuard completed installation.
10-12 11:37:03.787 W/putmethod.lati(2406): Verification of ecj ecl.a(kii) took 162.577ms
10-12 11:37:03.791 W/putmethod.lati(2406): Verification of void bqu.a(ovm, oxi, int) took 164.840ms
10-12 11:37:03.791 I/keystore(376): 1 0
10-12 11:37:03.814 D/WifiConfigStore(626): Writing to stores completed in 90 ms.
10-12 11:37:03.835 I/HandwritingImeExtension(2406): onCreate
10-12 11:37:03.856 I/Dialer  (2541): DialerExecutorModule.newThread - creating low priority thread
10-12 11:37:03.866 I/DialerDialerBaseApplication(2541): com.android.dialer.DialerBaseApplication.initializeAnnotatedCallLog:120 enter
10-12 11:37:04.003 I/VoiceImeUtils(2406): S3 recognizer enabled.
10-12 11:37:04.118 I/DictionarySuperpacksManager(2406): onEnabledInputMethodEntriesChanged
10-12 11:37:04.127 W/oid.apps.photo(1914): Verification of void fcg.a(aksu, atjx, android.os.Bundle) took 122.364ms
10-12 11:37:04.236 I/ShortcutsDataManager(2406): startImportContentTask()
10-12 11:37:04.246 W/putmethod.lati(2406): Verification of void dxx.l() took 556.638ms
10-12 11:37:04.254 W/oid.apps.photo(1914): Verification of void atjx.<init>(short[][][][]) took 504.329ms
10-12 11:37:04.270 I/GoogleInputMethodService(2406): Apply keyboard theme: theme_stylesheet_googleblue_materiallight_assets:theme_package_metadata_google_blue_light.binarypb_port
10-12 11:37:04.307 W/.android.diale(2541): Verification of mpr mpr.a(java.lang.Iterable) took 100.788ms
10-12 11:37:04.310 W/.android.diale(2541): Verification of android.os.IInterface igq.a(android.os.IBinder) took 103.142ms
10-12 11:37:04.310 W/.android.diale(2541): Verification of lv ma.a(android.content.res.Resources, android.graphics.Bitmap) took 103.684ms
10-12 11:37:04.324 W/putmethod.lati(2406): Verification of void brf.<clinit>() took 814.319ms
10-12 11:37:04.327 W/putmethod.lati(2406): Verification of void bqv.<clinit>() took 363.919ms
10-12 11:37:04.374 I/ShortcutsDataManager(2406): doInBackground()
10-12 11:37:04.375 I/PersonalDictionaryDataHandler(2406): LanguageTags = [it, en-GB]
10-12 11:37:04.408 W/ActivityManager(626): Timeout executing service: ServiceRecord{2e27b06 u0 com.google.android.gms/.analytics.service.AnalyticsService}
10-12 11:37:04.419 W/putmethod.lati(2406): Verification of jws dxx.n() took 172.540ms
10-12 11:37:04.481 I/system_server(626): libdebuggerd_client: started dumping process 2165
10-12 11:37:04.483 I//system/bin/tombstoned(395): registered intercept for pid 2165 and type kDebuggerdJavaBacktrace
10-12 11:37:04.484 V/chatty  (2165): uid=10006(com.google.android.gms) expire 3 lines
10-12 11:37:04.548 W/.android.diale(2541): Verification of boolean nfh.equals(java.lang.Object) took 112.015ms
10-12 11:37:04.724 W/oid.apps.photo(1914): Suspending all threads took: 21.945ms
10-12 11:37:04.733 I//system/bin/tombstoned(395): received crash request for pid 2165
10-12 11:37:04.733 I//system/bin/tombstoned(395): found intercept fd 512 for pid 2165 and type kDebuggerdJavaBacktrace
10-12 11:37:04.735 I/system_server(626): libdebuggerd_client: done dumping process 2165
10-12 11:37:04.739 E/ActivityManager(626): ANR in com.google.android.gms
10-12 11:37:04.739 E/ActivityManager(626): PID: 2165
10-12 11:37:04.739 E/ActivityManager(626): Reason: executing service com.google.android.gms/.analytics.service.AnalyticsService
10-12 11:37:04.739 E/ActivityManager(626): Load: 0.0 / 0.0 / 0.0
10-12 11:37:04.739 E/ActivityManager(626): CPU usage from 23375ms to 0ms ago (2019-10-12 11:36:41.034 to 2019-10-12 11:37:04.409):
10-12 11:37:04.739 E/ActivityManager(626):   42% 2023/com.google.android.googlequicksearchbox:interactor: 40% user + 1.3% kernel / faults: 13553 minor
10-12 11:37:04.739 E/ActivityManager(626):   42% 2165/com.google.android.gms: 40% user + 1.5% kernel / faults: 21590 minor 1 major
10-12 11:37:04.739 E/ActivityManager(626):   33% 167/irq/339-mms144_: 0% user + 33% kernel
10-12 11:37:04.739 E/ActivityManager(626):   33% 1991/com.google.android.gms:car: 31% user + 1.9% kernel / faults: 10285 minor
10-12 11:37:04.739 E/ActivityManager(626):   30% 1130/com.google.android.gms.persistent: 26% user + 3.5% kernel / faults: 12259 minor 15 major
10-12 11:37:04.739 E/ActivityManager(626):   22% 1644/com.speedsoftware.rootexplorer: 19% user + 3.8% kernel / faults: 8169 minor 3 major
10-12 11:37:04.739 E/ActivityManager(626):   21% 626/system_server: 13% user + 8% kernel / faults: 4568 minor 5 major
10-12 11:37:04.739 E/ActivityManager(626):   18% 796/com.android.systemui: 16% user + 2.4% kernel / faults: 7885 minor 4 major
10-12 11:37:04.739 E/ActivityManager(626):   13% 330/surfaceflinger: 8.9% user + 4.9% kernel / faults: 2529 minor
10-12 11:37:04.739 E/ActivityManager(626):   13% 2087/com.google.android.apps.translate: 10% user + 3.1% kernel / faults: 5145 minor 6 major
10-12 11:37:04.739 E/ActivityManager(626):   9.9% 1914/com.google.android.apps.photos: 9% user + 0.8% kernel / faults: 2179 minor 1 major
10-12 11:37:04.739 E/ActivityManager(626):   6.2% 1502/com.google.android.googlequicksearchbox:search: 5.5% user + 0.6% kernel / faults: 4380 minor 3 major
10-12 11:37:04.739 E/ActivityManager(626):   5.7% 285/logd: 4.2% user + 1.4% kernel / faults: 196 minor 1 major
10-12 11:37:04.739 E/ActivityManager(626):   4.1% 1692/android.process.media: 2.6% user + 1.4% kernel / faults: 1970 minor
10-12 11:37:04.739 E/ActivityManager(626):   1.8% 1088/com.google.android.apps.wellbeing: 1.6% user + 0.2% kernel / faults: 1892 minor
10-12 11:37:04.739 E/ActivityManager(626):   1.7% 1327/com.google.process.gservices: 1.1% user + 0.5% kernel / faults: 1130 minor
10-12 11:37:04.739 E/ActivityManager(626):   1.7% 184/mmcqd/0: 0% user + 1.7% kernel
10-12 11:37:04.739 E/ActivityManager(626):   1.6% 86/kswapd0: 0% user + 1.6% kernel
10-12 11:37:04.739 E/ActivityManager(626):   1% 6/kworker/u:0: 0% user + 1% kernel
10-12 11:37:04.739 E/ActivityManager(626):   1% 282/kworker/u:5: 0% user + 1% kernel
10-12 11:37:04.739 E/ActivityManager(626):   0.8% 268/kworker/u:4: 0% user + 0.8% kernel
10-12 11:37:04.739 E/ActivityManager(626):   0.8% 319/android.hardware.sensors@1.0-service.samsung8226: 0.2% user + 0.5% kernel / faults: 262 minor
10-12 11:37:04.739 E/ActivityManager(626):   0.8% 468/mdss_fb0: 0% user + 0.8% kernel
10-12 11:37:04.739 E/ActivityManager(626):   0.5% 36/kworker/u:2: 0% user + 0.5% kernel
10-12 11:37:04.739 E/ActivityManager(626):   0.1% 326/rmt_storage: 0% user + 0.1% kernel / faults: 52 minor
10-12 11:37:04.739 E/ActivityManager(626):   0.5% 1006/com.android.phone: 0.3% user + 0.1% kernel / faults: 1132 minor 2 major
10-12 11:37:04.739 E/ActivityManager(626):   0.4% 307/zygote: 0% user + 0.3% kernel / faults: 706 minor
10-12 11:37:04.739 E/ActivityManager(626):   0.4% 382/statsd: 0.2% user + 0.1% kernel / faults: 470 minor
10-12 11:37:04.739 E/ActivityManager(626):   0.4% 1193/mpdecision: 0.1% user + 0.3% kernel / faults: 28 minor
10-12 11:37:04.739 E/ActivityManager(626):   0.3% 192/kworker/0:3: 0% user + 0.3% kernel
10-12 11:37:04.739 E/ActivityManager(626):   0.3% 1890/com.google.android.projection.gearhead:shared: 0.2% user + 0% kernel / faults: 204 minor
10-12 11:37:04.739 E/ActivityManager(626):   0.2% 286/servicemanager: 0% user + 0.1% kernel / faults: 114 minor
10-12 11:37:04.739 E/ActivityManager(626):   0.2% 1385/com.google.android.apps.nexuslauncher: 0.2% user + 0% kernel / faults: 264 minor 1 major
10-12 11:37:04.739 E/ActivityManager(626):   0.2% 1352/com.android.launcher3: 0.1% user + 0% kernel / faults: 153 minor
10-12 11:37:04.739 E/ActivityManager(626):   0% 11/kworker/0:1: 0% user + 0% kernel
10-12 11:37:04.739 E/ActivityManager(626):   0.1% 236/jbd2/mmcblk0p26: 0% user + 0.1% kernel
10-12 11:37:04.739 E/ActivityManager(626):   0.1% 306/netd: 0% user + 0.1% kernel / faults: 134 minor 2 major
10-12 11:37:04.739 E/ActivityManager(626):   0.1% 891/wpa_supplicant: 0% user + 0% kernel / faults: 339 minor 2 major
10-12 11:37:04.739 E/ActivityManager(626):   0.1% 965/MC_Thread: 0% user + 0.1% kernel
10-12 11:37:04.739 E/ActivityManager(626):   0.1% 318/android.hardware.power@1.1-service-qti: 0% user + 0.1% kernel
10-12 11:37:04.739 E/ActivityManager(626):   0.1% 329/lmkd: 0% user + 0% kernel
10-12 11:37:04.739 E/ActivityManager(626):   0% 1//init: 0% user + 0% kernel / faults: 60 minor 4 major
10-12 11:37:04.739 E/ActivityManager(626):   0% 5/kworker/0:0H: 0% user + 0% kernel
10-12 11:37:04.739 E/ActivityManager(626):   0% 7/kworker/u:0H: 0% user + 0% kernel
10-12 11:37:04.739 E/ActivityManager(626):   0% 34/system: 0% user + 0% kernel
10-12 11:37:04.739 E/ActivityManager(626):   0% 287/hwservicemanager: 0% user + 0% kernel / faults: 322 minor 47 major
10-12 11:37:04.739 E/ActivityManager(626):   0% 315/android.hardware.graphics.allocator@2.0-service: 0% user + 0% kernel / faults: 28 minor
10-12 11:37:04.739 E/ActivityManager(626):   0% 376/keystore: 0% user + 0% kernel / faults: 213 minor
10-12 11:37:04.739 E/ActivityManager(626):   0% 385/wificond: 0% user + 0% kernel / faults: 174 minor
10-12 11:37:04.739 E/ActivityManager(626):   0% 1299/com.google.android.apps.nbu.files: 0% user + 0% kernel / faults: 82 minor
10-12 11:37:04.739 E/ActivityManager(626):   0% 1734/sh: 0% user + 0% kernel / faults: 128 minor
10-12 11:37:04.739 E/ActivityManager(626):   0% 1759/com.google.process.gapps: 0% user + 0% kernel / faults: 363 minor
10-12 11:37:04.739 E/ActivityManager(626):   0% 3/ksoftirqd/0: 0% user + 0% kernel
10-12 11:37:04.739 E/ActivityManager(626):   0% 231/flush-179:0: 0% user + 0% kernel
10-12 11:37:04.739 E/ActivityManager(626):   0% 321/android.hardware.wifi@1.0-service: 0% user + 0% kernel / faults: 162 minor 1 major
10-12 11:37:04.739 E/ActivityManager(626):   0% 331/iptables-restore: 0% user + 0% kerne
10-12 11:37:04.743 I/ActivityManager(626): Killing 2165:com.google.android.gms/u0a6 (adj 0): bg anr
10-12 11:37:04.747 W/libprocessgroup(626): kill(-2165, 9) failed: No such process
10-12 11:37:04.765 W/oid.apps.photo(1914): Verification of void atjx.<init>(byte[][][][][]) took 509.170ms
10-12 11:37:04.791 W/libprocessgroup(626): kill(-2165, 9) failed: No such process
10-12 11:37:04.828 E/JavaBinder(626): !!! FAILED BINDER TRANSACTION !!!  (parcel size = 1260)
10-12 11:37:04.829 W/ActivityManager(626): Failed delivering service starts
10-12 11:37:04.829 W/ActivityManager(626): android.os.DeadObjectException: Transaction failed on small parcel; remote process probably died
10-12 11:37:04.829 W/ActivityManager(626): 	at android.os.BinderProxy.transactNative(Native Method)
10-12 11:37:04.829 W/ActivityManager(626): 	at android.os.BinderProxy.transact(Binder.java:1129)
10-12 11:37:04.829 W/ActivityManager(626): 	at android.app.IApplicationThread$Stub$Proxy.scheduleServiceArgs(IApplicationThread.java:1038)
10-12 11:37:04.829 W/ActivityManager(626): 	at com.android.server.am.ActiveServices.sendServiceArgsLocked(ActiveServices.java:2662)
10-12 11:37:04.829 W/ActivityManager(626): 	at com.android.server.am.ActiveServices.bringUpServiceLocked(ActiveServices.java:2360)
10-12 11:37:04.829 W/ActivityManager(626): 	at com.android.server.am.ActiveServices.startServiceInnerLocked(ActiveServices.java:674)
10-12 11:37:04.829 W/ActivityManager(626): 	at com.android.server.am.ActiveServices.startServiceLocked(ActiveServices.java:616)
10-12 11:37:04.829 W/ActivityManager(626): 	at com.android.server.am.ActivityManagerService.startService(ActivityManagerService.java:20548)
10-12 11:37:04.829 W/ActivityManager(626): 	at android.app.IActivityManager$Stub.onTransact$startService$(IActivityManager.java:10242)
10-12 11:37:04.829 W/ActivityManager(626): 	at android.app.IActivityManager$Stub.onTransact(IActivityManager.java:430)
10-12 11:37:04.829 W/ActivityManager(626): 	at com.android.server.am.ActivityManagerService.onTransact(ActivityManagerService.java:3377)
10-12 11:37:04.829 W/ActivityManager(626): 	at android.os.Binder.execTransact(Binder.java:731)
10-12 11:37:04.834 E/JavaBinder(626): !!! FAILED BINDER TRANSACTION !!!  (parcel size = 1260)
10-12 11:37:04.835 W/libprocessgroup(626): kill(-2165, 9) failed: No such process
10-12 11:37:04.835 W/ActivityManager(626): Failed delivering service starts
10-12 11:37:04.835 W/ActivityManager(626): android.os.DeadObjectException: Transaction failed on small parcel; remote process probably died
10-12 11:37:04.835 W/ActivityManager(626): 	at android.os.BinderProxy.transactNative(Native Method)
10-12 11:37:04.835 W/ActivityManager(626): 	at android.os.BinderProxy.transact(Binder.java:1129)
10-12 11:37:04.835 W/ActivityManager(626): 	at android.app.IApplicationThread$Stub$Proxy.scheduleServiceArgs(IApplicationThread.java:1038)
10-12 11:37:04.835 W/ActivityManager(626): 	at com.android.server.am.ActiveServices.sendServiceArgsLocked(ActiveServices.java:2662)
10-12 11:37:04.835 W/ActivityManager(626): 	at com.android.server.am.ActiveServices.bringUpServiceLocked(ActiveServices.java:2360)
10-12 11:37:04.835 W/ActivityManager(626): 	at com.android.server.am.ActiveServices.startServiceInnerLocked(ActiveServices.java:674)
10-12 11:37:04.835 W/ActivityManager(626): 	at com.android.server.am.ActiveServices.startServiceLocked(ActiveServices.java:616)
10-12 11:37:04.835 W/ActivityManager(626): 	at com.android.server.am.ActivityManagerService.startService(ActivityManagerService.java:20548)
10-12 11:37:04.835 W/ActivityManager(626): 	at android.app.IActivityManager$Stub.onTransact$startService$(IActivityManager.java:10242)
10-12 11:37:04.835 W/ActivityManager(626): 	at android.app.IActivityManager$Stub.onTransact(IActivityManager.java:430)
10-12 11:37:04.835 W/ActivityManager(626): 	at com.android.server.am.ActivityManagerService.onTransact(ActivityManagerService.java:3377)
10-12 11:37:04.835 W/ActivityManager(626): 	at android.os.Binder.execTransact(Binder.java:731)
10-12 11:37:04.845 E/JavaBinder(626): !!! FAILED BINDER TRANSACTION !!!  (parcel size = 1260)
10-12 11:37:04.846 W/ActivityManager(626): Failed delivering service starts
10-12 11:37:04.846 W/ActivityManager(626): android.os.DeadObjectException: Transaction failed on small parcel; remote process probably died
10-12 11:37:04.846 W/ActivityManager(626): 	at android.os.BinderProxy.transactNative(Native Method)
10-12 11:37:04.846 W/ActivityManager(626): 	at android.os.BinderProxy.transact(Binder.java:1129)
10-12 11:37:04.846 W/ActivityManager(626): 	at android.app.IApplicationThread$Stub$Proxy.scheduleServiceArgs(IApplicationThread.java:1038)
10-12 11:37:04.846 W/ActivityManager(626): 	at com.android.server.am.ActiveServices.sendServiceArgsLocked(ActiveServices.java:2662)
10-12 11:37:04.846 W/ActivityManager(626): 	at com.android.server.am.ActiveServices.bringUpServiceLocked(ActiveServices.java:2360)
10-12 11:37:04.846 W/ActivityManager(626): 	at com.android.server.am.ActiveServices.startServiceInnerLocked(ActiveServices.java:674)
10-12 11:37:04.846 W/ActivityManager(626): 	at com.android.server.am.ActiveServices.startServiceLocked(ActiveServices.java:616)
10-12 11:37:04.846 W/ActivityManager(626): 	at com.android.server.am.ActivityManagerService.startService(ActivityManagerService.java:20548)
10-12 11:37:04.846 W/ActivityManager(626): 	at android.app.IActivityManager$Stub.onTransact$startService$(IActivityManager.java:10242)
10-12 11:37:04.846 W/ActivityManager(626): 	at android.app.IActivityManager$Stub.onTransact(IActivityManager.java:430)
10-12 11:37:04.846 W/ActivityManager(626): 	at com.android.server.am.ActivityManagerService.onTransact(ActivityManagerService.java:3377)
10-12 11:37:04.846 W/ActivityManager(626): 	at android.os.Binder.execTransact(Binder.java:731)
10-12 11:37:04.851 E/JavaBinder(626): !!! FAILED BINDER TRANSACTION !!!  (parcel size = 1260)
10-12 11:37:04.853 W/ActivityManager(626): Failed delivering service starts
10-12 11:37:04.853 W/ActivityManager(626): android.os.DeadObjectException: Transaction failed on small parcel; remote process probably died
10-12 11:37:04.853 W/ActivityManager(626): 	at android.os.BinderProxy.transactNative(Native Method)
10-12 11:37:04.853 W/ActivityManager(626): 	at android.os.BinderProxy.transact(Binder.java:1129)
10-12 11:37:04.853 W/ActivityManager(626): 	at android.app.IApplicationThread$Stub$Proxy.scheduleServiceArgs(IApplicationThread.java:1038)
10-12 11:37:04.853 W/ActivityManager(626): 	at com.android.server.am.ActiveServices.sendServiceArgsLocked(ActiveServices.java:2662)
10-12 11:37:04.853 W/ActivityManager(626): 	at com.android.server.am.ActiveServices.bringUpServiceLocked(ActiveServices.java:2360)
10-12 11:37:04.853 W/ActivityManager(626): 	at com.android.server.am.ActiveServices.startServiceInnerLocked(ActiveServices.java:674)
10-12 11:37:04.853 W/ActivityManager(626): 	at com.android.server.am.ActiveServices.startServiceLocked(ActiveServices.java:616)
10-12 11:37:04.853 W/ActivityManager(626): 	at com.android.server.am.ActivityManagerService.startService(ActivityManagerService.java:20548)
10-12 11:37:04.853 W/ActivityManager(626): 	at android.app.IActivityManager$Stub.onTransact$startService$(IActivityManager.java:10242)
10-12 11:37:04.853 W/ActivityManager(626): 	at android.app.IActivityManager$Stub.onTransact(IActivityManager.java:430)
10-12 11:37:04.853 W/ActivityManager(626): 	at com.android.server.am.ActivityManagerService.onTransact(ActivityManagerService.java:3377)
10-12 11:37:04.853 W/ActivityManager(626): 	at android.os.Binder.execTransact(Binder.java:731)
10-12 11:37:04.863 E/JavaBinder(626): !!! FAILED BINDER TRANSACTION !!!  (parcel size = 1260)
10-12 11:37:04.864 W/ActivityManager(626): Failed delivering service starts
10-12 11:37:04.864 W/ActivityManager(626): android.os.DeadObjectException: Transaction failed on small parcel; remote process probably died
10-12 11:37:04.864 W/ActivityManager(626): 	at android.os.BinderProxy.transactNative(Native Method)
10-12 11:37:04.864 W/ActivityManager(626): 	at android.os.BinderProxy.transact(Binder.java:1129)
10-12 11:37:04.864 W/ActivityManager(626): 	at android.app.IApplicationThread$Stub$Proxy.scheduleServiceArgs(IApplicationThread.java:1038)
10-12 11:37:04.864 W/ActivityManager(626): 	at com.android.server.am.ActiveServices.sendServiceArgsLocked(ActiveServices.java:2662)
10-12 11:37:04.864 W/ActivityManager(626): 	at com.android.server.am.ActiveServices.bringUpServiceLocked(ActiveServices.java:2360)
10-12 11:37:04.864 W/ActivityManager(626): 	at com.android.server.am.ActiveServices.startServiceInnerLocked(ActiveServices.java:674)
10-12 11:37:04.864 W/ActivityManager(626): 	at com.android.server.am.ActiveServices.startServiceLocked(ActiveServices.java:616)
10-12 11:37:04.864 W/ActivityManager(626): 	at com.android.server.am.ActivityManagerService.startService(ActivityManagerService.java:20548)
10-12 11:37:04.864 W/ActivityManager(626): 	at android.app.IActivityManager$Stub.onTransact$startService$(IActivityManager.java:10242)
10-12 11:37:04.864 W/ActivityManager(626): 	at android.app.IActivityManager$Stub.onTransact(IActivityManager.java:430)
10-12 11:37:04.864 W/ActivityManager(626): 	at com.android.server.am.ActivityManagerService.onTransact(ActivityManagerService.java:3377)
10-12 11:37:04.864 W/ActivityManager(626): 	at android.os.Binder.execTransact(Binder.java:731)
10-12 11:37:04.868 E/JavaBinder(626): !!! FAILED BINDER TRANSACTION !!!  (parcel size = 1260)
10-12 11:37:04.869 W/ActivityManager(626): Failed delivering service starts
10-12 11:37:04.869 W/ActivityManager(626): android.os.DeadObjectException: Transaction failed on small parcel; remote process probably died
10-12 11:37:04.869 W/ActivityManager(626): 	at android.os.BinderProxy.transactNative(Native Method)
10-12 11:37:04.869 W/ActivityManager(626): 	at android.os.BinderProxy.transact(Binder.java:1129)
10-12 11:37:04.869 W/ActivityManager(626): 	at android.app.IApplicationThread$Stub$Proxy.scheduleServiceArgs(IApplicationThread.java:1038)
10-12 11:37:04.869 W/ActivityManager(626): 	at com.android.server.am.ActiveServices.sendServiceArgsLocked(ActiveServices.java:2662)
10-12 11:37:04.869 W/ActivityManager(626): 	at com.android.server.am.ActiveServices.bringUpServiceLocked(ActiveServices.java:2360)
10-12 11:37:04.869 W/ActivityManager(626): 	at com.android.server.am.ActiveServices.startServiceInnerLocked(ActiveServices.java:674)
10-12 11:37:04.869 W/ActivityManager(626): 	at com.android.server.am.ActiveServices.startServiceLocked(ActiveServices.java:616)
10-12 11:37:04.869 W/ActivityManager(626): 	at com.android.server.am.ActivityManagerService.startService(ActivityManagerService.java:20548)
10-12 11:37:04.869 W/ActivityManager(626): 	at android.app.IActivityManager$Stub.onTransact$startService$(IActivityManager.java:10242)
10-12 11:37:04.869 W/ActivityManager(626): 	at android.app.IActivityManager$Stub.onTransact(IActivityManager.java:430)
10-12 11:37:04.869 W/ActivityManager(626): 	at com.android.server.am.ActivityManagerService.onTransact(ActivityManagerService.java:3377)
10-12 11:37:04.869 W/ActivityManager(626): 	at android.os.Binder.execTransact(Binder.java:731)
10-12 11:37:04.874 W/oid.apps.photo(1914): Verification of void atjx.<init>(char[][][][][]) took 107.300ms
10-12 11:37:04.875 W/putmethod.lati(2406): Verification of java.util.Iterator ndj.a(ndm, java.lang.CharSequence) took 320.529ms
10-12 11:37:04.881 W/libprocessgroup(626): kill(-2165, 9) failed: No such process
10-12 11:37:04.884 E/JavaBinder(626): !!! FAILED BINDER TRANSACTION !!!  (parcel size = 1260)
10-12 11:37:04.884 W/ActivityManager(626): Failed delivering service starts
10-12 11:37:04.884 W/ActivityManager(626): android.os.DeadObjectException: Transaction failed on small parcel; remote process probably died
10-12 11:37:04.884 W/ActivityManager(626): 	at android.os.BinderProxy.transactNative(Native Method)
10-12 11:37:04.884 W/ActivityManager(626): 	at android.os.BinderProxy.transact(Binder.java:1129)
10-12 11:37:04.884 W/ActivityManager(626): 	at android.app.IApplicationThread$Stub$Proxy.scheduleServiceArgs(IApplicationThread.java:1038)
10-12 11:37:04.884 W/ActivityManager(626): 	at com.android.server.am.ActiveServices.sendServiceArgsLocked(ActiveServices.java:2662)
10-12 11:37:04.884 W/ActivityManager(626): 	at com.android.server.am.ActiveServices.bringUpServiceLocked(ActiveServices.java:2360)
10-12 11:37:04.884 W/ActivityManager(626): 	at com.android.server.am.ActiveServices.startServiceInnerLocked(ActiveServices.java:674)
10-12 11:37:04.884 W/ActivityManager(626): 	at com.android.server.am.ActiveServices.startServiceLocked(ActiveServices.java:616)
10-12 11:37:04.884 W/ActivityManager(626): 	at com.android.server.am.ActivityManagerService.startService(ActivityManagerService.java:20548)
10-12 11:37:04.884 W/ActivityManager(626): 	at android.app.IActivityManager$Stub.onTransact$startService$(IActivityManager.java:10242)
10-12 11:37:04.884 W/ActivityManager(626): 	at android.app.IActivityManager$Stub.onTransact(IActivityManager.java:430)
10-12 11:37:04.884 W/ActivityManager(626): 	at com.android.server.am.ActivityManagerService.onTransact(ActivityManagerService.java:3377)
10-12 11:37:04.884 W/ActivityManager(626): 	at android.os.Binder.execTransact(Binder.java:731)
10-12 11:37:04.885 I/DialerCallLogFramework(2541): com.android.dialer.calllog.CallLogFramework.registerContentObservers:71 registerContentObservers
10-12 11:37:04.890 W/putmethod.lati(2406): Verification of void eul.<init>() took 374.266ms
10-12 11:37:04.895 I/Dialer  (2541): CallLogConfigImpl.schedulePollingJob - scheduling
10-12 11:37:04.902 E/JavaBinder(626): !!! FAILED BINDER TRANSACTION !!!  (parcel size = 1260)
10-12 11:37:04.903 W/ActivityManager(626): Failed delivering service starts
10-12 11:37:04.903 W/ActivityManager(626): android.os.DeadObjectException: Transaction failed on small parcel; remote process probably died
10-12 11:37:04.903 W/ActivityManager(626): 	at android.os.BinderProxy.transactNative(Native Method)
10-12 11:37:04.903 W/ActivityManager(626): 	at android.os.BinderProxy.transact(Binder.java:1129)
10-12 11:37:04.903 W/ActivityManager(626): 	at android.app.IApplicationThread$Stub$Proxy.scheduleServiceArgs(IApplicationThread.java:1038)
10-12 11:37:04.903 W/ActivityManager(626): 	at com.android.server.am.ActiveServices.sendServiceArgsLocked(ActiveServices.java:2662)
10-12 11:37:04.903 W/ActivityManager(626): 	at com.android.server.am.ActiveServices.bringUpServiceLocked(ActiveServices.java:2360)
10-12 11:37:04.903 W/ActivityManager(626): 	at com.android.server.am.ActiveServices.startServiceInnerLocked(ActiveServices.java:674)
10-12 11:37:04.903 W/ActivityManager(626): 	at com.android.server.am.ActiveServices.startServiceLocked(ActiveServices.java:616)
10-12 11:37:04.903 W/ActivityManager(626): 	at com.android.server.am.ActivityManagerService.startService(ActivityManagerService.java:20548)
10-12 11:37:04.903 W/ActivityManager(626): 	at android.app.IActivityManager$Stub.onTransact$startService$(IActivityManager.java:10242)
10-12 11:37:04.903 W/ActivityManager(626): 	at android.app.IActivityManager$Stub.onTransact(IActivityManager.java:430)
10-12 11:37:04.903 W/ActivityManager(626): 	at com.android.server.am.ActivityManagerService.onTransact(ActivityManagerService.java:3377)
10-12 11:37:04.903 W/ActivityManager(626): 	at android.os.Binder.execTransact(Binder.java:731)
10-12 11:37:04.908 I/Dialer  (2541): SystemCallLogDataSource.registerContentObservers - enter
10-12 11:37:04.915 E/JavaBinder(626): !!! FAILED BINDER TRANSACTION !!!  (parcel size = 596)
10-12 11:37:04.916 W/ActivityManager(626): Failed delivering service starts
10-12 11:37:04.916 W/ActivityManager(626): android.os.DeadObjectException: Transaction failed on small parcel; remote process probably died
10-12 11:37:04.916 W/ActivityManager(626): 	at android.os.BinderProxy.transactNative(Native Method)
10-12 11:37:04.916 W/ActivityManager(626): 	at android.os.BinderProxy.transact(Binder.java:1129)
10-12 11:37:04.916 W/ActivityManager(626): 	at android.app.IApplicationThread$Stub$Proxy.scheduleServiceArgs(IApplicationThread.java:1038)
10-12 11:37:04.916 W/ActivityManager(626): 	at com.android.server.am.ActiveServices.sendServiceArgsLocked(ActiveServices.java:2662)
10-12 11:37:04.916 W/ActivityManager(626): 	at com.android.server.am.ActiveServices.bringUpServiceLocked(ActiveServices.java:2360)
10-12 11:37:04.916 W/ActivityManager(626): 	at com.android.server.am.ActiveServices.startServiceInnerLocked(ActiveServices.java:674)
10-12 11:37:04.916 W/ActivityManager(626): 	at com.android.server.am.ActiveServices.startServiceLocked(ActiveServices.java:616)
10-12 11:37:04.916 W/ActivityManager(626): 	at com.android.server.am.ActivityManagerService.startService(ActivityManagerService.java:20548)
10-12 11:37:04.916 W/ActivityManager(626): 	at android.app.IActivityManager$Stub.onTransact$startService$(IActivityManager.java:10242)
10-12 11:37:04.916 W/ActivityManager(626): 	at android.app.IActivityManager$Stub.onTransact(IActivityManager.java:430)
10-12 11:37:04.916 W/ActivityManager(626): 	at com.android.server.am.ActivityManagerService.onTransact(ActivityManagerService.java:3377)
10-12 11:37:04.916 W/ActivityManager(626): 	at android.os.Binder.execTransact(Binder.java:731)
10-12 11:37:04.923 W/libprocessgroup(626): kill(-2165, 9) failed: No such process
10-12 11:37:04.935 E/JavaBinder(626): !!! FAILED BINDER TRANSACTION !!!  (parcel size = 596)
10-12 11:37:04.936 W/ActivityManager(626): Failed delivering service starts
10-12 11:37:04.936 W/ActivityManager(626): android.os.DeadObjectException: Transaction failed on small parcel; remote process probably died
10-12 11:37:04.936 W/ActivityManager(626): 	at android.os.BinderProxy.transactNative(Native Method)
10-12 11:37:04.936 W/ActivityManager(626): 	at android.os.BinderProxy.transact(Binder.java:1129)
10-12 11:37:04.936 W/ActivityManager(626): 	at android.app.IApplicationThread$Stub$Proxy.scheduleServiceArgs(IApplicationThread.java:1038)
10-12 11:37:04.936 W/ActivityManager(626): 	at com.android.server.am.ActiveServices.sendServiceArgsLocked(ActiveServices.java:2662)
10-12 11:37:04.936 W/ActivityManager(626): 	at com.android.server.am.ActiveServices.bringUpServiceLocked(ActiveServices.java:2360)
10-12 11:37:04.936 W/ActivityManager(626): 	at com.android.server.am.ActiveServices.startServiceInnerLocked(ActiveServices.java:674)
10-12 11:37:04.936 W/ActivityManager(626): 	at com.android.server.am.ActiveServices.startServiceLocked(ActiveServices.java:616)
10-12 11:37:04.936 W/ActivityManager(626): 	at com.android.server.am.ActivityManagerService.startService(ActivityManagerService.java:20548)
10-12 11:37:04.936 W/ActivityManager(626): 	at android.app.IActivityManager$Stub.onTransact$startService$(IActivityManager.java:10242)
10-12 11:37:04.936 W/ActivityManager(626): 	at android.app.IActivityManager$Stub.onTransact(IActivityManager.java:430)
10-12 11:37:04.936 W/ActivityManager(626): 	at com.android.server.am.ActivityManagerService.onTransact(ActivityManagerService.java:3377)
10-12 11:37:04.936 W/ActivityManager(626): 	at android.os.Binder.execTransact(Binder.java:731)
10-12 11:37:04.945 I/DialerRefreshAnnotatedCallLogNotifier(2541): com.android.dialer.calllog.refresh.RefreshAnnotatedCallLogNotifier.notify:77 notify, checkDirty=true
10-12 11:37:04.947 E/JavaBinder(626): !!! FAILED BINDER TRANSACTION !!!  (parcel size = 576)
10-12 11:37:04.948 W/ActivityManager(626): Failed delivering service starts
10-12 11:37:04.948 W/ActivityManager(626): android.os.DeadObjectException: Transaction failed on small parcel; remote process probably died
10-12 11:37:04.948 W/ActivityManager(626): 	at android.os.BinderProxy.transactNative(Native Method)
10-12 11:37:04.948 W/ActivityManager(626): 	at android.os.BinderProxy.transact(Binder.java:1129)
10-12 11:37:04.948 W/ActivityManager(626): 	at android.app.IApplicationThread$Stub$Proxy.scheduleServiceArgs(IApplicationThread.java:1038)
10-12 11:37:04.948 W/ActivityManager(626): 	at com.android.server.am.ActiveServices.sendServiceArgsLocked(ActiveServices.java:2662)
10-12 11:37:04.948 W/ActivityManager(626): 	at com.android.server.am.ActiveServices.bringUpServiceLocked(ActiveServices.java:2360)
10-12 11:37:04.948 W/ActivityManager(626): 	at com.android.server.am.ActiveServices.startServiceInnerLocked(ActiveServices.java:674)
10-12 11:37:04.948 W/ActivityManager(626): 	at com.android.server.am.ActiveServices.startServiceLocked(ActiveServices.java:616)
10-12 11:37:04.948 W/ActivityManager(626): 	at com.android.server.am.ActivityManagerService.startService(ActivityManagerService.java:20548)
10-12 11:37:04.948 W/ActivityManager(626): 	at android.app.IActivityManager$Stub.onTransact$startService$(IActivityManager.java:10242)
10-12 11:37:04.948 W/ActivityManager(626): 	at android.app.IActivityManager$Stub.onTransact(IActivityManager.java:430)
10-12 11:37:04.948 W/ActivityManager(626): 	at com.android.server.am.ActivityManagerService.onTransact(ActivityManagerService.java:3377)
10-12 11:37:04.948 W/ActivityManager(626): 	at android.os.Binder.execTransact(Binder.java:731)
10-12 11:37:04.957 E/JavaBinder(626): !!! FAILED BINDER TRANSACTION !!!  (parcel size = 596)
10-12 11:37:04.960 W/ActivityManager(626): Failed delivering service starts
10-12 11:37:04.960 W/ActivityManager(626): android.os.DeadObjectException: Transaction failed on small parcel; remote process probably died
10-12 11:37:04.960 W/ActivityManager(626): 	at android.os.BinderProxy.transactNative(Native Method)
10-12 11:37:04.960 W/ActivityManager(626): 	at android.os.BinderProxy.transact(Binder.java:1129)
10-12 11:37:04.960 W/ActivityManager(626): 	at android.app.IApplicationThread$Stub$Proxy.scheduleServiceArgs(IApplicationThread.java:1038)
10-12 11:37:04.960 W/ActivityManager(626): 	at com.android.server.am.ActiveServices.sendServiceArgsLocked(ActiveServices.java:2662)
10-12 11:37:04.960 W/ActivityManager(626): 	at com.android.server.am.ActiveServices.bringUpServiceLocked(ActiveServices.java:2360)
10-12 11:37:04.960 W/ActivityManager(626): 	at com.android.server.am.ActiveServices.startServiceInnerLocked(ActiveServices.java:674)
10-12 11:37:04.960 W/ActivityManager(626): 	at com.android.server.am.ActiveServices.startServiceLocked(ActiveServices.java:616)
10-12 11:37:04.960 W/ActivityManager(626): 	at com.android.server.am.ActivityManagerService.startService(ActivityManagerService.java:20548)
10-12 11:37:04.960 W/ActivityManager(626): 	at android.app.IActivityManager$Stub.onTransact$startService$(IActivityManager.java:10242)
10-12 11:37:04.960 W/ActivityManager(626): 	at android.app.IActivityManager$Stub.onTransact(IActivityManager.java:430)
10-12 11:37:04.960 W/ActivityManager(626): 	at com.android.server.am.ActivityManagerService.onTransact(ActivityManagerService.java:3377)
10-12 11:37:04.960 W/ActivityManager(626): 	at android.os.Binder.execTransact(Binder.java:731)
10-12 11:37:04.967 W/libprocessgroup(626): kill(-2165, 9) failed: No such process
10-12 11:37:04.974 E/JavaBinder(626): !!! FAILED BINDER TRANSACTION !!!  (parcel size = 596)
10-12 11:37:04.976 W/ActivityManager(626): Failed delivering service starts
10-12 11:37:04.976 W/ActivityManager(626): android.os.DeadObjectException: Transaction failed on small parcel; remote process probably died
10-12 11:37:04.976 W/ActivityManager(626): 	at android.os.BinderProxy.transactNative(Native Method)
10-12 11:37:04.976 W/ActivityManager(626): 	at android.os.BinderProxy.transact(Binder.java:1129)
10-12 11:37:04.976 W/ActivityManager(626): 	at android.app.IApplicationThread$Stub$Proxy.scheduleServiceArgs(IApplicationThread.java:1038)
10-12 11:37:04.976 W/ActivityManager(626): 	at com.android.server.am.ActiveServices.sendServiceArgsLocked(ActiveServices.java:2662)
10-12 11:37:04.976 W/ActivityManager(626): 	at com.android.server.am.ActiveServices.bringUpServiceLocked(ActiveServices.java:2360)
10-12 11:37:04.976 W/ActivityManager(626): 	at com.android.server.am.ActiveServices.startServiceInnerLocked(ActiveServices.java:674)
10-12 11:37:04.976 W/ActivityManager(626): 	at com.android.server.am.ActiveServices.startServiceLocked(ActiveServices.java:616)
10-12 11:37:04.976 W/ActivityManager(626): 	at com.android.server.am.ActivityManagerService.startService(ActivityManagerService.java:20548)
10-12 11:37:04.976 W/ActivityManager(626): 	at android.app.IActivityManager$Stub.onTransact$startService$(IActivityManager.java:10242)
10-12 11:37:04.976 W/ActivityManager(626): 	at android.app.IActivityManager$Stub.onTransact(IActivityManager.java:430)
10-12 11:37:04.976 W/ActivityManager(626): 	at com.android.server.am.ActivityManagerService.onTransact(ActivityManagerService.java:3377)
10-12 11:37:04.976 W/ActivityManager(626): 	at android.os.Binder.execTransact(Binder.java:731)
10-12 11:37:04.983 E/JavaBinder(626): !!! FAILED BINDER TRANSACTION !!!  (parcel size = 596)
10-12 11:37:04.984 W/ActivityManager(626): Failed delivering service starts
10-12 11:37:04.984 W/ActivityManager(626): android.os.DeadObjectException: Transaction failed on small parcel; remote process probably died
10-12 11:37:04.984 W/ActivityManager(626): 	at android.os.BinderProxy.transactNative(Native Method)
10-12 11:37:04.984 W/ActivityManager(626): 	at android.os.BinderProxy.transact(Binder.java:1129)
10-12 11:37:04.984 W/ActivityManager(626): 	at android.app.IApplicationThread$Stub$Proxy.scheduleServiceArgs(IApplicationThread.java:1038)
10-12 11:37:04.984 W/ActivityManager(626): 	at com.android.server.am.ActiveServices.sendServiceArgsLocked(ActiveServices.java:2662)
10-12 11:37:04.984 W/ActivityManager(626): 	at com.android.server.am.ActiveServices.bringUpServiceLocked(ActiveServices.java:2360)
10-12 11:37:04.984 W/ActivityManager(626): 	at com.android.server.am.ActiveServices.startServiceInnerLocked(ActiveServices.java:674)
10-12 11:37:04.984 W/ActivityManager(626): 	at com.android.server.am.ActiveServices.startServiceLocked(ActiveServices.java:616)
10-12 11:37:04.984 W/ActivityManager(626): 	at com.android.server.am.ActivityManagerService.startService(ActivityManagerService.java:20548)
10-12 11:37:04.984 W/ActivityManager(626): 	at android.app.IActivityManager$Stub.onTransact$startService$(IActivityManager.java:10242)
10-12 11:37:04.984 W/ActivityManager(626): 	at android.app.IActivityManager$Stub.onTransact(IActivityManager.java:430)
10-12 11:37:04.984 W/ActivityManager(626): 	at com.android.server.am.ActivityManagerService.onTransact(ActivityManagerService.java:3377)
10-12 11:37:04.984 W/ActivityManager(626): 	at android.os.Binder.execTransact(Binder.java:731)
10-12 11:37:04.991 W/ActivityManager(626): Scheduling restart of crashed service com.google.android.gms/.auth.api.proxy.AuthService in 1000ms
10-12 11:37:04.992 W/ActivityManager(626): Canceling start item Intent { act=android.intent.action.DROPBOX_ENTRY_ADDED flg=0x10 cmp=com.google.android.gms/.chimera.GmsIntentOperationService (has extras) } in service ComponentInfo{com.google.android.gms/com.google.android.gms.chimera.GmsIntentOperationService}
10-12 11:37:04.992 W/ActivityManager(626): Canceling start item Intent { act=com.google.android.gms.common.broadcast.DELIVER_BROADCAST cat=[targeted_intent_op_prefix:.common.broadcast.BackgroundBroadcastReceiverSupport$GmsReceiverIntentOperation] cmp=com.google.android.gms/.chimera.GmsIntentOperationService (has extras) } in service ComponentInfo{com.google.android.gms/com.google.android.gms.chimera.GmsIntentOperationService}
10-12 11:37:04.993 V/chatty  (626): uid=1000(system) Binder:626_3 identical 4 lines
10-12 11:37:04.993 W/ActivityManager(626): Canceling start item Intent { act=com.google.android.gms.common.broadcast.DELIVER_BROADCAST cat=[targeted_intent_op_prefix:.common.broadcast.BackgroundBroadcastReceiverSupport$GmsReceiverIntentOperation] cmp=com.google.android.gms/.chimera.GmsIntentOperationService (has extras) } in service ComponentInfo{com.google.android.gms/com.google.android.gms.chimera.GmsIntentOperationService}
10-12 11:37:04.993 W/ActivityManager(626): Canceling start item Intent { act=android.intent.action.DROPBOX_ENTRY_ADDED flg=0x10 cmp=com.google.android.gms/.chimera.GmsIntentOperationService (has extras) } in service ComponentInfo{com.google.android.gms/com.google.android.gms.chimera.GmsIntentOperationService}
10-12 11:37:04.993 W/ActivityManager(626): Canceling start item Intent { act=com.google.android.gms.common.broadcast.DELIVER_BROADCAST cat=[targeted_intent_op_prefix:.common.broadcast.BackgroundBroadcastReceiverSupport$GmsReceiverIntentOperation] cmp=com.google.android.gms/.chimera.GmsIntentOperationService (has extras) } in service ComponentInfo{com.google.android.gms/com.google.android.gms.chimera.GmsIntentOperationService}
10-12 11:37:04.994 V/chatty  (626): uid=1000(system) Binder:626_3 identical 3 lines
10-12 11:37:04.994 W/ActivityManager(626): Canceling start item Intent { act=com.google.android.gms.common.broadcast.DELIVER_BROADCAST cat=[targeted_intent_op_prefix:.common.broadcast.BackgroundBroadcastReceiverSupport$GmsReceiverIntentOperation] cmp=com.google.android.gms/.chimera.GmsIntentOperationService (has extras) } in service ComponentInfo{com.google.android.gms/com.google.android.gms.chimera.GmsIntentOperationService}
10-12 11:37:04.994 W/ActivityManager(626): Canceling start item Intent { act=android.intent.action.DROPBOX_ENTRY_ADDED flg=0x10 cmp=com.google.android.gms/.chimera.GmsIntentOperationService (has extras) } in service ComponentInfo{com.google.android.gms/com.google.android.gms.chimera.GmsIntentOperationService}
10-12 11:37:04.994 W/ActivityManager(626): Canceling start item Intent { act=android.intent.action.DROPBOX_ENTRY_ADDED flg=0x10 cmp=com.google.android.gms/.chimera.GmsIntentOperationService (has extras) } in service ComponentInfo{com.google.android.gms/com.google.android.gms.chimera.GmsIntentOperationService}
10-12 11:37:04.994 W/ActivityManager(626): Canceling start item Intent { act=android.intent.action.LOCKED_BOOT_COMPLETED flg=0x9000010 cmp=com.google.android.gms/.chimera.GmsIntentOperationService (has extras) } in service ComponentInfo{com.google.android.gms/com.google.android.gms.chimera.GmsIntentOperationService}
10-12 11:37:04.994 W/ActivityManager(626): Canceling start item Intent { act=com.google.android.gms.common.broadcast.DELIVER_BROADCAST cat=[targeted_intent_op_prefix:.common.broadcast.BackgroundBroadcastReceiverSupport$GmsReceiverIntentOperation] cmp=com.google.android.gms/.chimera.GmsIntentOperationService (has extras) } in service ComponentInfo{com.google.android.gms/com.google.android.gms.chimera.GmsIntentOperationService}
10-12 11:37:04.994 W/ActivityManager(626): Canceling start item Intent { act=com.google.android.gms.common.broadcast.DELIVER_BROADCAST cat=[targeted_intent_op_prefix:.common.broadcast.BackgroundBroadcastReceiverSupport$GmsReceiverIntentOperation] cmp=com.google.android.gms/.chimera.GmsIntentOperationService (has extras) } in service ComponentInfo{com.google.android.gms/com.google.android.gms.chimera.GmsIntentOperationService}
10-12 11:37:04.994 W/ActivityManager(626): Canceling start item Intent { act=android.intent.action.SIM_STATE_CHANGED flg=0x5000010 cmp=com.google.android.gms/.chimera.GmsIntentOperationService (has extras) } in service ComponentInfo{com.google.android.gms/com.google.android.gms.chimera.GmsIntentOperationService}
10-12 11:37:04.994 W/ActivityManager(626): Scheduling restart of crashed service com.google.android.gms/.chimera.GmsIntentOperationService in 49060ms
10-12 11:37:04.995 W/ActivityManager(626): Scheduling restart of crashed service com.google.android.gms/.backup.component.D2dTransportService in 10997ms
10-12 11:37:04.995 W/ActivityManager(626): Scheduling restart of crashed service com.google.android.gms/.analytics.service.AnalyticsService in 20997ms
10-12 11:37:04.995 W/ActivityManager(626): Scheduling restart of crashed service com.google.android.gms/.chimera.GmsBoundBrokerService in 30997ms
10-12 11:37:04.995 W/ActivityManager(626): Scheduling restart of crashed service com.google.android.gms/.measurement.service.MeasurementBrokerService in 59060ms
10-12 11:37:05.011 W/libprocessgroup(626): kill(-2165, 9) failed: No such process
10-12 11:37:05.012 I/Dialer  (2541): NonUiTaskBuilder.newThread - creating serial thread
10-12 11:37:05.024 I/ActivityManager(626): Start proc 2731:com.google.android.gms/u0a6 for service com.google.android.gms/.chimera.GmsIntentOperationService
10-12 11:37:05.031 I/Zygote  (2731): seccomp disabled by setenforce 0
10-12 11:37:05.040 W/oid.apps.photo(1914): Verification of void anxs.<init>() took 675.112ms
10-12 11:37:05.058 W/libprocessgroup(626): kill(-2165, 9) failed: No such process
10-12 11:37:05.103 W/libprocessgroup(626): kill(-2165, 9) failed: No such process
10-12 11:37:05.103 I/libprocessgroup(626): Successfully killed process cgroup uid 10006 pid 2165 in 356ms
10-12 11:37:05.107 W/putmethod.lati(2406): Verification of boolean bqv.a(jyf, java.lang.Object[]) took 780.228ms
10-12 11:37:05.113 I/ShortcutsDataManager(2406): importRecords() : Success : Count = 0
10-12 11:37:05.117 W/putmethod.lati(2406): Verification of euw eul.H() took 227.244ms
10-12 11:37:05.118 I/Zygote  (307): Process 2165 exited due to signal (9)
10-12 11:37:05.152 W/ActivityManager(626): Slow operation: 53ms so far, now at attachApplicationLocked: after mServices.attachApplicationLocked
10-12 11:37:05.157 W/ActivityManager(626): Scheduling restart of crashed service com.google.android.gms/.auth.api.proxy.AuthService in 40835ms
10-12 11:37:05.157 W/ActivityManager(626): Scheduling restart of crashed service com.google.android.gms/.backup.component.D2dTransportService in 1000ms
10-12 11:37:05.158 W/ActivityManager(626): Scheduling restart of crashed service com.google.android.gms/.analytics.service.AnalyticsService in 11000ms
10-12 11:37:05.158 W/ActivityManager(626): Scheduling restart of crashed service com.google.android.gms/.chimera.GmsBoundBrokerService in 21000ms
10-12 11:37:05.159 W/ActivityManager(626): Scheduling restart of crashed service com.google.android.gms/.measurement.service.MeasurementBrokerService in 50833ms
10-12 11:37:05.192 V/chatty  (2731): uid=10006(com.google.android.gms) expire 3 lines
10-12 11:37:05.253 I/Dialer  (2541): DialerExecutorModule.newThread - creating low priority thread
10-12 11:37:05.260 I/Dialer  (2541): ShortcutsJobScheduler.scheduleAllJobs - enter
10-12 11:37:05.266 W/oid.apps.photo(1914): Verification of void atjx.<init>(int[][][][][]) took 244.572ms
10-12 11:37:05.281 I/Dialer  (2541): ShortcutsJobScheduler.scheduleAllJobs - enabling shortcuts
10-12 11:37:05.289 I/DialerPeriodicJobService(2541): com.android.dialer.shortcuts.PeriodicJobService.schedulePeriodicJob:65 schedulePeriodicJob
10-12 11:37:05.292 I/DialerPeriodicJobService(2541): com.android.dialer.shortcuts.PeriodicJobService.schedulePeriodicJob:70 job already scheduled.
10-12 11:37:05.356 I/ShortcutsDataManager(2406): importContentData() : Ending import process
10-12 11:37:05.402 I/d.process.medi(1692): Background concurrent copying GC freed 22825(1307KB) AllocSpace objects, 0(0B) LOS objects, 49% free, 1563KB/3MB, paused 69.198ms total 309.133ms
10-12 11:37:05.435 I/Dialer  (2541): DialerBootReceiver.onReceive - enter
10-12 11:37:05.436 I/Dialer  (2541): DialerExecutorModule.newThread - creating low priority thread
